
> swecircuit@0.0.0 verify
> npm run format:check && npm run lint && npm run typecheck && npm test && npm run example:specialist && npm run dogfood:v10 && npm run dogfood:v11 && npm run dogfood:v12 && npm run pack:check && npm run consumer:check


> swecircuit@0.0.0 format:check
> biome format src test schemas examples/specialist-compiler scripts/run-v9-dogfood.mjs scripts/run-v10-dogfood.mjs scripts/run-v11-dogfood.mjs scripts/run-v12-dogfood.mjs scripts/run-v12-release-gate.mjs scripts/run-v12-release-review.mjs scripts/run-typescript.mjs docs/specs/v12-ide-run-loop/evidence/release-review-r2/run-release-review.mjs docs/specs/v12-ide-run-loop/evidence/release-review-r2/verify-release-review-handoffs.mjs scripts/check-packed-consumer.mjs scripts/fixtures/packed-consumer-host.ts package.json tsconfig.json biome.json

Checked 104 files in 169ms. No fixes applied.

> swecircuit@0.0.0 lint
> biome lint src test examples/specialist-compiler scripts/run-v9-dogfood.mjs scripts/run-v10-dogfood.mjs scripts/run-v11-dogfood.mjs scripts/run-v12-dogfood.mjs scripts/run-v12-release-gate.mjs scripts/run-v12-release-review.mjs scripts/run-typescript.mjs docs/specs/v12-ide-run-loop/evidence/release-review-r2/run-release-review.mjs docs/specs/v12-ide-run-loop/evidence/release-review-r2/verify-release-review-handoffs.mjs scripts/check-packed-consumer.mjs scripts/fixtures/packed-consumer-host.ts

The number of diagnostics exceeds the limit allowed. Use --max-diagnostics to increase it.
Diagnostics not shown: 51.
Checked 90 files in 103ms. No fixes applied.
Found 71 infos.

> swecircuit@0.0.0 typecheck
> node scripts/run-typescript.mjs -p tsconfig.json --noEmit

SWECIRCUIT_TYPESCRIPT_BINDING {"path":"C:\\Users\\garre\\OneDrive\\Documents\\Portable Best Practices\\node_modules\\typescript\\bin\\tsc","bytes":44,"digest":"sha256:2219f428a7e55aaf1f7ad85b9b0f0cf5078aeb76ccc9a7c6036c92d48f492ffd","nlink":1,"supplied":true,"version":"Version 7.0.2"}

> swecircuit@0.0.0 test
> npm run build --silent && npm run test:core && npm run test:lifecycle

SWECIRCUIT_TYPESCRIPT_BINDING {"path":"C:\\Users\\garre\\OneDrive\\Documents\\Portable Best Practices\\node_modules\\typescript\\bin\\tsc","bytes":44,"digest":"sha256:2219f428a7e55aaf1f7ad85b9b0f0cf5078aeb76ccc9a7c6036c92d48f492ffd","nlink":1,"supplied":true,"version":"Version 7.0.2"}

> swecircuit@0.0.0 test:core
> node --test test/*.test.mjs

✔ the internal CLI exposes one fixed help surface (527.7966ms)
✔ init, validate, and inspect human output comes from library summaries (2556.6088ms)
✔ JSON mode writes exactly one operation result to stdout for success and failure (1021.2375ms)
✔ human failures use stderr and never print a success summary (363.6342ms)
✔ human warning results keep success on stdout and warnings on stderr (572.7127ms)
▶ invalid commands and option shapes deterministically emit cli.usage
  ✔ missing command (307.6061ms)
  ✔ unknown command (373.7046ms)
  ✔ unknown option (357.8645ms)
  ✔ duplicate option (294.8174ms)
  ✔ extra positional (287.1636ms)
  ✔ inspect missing trace (298.631ms)
  ✔ trace on validate (280.2858ms)
  ✔ project id on validate (258.6895ms)
  ✔ command help (308.8486ms)
✔ invalid commands and option shapes deterministically emit cli.usage (3090.6571ms)
✔ unexpected operation throws become one sanitized internal failure (2.313ms)
✔ the CLI remains a renderer-only internal surface (0.7749ms)
✔ the V9 dogfood circuit is measured, bounded, and semantically repeatable (9986.0069ms)
✔ the V9 dogfood harness removes its owned workspace after an injected failure (2106.2888ms)
✔ the V9 dogfood harness cleans up when setup fails after ownership capture (5.6107ms)
✔ the committed observation digest and caller-owned retry trace stay linked (423.4355ms)
✔ one valid packet executes once and returns an immutable V9-compatible journal (393.4965ms)
✔ normal class executors can implement the public port (6.8662ms)
✔ operation success stays separate from declared work failure (3.6004ms)
▶ every preflight rejection prevents executor invocation
  ✔ null packet (6.0966ms)
  ✔ null manifest (1.7179ms)
  ✔ wrong packet kind (5.3177ms)
  ✔ incompatible manifest kind (1.7404ms)
  ✔ manifest declares kernel-owned output (2.4695ms)
  ✔ executor identity mismatch (1.3637ms)
  ✔ malformed grant (1.5945ms)
  ✔ invalid timeout policy (1.092ms)
✔ every preflight rejection prevents executor invocation (26.8719ms)
▶ permission grants fail closed in every direction
  ✔ grant misses a manifest request (5.0962ms)
  ✔ grant adds unrequested authority (1.3819ms)
  ✔ grant exceeds packet ceiling (1.5192ms)
  ✔ broad request is not covered by narrow grant (1.4603ms)
  ✔ broad grant is not covered by narrow request (1.6785ms)
✔ permission grants fail closed in every direction (13.1236ms)
▶ throws and malformed settlements become fixed failures without raw values
  ✔ throw (4.4082ms)
  ✔ malformed extra field (9.6483ms)
  ✔ secret evidence (2.5351ms)
✔ throws and malformed settlements become fixed failures without raw values (17.7311ms)
✔ fulfillment observation detaches settlement before later mutation (2.9054ms)
▶ return-bound input canaries fail preflight without leaking
  ✔ run ID (1.1104ms)
  ✔ attempt ID (1.3281ms)
  ✔ correlation ID (1.371ms)
  ✔ packet ID (0.9989ms)
  ✔ grant ID (1.1979ms)
  ✔ issuer (2.4394ms)
  ✔ executor ID (1.8504ms)
✔ return-bound input canaries fail preflight without leaking (12.0657ms)
▶ already-aborted and already-expired work never invokes the executor
  ✔ caller abort (2.6768ms)
  ✔ packet deadline (4.2606ms)
✔ already-aborted and already-expired work never invokes the executor (7.526ms)
▶ acknowledged caller cancellation and timeout produce exact terminal journals
  ✔ caller cancellation (3.117ms)
  ✔ deadline (3.5445ms)
✔ acknowledged caller cancellation and timeout produce exact terminal journals (7.2191ms)
✔ an unacknowledged abort remains non-terminal and late rejection is observed (2.5233ms)
✔ completion observed at or after the absolute deadline cannot become success (3.6347ms)
✔ an early deadline wake-up re-arms instead of cancelling work (2.3914ms)
✔ settlement outside the abort acknowledgement window stays unconfirmed (2.0854ms)
▶ hostile proxies and forged signals fail closed without escaping the API
  ✔ revoked work packet (1.1965ms)
  ✔ revoked options (0.5076ms)
  ✔ live proxy traps are not invoked (0.9624ms)
  ✔ revoked AbortSignal proxy (0.9621ms)
  ✔ forged AbortSignal (0.9857ms)
  ✔ revoked settlement (1.897ms)
✔ hostile proxies and forged signals fail closed without escaping the API (7.6465ms)
▶ snapshot depth and node ceilings reject work before executor invocation
  ✔ huge sparse array (1.8242ms)
  ✔ small sparse array (1.8318ms)
  ✔ dense oversized object (250.336ms)
  ✔ excessive depth (2.784ms)
✔ snapshot depth and node ceilings reject work before executor invocation (258.3504ms)
▶ the final invocation gate catches cancellation and deadline changes
  ✔ caller abort while the deadline timer is armed (11.5732ms)
  ✔ deadline reached after the final gate read (2.6862ms)
  ✔ deadline reached while the deadline timer is armed (2.5276ms)
✔ the final invocation gate catches cancellation and deadline changes (17.5488ms)
▶ abort cause uses the first observed monotonic event
  ✔ caller observed before deadline remains caller (4.9917ms)
  ✔ caller first observed after deadline is deadline (3.0493ms)
✔ abort cause uses the first observed monotonic event (8.7222ms)
▶ direct inputs are detached, bounded, and accessor-free
  ✔ cycle (1.347ms)
  ✔ accessor (1.8698ms)
  ✔ source mutation cannot change executor input (3.3501ms)
✔ direct inputs are detached, bounded, and accessor-free (7.2913ms)
✔ initialization creates the smallest valid project with frozen bytes (339.6206ms)
✔ an explicit project ID wins and initialization never discovers an ancestor (43.5238ms)
✔ default project ID transformation is exact across edge cases (165.2001ms)
✔ invalid explicit IDs fail before creating owned paths (3.4641ms)
✔ repeated initialization reports every owned collision without changing output (54.9238ms)
✔ manifest collisions preserve exact bytes and do not create a catalog (4.883ms)
✔ catalog collisions preserve existing content and do not create a manifest (5.8458ms)
✔ a linked catalog is a collision and its target is never changed (5.8725ms)
✔ invalid and missing target roots fail without creating paths (2.7453ms)
▶ every initialization checkpoint fails closed and rolls back owned entries
  ✔ beforeCatalogCreate (19.2787ms)
  ✔ afterCatalogCreate (16.4268ms)
  ✔ beforeModulesCreate (8.8982ms)
  ✔ afterModulesCreate (8.3ms)
  ✔ beforeCircuitsCreate (22.4889ms)
  ✔ afterCircuitsCreate (13.1377ms)
  ✔ beforeManifestOpen (14.9161ms)
  ✔ afterManifestOpen (19.1665ms)
  ✔ afterManifestWrite (16.1036ms)
  ✔ afterManifestFsync (28.4749ms)
  ✔ beforeValidation (27.1403ms)
  ✔ afterValidation (23.7106ms)
  ✔ beforeManifestClose (23.9165ms)
✔ every initialization checkpoint fails closed and rolls back owned entries (255.0434ms)
▶ successful creations that fail before identity capture are preserved and reported
  ✔ afterCatalogCreateBeforeCapture (4.2108ms)
  ✔ afterModulesCreateBeforeCapture (6.2897ms)
  ✔ afterCircuitsCreateBeforeCapture (9.3645ms)
  ✔ afterManifestOpenBeforeCapture (12.9304ms)
✔ successful creations that fail before identity capture are preserved and reported (33.6632ms)
✔ non-empty rollback targets survive with an explicit cleanup diagnostic (14.9029ms)
✔ identity-changed rollback targets and displaced entries are preserved (14.1315ms)
✔ two coordinated processes produce exactly one initialized project (1043.0577ms)
✔ initialization and generated-project validation stay offline and process-free (49.3391ms)
✔ initializer source has no network, process, or adapter execution surface (0.6565ms)
✔ runtime diagnostic definitions exactly match the normative catalog (3.6932ms)
✔ strict JSON parsing rejects invalid UTF-8, syntax extensions, duplicate keys, and unsafe numbers (5.2597ms)
✔ strict JSON parsing enforces artifact byte and depth ceilings before validation (118.807ms)
✔ dispatch fails closed with stable version and kind diagnostics (3.1591ms)
✔ schema failures normalize permission, privacy, and stop-condition policy (326.4929ms)
✔ diagnostics are sanitized, deduplicated, and sorted deterministically (1.6406ms)
✔ an explicit minimal project validates without discovery or optional adapters (325.2698ms)
✔ a complete parallel project validates module routing, ownership, joins, and ceilings (65.4641ms)
▶ project loading rejects lexical escapes and every portable forbidden path form
  ✔ parent (7.2366ms)
  ✔ posix absolute (4.9481ms)
  ✔ windows absolute (5.6984ms)
  ✔ unc (4.5439ms)
  ✔ device (4.011ms)
  ✔ alternate stream (5.7956ms)
  ✔ URI (7.2938ms)
  ✔ backslash (5.5121ms)
  ✔ lone high surrogate (12.2288ms)
  ✔ lone low surrogate (5.1812ms)
✔ project loading rejects lexical escapes and every portable forbidden path form (65.0499ms)
✔ project loading distinguishes missing references, non-files, and safe I/O failures (15.0977ms)
✔ contained missing-file diagnostics suppress secret-bearing artifact names (5.0683ms)
▶ explicit project roots reject remote, device, stream, and control forms before I/O
  ✔ file URI (0.3231ms)
  ✔ network URI (0.1884ms)
  ✔ slash UNC (0.1762ms)
  ✔ backslash UNC (0.1239ms)
  ✔ device path (0.147ms)
  ✔ alternate stream (0.1235ms)
  ✔ control character (0.1155ms)
  ✔ lone high surrogate (0.1228ms)
  ✔ lone low surrogate (0.1052ms)
✔ explicit project roots reject remote, device, stream, and control forms before I/O (2.6627ms)
✔ project loading rejects links below the trust root (10.0813ms)
✔ project loading rejects external links without dereferencing their target (12.6678ms)
✔ project validation accepts a root reached through an aliased ancestor (9.7461ms)
✔ canonical containment distinguishes internal aliases from resolved escape (1.2478ms)
✔ project references fail closed for wrong kinds and duplicate identities (132.4034ms)
✔ reference and graph diagnostics identify undeclared outcomes, ports, and fan-in (251.597ms)
✔ every project and graph reference class emits reference.not-found (229.6313ms)
✔ cycles, fan-out ownership, and permission ceilings are enforced semantically (214.8917ms)
✔ multi-node cycles require a bound on every cyclic route (74.9568ms)
✔ fan-out declarations and entry reachability stay structurally consistent (73.0005ms)
✔ permission grammar covers every kind and filesystem prefix boundaries (344.43ms)
✔ project and circuit collection ceilings emit dedicated limit diagnostics (1637.2573ms)
✔ the documented source-checkout example is repeatable and read-only (3282.5063ms)
✔ the documented initialization grammar works in a temporary project (2490.7742ms)
✔ the quick start remains a private source-checkout interface (1.2425ms)
✔ all v1alpha1 schemas compile together in strict Ajv 2020 mode (303.7954ms)
✔ one canonical fixture for every supported kind passes its schema (406.3971ms)
✔ schema and fixture paths are repository-owned local files (0.4705ms)
✔ the diagnostic catalog and adversarial matrix are closed and internally consistent (9.9751ms)
✔ every concrete object boundary in all six valid fixtures rejects unknown fields (369.955ms)
✔ the parallel circuit fixture declares fan-out, bounded work ownership, and one fan-in policy (200.7622ms)
✔ schema boundaries reject permission, privacy, compatibility, and terminal-state ambiguity (166.7364ms)
✔ minimal projects and timestamp-free events remain valid (109.7219ms)
✔ package schemas use only local package-owned references and strict known keywords (45.0625ms)
✔ strict parser fixtures expose syntax and duplicate-key failures (14.8841ms)
✔ golden specialist selection: one-agent-optimal (211.3566ms)
✔ golden specialist selection: genuinely-parallel (8.3416ms)
✔ golden specialist selection: under-split (6.659ms)
✔ golden specialist selection: over-split (8.6663ms)
✔ golden specialist selection: conflict-heavy (5.7556ms)
✔ golden specialist selection: generic-role (5.9002ms)
✔ candidate analysis exposes deterministic rejection evidence when no team is eligible (17.1061ms)
✔ candidate analysis and compilation select the same exact team (8.0146ms)
✔ generated team and agent identifiers retain the full SHA-256 suffix (7.8674ms)
✔ selected blueprints close exact ownership, authority, context, evidence, handoff, and digests (37.5468ms)
✔ exact search evaluates every allowed canonical partition through the declared limit (2970.0446ms)
✔ fixed scheduler prioritizes the longer remaining critical path (7.7297ms)
✔ fixed scheduler breaks equal critical paths by longer duration (9.8914ms)
✔ fixed scheduler breaks remaining ties by agent ID (5.0757ms)
✔ fixed scheduler enforces maximum concurrency (6.8349ms)
✔ fixed scheduler serializes declared conflict zones (4.7091ms)
✔ fixed scheduler releases dependencies after the handoff cost (4.7494ms)
✔ above-limit goals use deterministic bounded structural candidates without an optimum claim (27.2203ms)
✔ every supplied proposal remains inspectable beyond the retained-alternative window (18.7382ms)
✔ logical array and object-key permutations produce byte-identical compiled semantics (46.1773ms)
✔ compiled values are deeply frozen and detached from mutable caller input (5.4082ms)
✔ reviewed assumptions and nonblocking decisions are digest-bound and rendered (15.0751ms)
✔ blocking unresolved decisions reject before team construction (1.591ms)
✔ selection reason reports the first decisive baseline comparison (12.2155ms)
✔ repository locators reject leading and nested dot or parent segments (5.4905ms)
✔ repository locator paths cannot exceed their declared read scope (5.7301ms)
✔ authority, context, and evidence violations reject before a launchable roster exists (15.7073ms)
✔ goal dependency cycles and partition-induced agent cycles are rejected (8.1358ms)
✔ generic role and provider/runtime extensions fail closed while exact ownership stays supply-free (11.1169ms)
✔ C1 controls fail closed before diagnostics or rendering (18.1625ms)
✔ Unicode bidi controls fail closed before diagnostics or rendering (41.8257ms)
✔ bounded UTF-8 measurement matches raw and JSON encoding boundaries (0.3639ms)
✔ secret-bearing unknown property keys stop at the parent before schema validation (1.9571ms)
✔ oversized compiler input rejects before serialization or UTF-8 buffer allocation (10.8532ms)
✔ secret-bearing input is rejected without echoing the secret (1.2925ms)
✔ digest tampering fails verification and renderer reconstruction (13.9888ms)
✔ renderer output is deterministic and binds paths, blueprints, bytes, and compilation (145.8618ms)
✔ package verification rejects oversized content before UTF-8 buffer allocation (77.023ms)
✔ trusted package verification succeeds and coordinated recomputation cannot reuse approval (43.5489ms)
✔ rendered manifest binds every emitted contract and integration file digest (14.7345ms)
✔ first-run specialist example is deterministic, approval-bound, and read-only (1461.7625ms)
✔ first-run specialist example rejects a stale source approval before compilation (607.0796ms)
✔ first-run approval parsing is bounded, strict UTF-8, and duplicate-aware (1421.0637ms)
✔ first-run approval objects reject unknown fields at every boundary (1068.8144ms)
✔ first-run source paths reject unsafe, non-scalar, and secret-bearing forms before I/O (4329.9408ms)
✔ first-run source reads reject directories and external junction targets (685.3699ms)
✔ first-run rejects secret-bearing approval paths without echoing them (304.5435ms)
✔ raw specialist handoffs verify exact package, blueprint, evidence, and artifact bindings (357.7687ms)
✔ handoff verification fails closed on stale identity, incomplete evidence, malformed JSON, and secrets (124.6217ms)
✔ handoff verification binds artifact media types and permits only normalized LF controls (82.5391ms)
✔ fan-in is ready only for one PASS handoff from every exact transitive dependency (67.7534ms)
✔ fan-in rejects valid handoffs from agents outside the target dependency closure (30.5795ms)
✔ handoff byte boundaries reject proxies and accessors without invoking caller code (33.5902ms)
✔ decoded handoff overflow is SC4402 while malformed base64 remains SC4401 (585.3966ms)
✔ bundled specialist schemas have exact source parity (6.6358ms)
✔ create, restore, inspect, and record perform no first-use filesystem reads (3537.2364ms)
✔ inspection derives manifest contracts, DAG statuses, evidence, and complete-roster readiness (6674.3428ms)
✔ inspection closes every non-pass route and marks all unsettled work session-routed (4072.4265ms)
✔ public run constants, operations, schema export, and V11 compatibility are exact (5.135ms)
✔ the strict schema accepts both canonical roots and closes every nested object (24.4745ms)
✔ schema boundaries and every workflow route remain exact (85.4151ms)
✔ recording is monotonic, dependency-gated, replay-safe, and source-preserving (846.703ms)
✔ every verified non-pass outcome records once and terminally routes later work (1419.4952ms)
✔ recording applies validation and handoff diagnostic precedence without caller mutation (117.8269ms)
✔ root, chain, diamond, fan-out, fan-in, disconnected, and complete DAGs agree with V11 (9568.3064ms)
✔ all valid independent arrival permutations converge to one session and inspection (8376.39ms)
✔ fresh-process restore and inspection preserve canonical semantics without host state (530.4823ms)
✔ restore, expectation, caller-code, and coordinated-substitution attacks fail closed (96.7084ms)
✔ handoff attacks, transition precedence, replay, and every non-pass route are closed (903.6873ms)
✔ the 16-agent maximum-handoff aggregate converges below conservative run safeguards (95644.6455ms)
✔ raw handoff and run input boundaries reject one-unit excess without truncation (6876.6253ms)
✔ the specialist schemas and every definition compile in strict Ajv 2020 mode (297.8222ms)
✔ the specialist schema accepts its two canonical closed input kinds (111.8299ms)
✔ the handoff schema accepts every canonical outcome and remains closed (83.8716ms)
✔ every concrete specialist input object boundary rejects provider-shaped fields (109.4641ms)
✔ role and runtime supply cannot enter goal, request, work, or proposal contracts (139.2273ms)
✔ repository context requires readScope and external context forbids it (82.1773ms)
✔ permission kinds are the exact provider-neutral schema set (80.3015ms)
✔ specialist references stay inside package-owned v1alpha1 schemas (47.0863ms)
✔ TypeScript ESM output loads with the approved production dependencies (129.0088ms)
✔ inspection reconstructs interleaved runs, parallel attempts, retries, outcomes, and evidence (352.9289ms)
▶ [T12] zero-event terminators are accepted once and rejected when repeated
  ✔ empty-file (12.4162ms)
  ✔ single-final-lf (5.592ms)
  ✔ single-final-crlf (4.3639ms)
  ✔ repeated-final-lf (4.9125ms)
  ✔ repeated-final-crlf (3.8813ms)
✔ [T12] zero-event terminators are accepted once and rejected when repeated (32.7622ms)
✔ logical order accepts valid same-run backward causation and ignores timestamps (5.0681ms)
▶ sequence, event identity, and causation diagnostics are deterministic
  ✔ duplicate sequence (7.8787ms)
  ✔ regressing sequence (5.5214ms)
  ✔ duplicate event id (6.0716ms)
  ✔ missing cause (5.3554ms)
  ✔ forward cause (5.1572ms)
  ✔ cross-run cause (5.283ms)
✔ sequence, event identity, and causation diagnostics are deterministic (36.8149ms)
▶ [T14] every legal attempt transition is accepted
  ✔ queued-to-running (5.1464ms)
  ✔ queued-to-cancelled (5.275ms)
  ✔ running-to-input_required (5.2039ms)
  ✔ running-to-completed (6.5722ms)
  ✔ running-to-failed (4.9277ms)
  ✔ running-to-cancelled (4.9762ms)
  ✔ running-to-timed_out (5.3833ms)
  ✔ input_required-to-running (6.1229ms)
  ✔ input_required-to-cancelled (30.5145ms)
  ✔ input_required-to-timed_out (7.155ms)
✔ [T14] every legal attempt transition is accepted (83.6688ms)
▶ [T04] every disallowed non-terminal transition is rejected
  ✔ queued-to-queued (5.6265ms)
  ✔ queued-to-input_required (5.2922ms)
  ✔ queued-to-completed (4.4103ms)
  ✔ queued-to-failed (6.7623ms)
  ✔ queued-to-timed_out (4.8354ms)
  ✔ running-to-queued (10.9952ms)
  ✔ running-to-running (15.7417ms)
  ✔ input_required-to-queued (11.639ms)
  ✔ input_required-to-input_required (7.6888ms)
  ✔ input_required-to-completed (9.6944ms)
  ✔ input_required-to-failed (8.2946ms)
✔ [T04] every disallowed non-terminal transition is rejected (93.5956ms)
▶ [T05] every terminal attempt state is immutable
  ✔ completed (10.946ms)
  ✔ failed (5.1448ms)
  ✔ cancelled (5.6112ms)
  ✔ timed_out (5.284ms)
✔ [T05] every terminal attempt state is immutable (27.9566ms)
✔ heartbeat, cancellation request, and explicit timeout events are accepted in valid states (7.2284ms)
▶ attempt transition and terminal-state violations use their dedicated diagnostics
  ✔ new non-retry must start queued (4.8595ms)
  ✔ queued cannot complete directly (7.4007ms)
  ✔ terminal state is immutable (14.4238ms)
  ✔ heartbeat is state-gated (10.6925ms)
✔ attempt transition and terminal-state violations use their dedicated diagnostics (38.8468ms)
▶ [T07] heartbeat and cancellation requests are state-gated
  ✔ heartbeat (5.0789ms)
  ✔ cancellation-request (6.5823ms)
✔ [T07] heartbeat and cancellation requests are state-gated (12.4006ms)
▶ [T10] every attempt-bearing non-state event requires an earlier attempt
  ✔ heartbeat (4.4327ms)
  ✔ outcome (4.5624ms)
  ✔ evidence (13.9279ms)
✔ [T10] every attempt-bearing non-state event requires an earlier attempt (23.7889ms)
▶ [T09] retry lineage rejects wrong, completed, and forked predecessors
  ✔ wrong-predecessor (5.0122ms)
  ✔ completed-parent (4.9173ms)
  ✔ forked-successor (6.8324ms)
✔ [T09] retry lineage rejects wrong, completed, and forked predecessors (17.6784ms)
▶ [T06/T08/T11] retry declarations and attempt identity use dedicated diagnostics
  ✔ T06:missing-link (4.8228ms)
  ✔ T06:not-queued (4.7044ms)
  ✔ T08:metadata-change (5.0537ms)
  ✔ T08:duplicate-work-packet-number (30.5901ms)
  ✔ T11:non-retry (12.723ms)
✔ [T06/T08/T11] retry declarations and attempt identity use dedicated diagnostics (62.3957ms)
▶ attempt identity and retry lineage failures are distinguishable
  ✔ retry link is required (5.4939ms)
  ✔ retry must start queued (5.6224ms)
  ✔ retry lineage must use an eligible predecessor (6.709ms)
  ✔ attempt declaration is immutable (4.9887ms)
  ✔ non-state attempt reference must already exist (4.7422ms)
✔ attempt identity and retry lineage failures are distinguishable (28.9641ms)
✔ outcome and evidence records may reference a terminal attempt (7.4392ms)
✔ [T15] a failed handoff remains explicit in state and evidence summaries (7.6765ms)
▶ strict JSONL framing rejects BOMs, blanks, lone CR, truncation, duplicate keys, and invalid UTF-8
  ✔ BOM (4.2627ms)
  ✔ blank record (4.5234ms)
  ✔ lone CR (6.1586ms)
  ✔ internal CR before CRLF (6.8996ms)
  ✔ truncated (5.8656ms)
  ✔ duplicate key (7.0218ms)
  ✔ invalid UTF-8 (3.7055ms)
✔ strict JSONL framing rejects BOMs, blanks, lone CR, truncation, duplicate keys, and invalid UTF-8 (39.891ms)
▶ RunEvent dispatch and exact payload ownership fail closed
  ✔ missing event version (7.8949ms)
  ✔ non-string event version (5.2093ms)
  ✔ unsupported event version (4.5924ms)
  ✔ wrong artifact kind (4.8725ms)
  ✔ payload smuggling (5.971ms)
  ✔ event metadata description (11.9516ms)
✔ RunEvent dispatch and exact payload ownership fail closed (41.7055ms)
✔ evidence references are grammar-checked but never dereferenced (29.4184ms)
▶ [T13] command and test evidence identifiers enforce the 128-character boundary
  ✔ command-at-limit (5.7768ms)
  ✔ command-over-limit (6.318ms)
  ✔ test-at-limit (4.7119ms)
  ✔ test-over-limit (5.4662ms)
✔ [T13] command and test evidence identifiers enforce the 128-character boundary (23.2109ms)
✔ [L02] bounded reads allocate from the verified descriptor size (2.5525ms)
✔ trace paths reject unsafe forms, links, non-files, and detectable mutation (15.4792ms)
✔ line, trace, event-count, and depth ceilings emit dedicated diagnostics (471.7389ms)
✔ evidence summaries cap deterministically and report exact omissions (196.4187ms)
✔ the normative secret detector has positive and near-miss coverage (0.455ms)
✔ [PR03] every rendered summary string slot suppresses secrets with one warning (18.6757ms)
✔ secret-bearing trace names are suppressed on invalid-input diagnostics too (4.4457ms)
✔ trace inspection remains offline, process-free, and adapter-free (5.4003ms)
✔ declared TypeScript file defeats ambient and candidate-local command substitution (424.3526ms)
✔ repository-local fallback executes the exact resolved file (400.5367ms)
✔ repository fallback canonicalizes a linked dependency ancestor (340.0954ms)
✔ execution stops when version inspection mutates the bound file (184.7724ms)
✔ execution detects persistent mutation during compilation (279.6194ms)
✔ TypeScript binding rejects ambiguous, contained, and linked files (15.6662ms)
✔ package, release gate, and packed consumer share explicit TypeScript authority (2.6331ms)
✔ the V10 executor dogfood trace is bounded, inspectable, and repeatable (353.0702ms)
✔ the V10 dogfood harness removes its owned workspace after an injected failure (10.0468ms)
✔ dogfood context reads accept regular files inside the repository root (8.3782ms)
✔ dogfood context verification rejects bytes changed by an LF clean filter (1.0587ms)
✔ dogfood context verification accepts LF bytes unchanged by the clean filter (0.5113ms)
✔ dogfood context verification rejects an explicit CRLF checkout before hashing bytes (0.4434ms)
✔ dogfood context verification rejects an active custom Git filter (0.3925ms)
✔ dogfood context verification rejects an active working-tree encoding (0.3289ms)
✔ dogfood context verification rejects a source without an explicit eol policy (0.3802ms)
✔ dogfood context verification rejects an active filter before hashing bytes (1.3711ms)
✔ dogfood context verification rejects ident expansion before hashing bytes (2.5917ms)
✔ dogfood context verification rejects the legacy crlf attribute before hashing bytes (0.5805ms)
✔ dogfood context verification rejects a bare CR under an explicit LF checkout (1.3475ms)
✔ dogfood context verification rejects ambiguous filter names before hashing bytes (0.4776ms)
✔ Git attribute parsing accepts variable unique records and rejects malformed output (2.1942ms)
✔ dogfood context reads reject an in-root junction targeting an external directory (7.4849ms)
✔ dogfood goal and approval controls reject duplicate JSON keys (11.9193ms)
✔ dogfood approval controls reject a parent junction instead of following it (6.2375ms)
✔ dogfood evidence writes reject package-parent redirection before mutation (11.2613ms)
✔ dogfood context verification rejects unsupported source kinds (1.3566ms)
✔ dogfood context verification requires one exact attribute-policy binding (1.177ms)
✔ every active V11 source is LF clean-filter stable with the attribute policy bound (13725.5475ms)
✔ prelaunch audit authenticates the complete candidate without self-reference (1.0613ms)
✔ prelaunch audit forces an independent binder and compilation reviewer (149.4393ms)
✔ launch authorization binds both packages, the verification receipt, and the exact PASS handoff (29.5072ms)
✔ launch authorization rejects malformed, non-PASS, stale, and incomplete audit handoffs (985.9732ms)
✔ launch authorization accepts paired supplementary Unicode in free-text handoff fields (15.3498ms)
▶ launch authorization rejects secret-bearing and non-scalar handoff paths
  ✔ lone high surrogate (9.893ms)
  ✔ lone low surrogate (10.8745ms)
  ✔ secret (10.5004ms)
✔ launch authorization rejects secret-bearing and non-scalar handoff paths (32.1711ms)
✔ launch authorization rejects unbound or semantically invalid verification receipts (197.3009ms)
✔ launch authorization rejects stale package bindings and unowned handoff paths (12.4216ms)
✔ host TypeScript entrypoint supply is singular, plain, absolute, and external (31.1731ms)
✔ packed consumer retains and executes the complete TypeScript binding (0.8038ms)
✖ canonical gate materialization uses a constant-process Git blob batch (324.872ms)
✔ candidate materialization excludes and detects uncommitted verification inputs (19444.7056ms)
✔ candidate Git context is disposable, exact, and usable from the materialization (17260.089ms)
✔ candidate scratch cleanup supports reverse owner order (4.3639ms)
✔ empty-directory pruning preserves unrelated state (4.6178ms)
✔ canonical command is pinned to the authenticated materialization (0.6254ms)
✔ R2 closes the stronger receipt and all six causal security sources (0.6872ms)
✔ R2 correction review context remains bounded with primary evidence (1305.914ms)
✔ paths mode remains closed and rejects malformed candidate identities (500.8026ms)
✔ release-review parent rejects unsafe paths and non-exact lock supply (6.8406ms)
✔ release-review parent detects closure mutation and promotes immutable bytes (27.9331ms)
✔ release-review promotion preflights the full set and commits the receipt last (34.1258ms)
✔ release-review parent closes environment, outputs, cleanup, and promotion order (24.8104ms)
✔ installed npm 11 uses exact production private configs and rejects the old alias (899.3777ms)
✔ private npm substitution routes stop before process spawn and clean up (134.5008ms)
✔ candidate blob batch parsing preserves binary bytes and fails closed (7.1767ms)
✖ parent and verifier harness loaders use constant-process Git blob batches (7224.1613ms)
✔ Git changed-path diagnostics are canonical and fail closed (2.7748ms)
✔ scoped parent timeout owns residue, kills descendants, and reports timeout first (1221.7726ms)
✔ release-review parent and workers preserve the candidate-runtime import boundary (199.6297ms)
✔ runtime binding is deterministic and fails closed after identity mutation (1.9059ms)
✔ stable runtime policy excludes invocation-specific temporary paths (0.6965ms)
✔ closed phase grammar reconstructs prefixes from exact external inputs (1.1873ms)
✔ handoff paths reject non-scalars, controls, non-NFC text, and aliases before use (3.79ms)
✔ stable reconstruction and phase authority reject substitution independently (2.7136ms)
✔ copied production lifecycle excludes correction evidence after its sealed history (0.3382ms)
✔ copied production lifecycle consumes the fresh-process release-gate cache supply (664.4998ms)
✔ nested fixture repository processes discard an enclosing candidate Git context (1091.4126ms)
✔ materialized lifecycle executes and receipts one external TypeScript adapter (688.4858ms)
✔ lifecycle TypeScript evidence parser fails closed (2.322ms)
✔ lifecycle adapter compiles the bounded input with host TypeScript (667.9063ms)
✔ materialized lifecycle detects persistent compiler mutation after child return (331.6759ms)
✔ lifecycle production identities match current source bytes (4.208ms)
✔ canonical npm test schedules the exact lifecycle after the core suite (0.9057ms)
✔ materialized package closure rejects linked and hard-linked entries (10.3837ms)
✔ closed private state rejects source mutation and undeclared post-build files (42.3654ms)
✔ explicit cache and ancestor resolver boundaries fail closed (22.8512ms)
✔ stable reconstruction is package-defining while phase authority stays separate (2.9641ms)
✔ active release status avoids volatile candidate-state drift and preserves outcomes (4.6123ms)
✔ live release routing delegates volatile state to candidate-addressed evidence (6.1396ms)
✔ candidate-addressed run roots are closed, disjoint, and preserve Candidate 3 evidence (1167.8544ms)
✔ correction lineage requires revisions 1 through 10 and has no terminal count (0.8737ms)
✔ working-tree-only inputs and unsafe handoff paths fail closed (0.5597ms)
✔ post-commit gate evidence is captured outside the candidate without self-reference (0.4075ms)
✔ reviewer snapshots and tooling identity use exact candidate Git blobs (1.3292ms)
✔ revision 9 package and handoff verification rejects substituted bytes (479.8225ms)
ℹ tests 445
ℹ suites 0
ℹ pass 443
ℹ fail 2
ℹ cancelled 0
ℹ skipped 0
ℹ todo 0
ℹ duration_ms 123646.5055

✖ failing tests:

test at test\v12-release-gate.test.mjs:197:1
✖ canonical gate materialization uses a constant-process Git blob batch (324.872ms)
  Error: fatal: Unable to create 'C:\tmp\swecircuit-identity-main\.local\v12-release-gate\git-UnRqiE\candidate.index.lock': File exists.
  
  Another git process seems to be running in this repository, e.g.
  an editor opened by 'git commit'. Please make sure all processes
  are terminated then try again. If it still fails, a git process
  may have crashed in this repository earlier:
  remove the file manually to continue.
  
      at runFixtureGit (file:///C:/tmp/swecircuit-identity-main/.local/v12-release-gate/candidate-v0pRTu/test/helpers/git-blob-loader-fixture.mjs:31:11)
      at commitFixture (file:///C:/tmp/swecircuit-identity-main/.local/v12-release-gate/candidate-v0pRTu/test/helpers/git-blob-loader-fixture.mjs:45:3)
      at createGitBlobLoaderFixture (file:///C:/tmp/swecircuit-identity-main/.local/v12-release-gate/candidate-v0pRTu/test/helpers/git-blob-loader-fixture.mjs:66:23)
      at async TestContext.<anonymous> (file:///C:/tmp/swecircuit-identity-main/.local/v12-release-gate/candidate-v0pRTu/test/v12-release-gate.test.mjs:198:19)
      at async Test.run (node:internal/test_runner/test:1125:7)
      at async Test.processPendingSubtests (node:internal/test_runner/test:787:7)

test at test\v12-release-review.test.mjs:384:1
✖ parent and verifier harness loaders use constant-process Git blob batches (7224.1613ms)
  Error
      at runFixtureGit (file:///C:/tmp/swecircuit-identity-main/.local/v12-release-gate/candidate-v0pRTu/test/helpers/git-blob-loader-fixture.mjs:31:11)
      at commitFixture (file:///C:/tmp/swecircuit-identity-main/.local/v12-release-gate/candidate-v0pRTu/test/helpers/git-blob-loader-fixture.mjs:46:3)
      at createGitBlobLoaderFixture (file:///C:/tmp/swecircuit-identity-main/.local/v12-release-gate/candidate-v0pRTu/test/helpers/git-blob-loader-fixture.mjs:66:23)
      at async TestContext.<anonymous> (file:///C:/tmp/swecircuit-identity-main/.local/v12-release-gate/candidate-v0pRTu/test/v12-release-review.test.mjs:385:19)
      at async Test.run (node:internal/test_runner/test:1125:7)
      at async Test.processPendingSubtests (node:internal/test_runner/test:787:7)
