
> swecircuit@0.0.0 verify
> npm run format:check && npm run lint && npm run typecheck && npm test && npm run example:specialist && npm run dogfood:v10 && npm run dogfood:v11 && npm run dogfood:v12 && npm run pack:check && npm run consumer:check


> swecircuit@0.0.0 format:check
> biome format src test schemas examples/specialist-compiler scripts/run-v9-dogfood.mjs scripts/run-v10-dogfood.mjs scripts/run-v11-dogfood.mjs scripts/run-v12-dogfood.mjs scripts/run-v12-release-gate.mjs scripts/run-v12-release-review.mjs scripts/run-typescript.mjs docs/specs/v12-ide-run-loop/evidence/release-review-r2/run-release-review.mjs docs/specs/v12-ide-run-loop/evidence/release-review-r2/verify-release-review-handoffs.mjs scripts/check-packed-consumer.mjs scripts/fixtures/packed-consumer-host.ts package.json tsconfig.json biome.json

Checked 105 files in 61ms. No fixes applied.

> swecircuit@0.0.0 lint
> biome lint src test examples/specialist-compiler scripts/run-v9-dogfood.mjs scripts/run-v10-dogfood.mjs scripts/run-v11-dogfood.mjs scripts/run-v12-dogfood.mjs scripts/run-v12-release-gate.mjs scripts/run-v12-release-review.mjs scripts/run-typescript.mjs docs/specs/v12-ide-run-loop/evidence/release-review-r2/run-release-review.mjs docs/specs/v12-ide-run-loop/evidence/release-review-r2/verify-release-review-handoffs.mjs scripts/check-packed-consumer.mjs scripts/fixtures/packed-consumer-host.ts

The number of diagnostics exceeds the limit allowed. Use --max-diagnostics to increase it.
Diagnostics not shown: 51.
Checked 91 files in 114ms. No fixes applied.
Found 71 infos.

> swecircuit@0.0.0 typecheck
> node scripts/run-typescript.mjs -p tsconfig.json --noEmit

SWECIRCUIT_TYPESCRIPT_BINDING {"path":"C:\\Users\\garre\\AppData\\Local\\Temp\\swecircuit-v12-release-gate\\work\\candidate-NB4xlW\\node_modules\\typescript\\bin\\tsc","bytes":44,"digest":"sha256:2219f428a7e55aaf1f7ad85b9b0f0cf5078aeb76ccc9a7c6036c92d48f492ffd","nlink":1,"supplied":false,"version":"Version 7.0.2"}

> swecircuit@0.0.0 test
> npm run build --silent && npm run test:core && npm run test:lifecycle

SWECIRCUIT_TYPESCRIPT_BINDING {"path":"C:\\Users\\garre\\AppData\\Local\\Temp\\swecircuit-v12-release-gate\\work\\candidate-NB4xlW\\node_modules\\typescript\\bin\\tsc","bytes":44,"digest":"sha256:2219f428a7e55aaf1f7ad85b9b0f0cf5078aeb76ccc9a7c6036c92d48f492ffd","nlink":1,"supplied":false,"version":"Version 7.0.2"}

> swecircuit@0.0.0 test:core
> node --test test/*.test.mjs

✔ the internal CLI exposes one fixed help surface (540.0599ms)
✔ init, validate, and inspect human output comes from library summaries (2508.137ms)
✔ JSON mode writes exactly one operation result to stdout for success and failure (992.5351ms)
✔ human failures use stderr and never print a success summary (249.8996ms)
✔ human warning results keep success on stdout and warnings on stderr (508.7427ms)
▶ invalid commands and option shapes deterministically emit cli.usage
  ✔ missing command (278.2697ms)
  ✔ unknown command (233.7376ms)
  ✔ unknown option (205.2024ms)
  ✔ duplicate option (227.9163ms)
  ✔ extra positional (217.5219ms)
  ✔ inspect missing trace (208.0588ms)
  ✔ trace on validate (196.4786ms)
  ✔ project id on validate (209.1589ms)
  ✔ command help (240.8434ms)
✔ invalid commands and option shapes deterministically emit cli.usage (2240.0358ms)
✔ unexpected operation throws become one sanitized internal failure (1.5331ms)
✔ the CLI remains a renderer-only internal surface (0.5872ms)
✔ the V9 dogfood circuit is measured, bounded, and semantically repeatable (8733.9604ms)
✔ the V9 dogfood harness removes its owned workspace after an injected failure (1906.2277ms)
✔ the V9 dogfood harness cleans up when setup fails after ownership capture (3.5175ms)
✔ the committed observation digest and caller-owned retry trace stay linked (384.5108ms)
✔ one valid packet executes once and returns an immutable V9-compatible journal (396.8861ms)
✔ normal class executors can implement the public port (6.637ms)
✔ operation success stays separate from declared work failure (3.8138ms)
▶ every preflight rejection prevents executor invocation
  ✔ null packet (1.9389ms)
  ✔ null manifest (1.4394ms)
  ✔ wrong packet kind (5.3517ms)
  ✔ incompatible manifest kind (1.6489ms)
  ✔ manifest declares kernel-owned output (1.6097ms)
  ✔ executor identity mismatch (1.3066ms)
  ✔ malformed grant (1.066ms)
  ✔ invalid timeout policy (1.0327ms)
✔ every preflight rejection prevents executor invocation (17.4892ms)
▶ permission grants fail closed in every direction
  ✔ grant misses a manifest request (1.3234ms)
  ✔ grant adds unrequested authority (9.7678ms)
  ✔ grant exceeds packet ceiling (2.1464ms)
  ✔ broad request is not covered by narrow grant (1.3785ms)
  ✔ broad grant is not covered by narrow request (1.2901ms)
✔ permission grants fail closed in every direction (17.29ms)
▶ throws and malformed settlements become fixed failures without raw values
  ✔ throw (6.1726ms)
  ✔ malformed extra field (2.4026ms)
  ✔ secret evidence (2.5744ms)
✔ throws and malformed settlements become fixed failures without raw values (11.9726ms)
✔ fulfillment observation detaches settlement before later mutation (3.0017ms)
▶ return-bound input canaries fail preflight without leaking
  ✔ run ID (1.2128ms)
  ✔ attempt ID (0.9794ms)
  ✔ correlation ID (0.958ms)
  ✔ packet ID (0.9426ms)
  ✔ grant ID (1.0377ms)
  ✔ issuer (1.0177ms)
  ✔ executor ID (1.007ms)
✔ return-bound input canaries fail preflight without leaking (8.5719ms)
▶ already-aborted and already-expired work never invokes the executor
  ✔ caller abort (2.5987ms)
  ✔ packet deadline (2.522ms)
✔ already-aborted and already-expired work never invokes the executor (5.7565ms)
▶ acknowledged caller cancellation and timeout produce exact terminal journals
  ✔ caller cancellation (6.1628ms)
  ✔ deadline (4.8798ms)
✔ acknowledged caller cancellation and timeout produce exact terminal journals (11.6197ms)
✔ an unacknowledged abort remains non-terminal and late rejection is observed (2.6132ms)
✔ completion observed at or after the absolute deadline cannot become success (2.4503ms)
✔ an early deadline wake-up re-arms instead of cancelling work (2.1258ms)
✔ settlement outside the abort acknowledgement window stays unconfirmed (2.1433ms)
▶ hostile proxies and forged signals fail closed without escaping the API
  ✔ revoked work packet (1.5642ms)
  ✔ revoked options (0.5241ms)
  ✔ live proxy traps are not invoked (0.9457ms)
  ✔ revoked AbortSignal proxy (4.2376ms)
  ✔ forged AbortSignal (1.4833ms)
  ✔ revoked settlement (1.973ms)
✔ hostile proxies and forged signals fail closed without escaping the API (11.9544ms)
▶ snapshot depth and node ceilings reject work before executor invocation
  ✔ huge sparse array (1.8809ms)
  ✔ small sparse array (1.3567ms)
  ✔ dense oversized object (248.4849ms)
  ✔ excessive depth (1.916ms)
✔ snapshot depth and node ceilings reject work before executor invocation (254.558ms)
▶ the final invocation gate catches cancellation and deadline changes
  ✔ caller abort while the deadline timer is armed (3.1734ms)
  ✔ deadline reached after the final gate read (3.1532ms)
  ✔ deadline reached while the deadline timer is armed (2.4218ms)
✔ the final invocation gate catches cancellation and deadline changes (9.5441ms)
▶ abort cause uses the first observed monotonic event
  ✔ caller observed before deadline remains caller (2.7987ms)
  ✔ caller first observed after deadline is deadline (2.3133ms)
✔ abort cause uses the first observed monotonic event (5.7312ms)
▶ direct inputs are detached, bounded, and accessor-free
  ✔ cycle (1.0346ms)
  ✔ accessor (1.1775ms)
  ✔ source mutation cannot change executor input (3.146ms)
✔ direct inputs are detached, bounded, and accessor-free (6.0658ms)
✔ initialization creates the smallest valid project with frozen bytes (385.2217ms)
✔ an explicit project ID wins and initialization never discovers an ancestor (31.5728ms)
✔ default project ID transformation is exact across edge cases (210.4242ms)
✔ invalid explicit IDs fail before creating owned paths (3.5149ms)
✔ repeated initialization reports every owned collision without changing output (106.6247ms)
✔ manifest collisions preserve exact bytes and do not create a catalog (9.3608ms)
✔ catalog collisions preserve existing content and do not create a manifest (7.1403ms)
✔ a linked catalog is a collision and its target is never changed (8.5261ms)
✔ invalid and missing target roots fail without creating paths (16.7745ms)
▶ every initialization checkpoint fails closed and rolls back owned entries
  ✔ beforeCatalogCreate (6.2021ms)
  ✔ afterCatalogCreate (12.4669ms)
  ✔ beforeModulesCreate (7.0273ms)
  ✔ afterModulesCreate (8.8734ms)
  ✔ beforeCircuitsCreate (32.4035ms)
  ✔ afterCircuitsCreate (11.6077ms)
  ✔ beforeManifestOpen (12.4337ms)
  ✔ afterManifestOpen (20.0639ms)
  ✔ afterManifestWrite (16.9632ms)
  ✔ afterManifestFsync (99.3854ms)
  ✔ beforeValidation (87.5525ms)
  ✔ afterValidation (40.4912ms)
  ✔ beforeManifestClose (27.4872ms)
✔ every initialization checkpoint fails closed and rolls back owned entries (387.3367ms)
▶ successful creations that fail before identity capture are preserved and reported
  ✔ afterCatalogCreateBeforeCapture (4.2344ms)
  ✔ afterModulesCreateBeforeCapture (7.3453ms)
  ✔ afterCircuitsCreateBeforeCapture (9.5138ms)
  ✔ afterManifestOpenBeforeCapture (24.3334ms)
✔ successful creations that fail before identity capture are preserved and reported (46.3267ms)
✔ non-empty rollback targets survive with an explicit cleanup diagnostic (10.2218ms)
✔ identity-changed rollback targets and displaced entries are preserved (27.1259ms)
✔ two coordinated processes produce exactly one initialized project (1143.1894ms)
✔ initialization and generated-project validation stay offline and process-free (116.9014ms)
✔ initializer source has no network, process, or adapter execution surface (0.646ms)
✔ runtime diagnostic definitions exactly match the normative catalog (3.5601ms)
✔ strict JSON parsing rejects invalid UTF-8, syntax extensions, duplicate keys, and unsafe numbers (5.5662ms)
✔ strict JSON parsing enforces artifact byte and depth ceilings before validation (124.2362ms)
✔ dispatch fails closed with stable version and kind diagnostics (1.1962ms)
✔ schema failures normalize permission, privacy, and stop-condition policy (349.97ms)
✔ diagnostics are sanitized, deduplicated, and sorted deterministically (1.7561ms)
✔ an explicit minimal project validates without discovery or optional adapters (356.4019ms)
✔ a complete parallel project validates module routing, ownership, joins, and ceilings (74.2855ms)
▶ project loading rejects lexical escapes and every portable forbidden path form
  ✔ parent (4.9275ms)
  ✔ posix absolute (4.1885ms)
  ✔ windows absolute (15.153ms)
  ✔ unc (6.3244ms)
  ✔ device (4.3204ms)
  ✔ alternate stream (4.0004ms)
  ✔ URI (5.5084ms)
  ✔ backslash (4.9023ms)
  ✔ lone high surrogate (8.2686ms)
  ✔ lone low surrogate (13.1659ms)
✔ project loading rejects lexical escapes and every portable forbidden path form (73.1697ms)
✔ project loading distinguishes missing references, non-files, and safe I/O failures (27.6878ms)
✔ contained missing-file diagnostics suppress secret-bearing artifact names (5.3678ms)
▶ explicit project roots reject remote, device, stream, and control forms before I/O
  ✔ file URI (0.362ms)
  ✔ network URI (0.2167ms)
  ✔ slash UNC (0.1358ms)
  ✔ backslash UNC (0.1135ms)
  ✔ device path (0.1425ms)
  ✔ alternate stream (0.1246ms)
  ✔ control character (0.1267ms)
  ✔ lone high surrogate (0.1132ms)
  ✔ lone low surrogate (0.1064ms)
✔ explicit project roots reject remote, device, stream, and control forms before I/O (2.743ms)
✔ project loading rejects links below the trust root (9.4802ms)
✔ project loading rejects external links without dereferencing their target (29.3571ms)
✔ project validation accepts a root reached through an aliased ancestor (14.1605ms)
✔ canonical containment distinguishes internal aliases from resolved escape (1.107ms)
✔ project references fail closed for wrong kinds and duplicate identities (180.6461ms)
✔ reference and graph diagnostics identify undeclared outcomes, ports, and fan-in (376.0898ms)
✔ every project and graph reference class emits reference.not-found (577.0528ms)
✔ cycles, fan-out ownership, and permission ceilings are enforced semantically (400.1703ms)
✔ multi-node cycles require a bound on every cyclic route (148.1121ms)
✔ fan-out declarations and entry reachability stay structurally consistent (170.5923ms)
✔ permission grammar covers every kind and filesystem prefix boundaries (547.8162ms)
✔ project and circuit collection ceilings emit dedicated limit diagnostics (1261.1719ms)
✔ the documented source-checkout example is repeatable and read-only (2958.4685ms)
✔ the documented initialization grammar works in a temporary project (2281.1556ms)
✔ the quick start remains a private source-checkout interface (0.8451ms)
✔ all v1alpha1 schemas compile together in strict Ajv 2020 mode (334.4103ms)
✔ one canonical fixture for every supported kind passes its schema (408.2121ms)
✔ schema and fixture paths are repository-owned local files (0.4873ms)
✔ the diagnostic catalog and adversarial matrix are closed and internally consistent (13.66ms)
✔ every concrete object boundary in all six valid fixtures rejects unknown fields (416.7982ms)
✔ the parallel circuit fixture declares fan-out, bounded work ownership, and one fan-in policy (191.7105ms)
✔ schema boundaries reject permission, privacy, compatibility, and terminal-state ambiguity (200.6844ms)
✔ minimal projects and timestamp-free events remain valid (157.3903ms)
✔ package schemas use only local package-owned references and strict known keywords (59.5937ms)
✔ strict parser fixtures expose syntax and duplicate-key failures (27.1034ms)
✔ golden specialist selection: one-agent-optimal (241.9415ms)
✔ golden specialist selection: genuinely-parallel (8.5025ms)
✔ golden specialist selection: under-split (7.064ms)
✔ golden specialist selection: over-split (9.0082ms)
✔ golden specialist selection: conflict-heavy (7.0249ms)
✔ golden specialist selection: generic-role (5.4981ms)
✔ candidate analysis exposes deterministic rejection evidence when no team is eligible (12.9074ms)
✔ candidate analysis and compilation select the same exact team (8.2967ms)
✔ generated team and agent identifiers retain the full SHA-256 suffix (12.4314ms)
✔ selected blueprints close exact ownership, authority, context, evidence, handoff, and digests (39.9186ms)
✔ exact search evaluates every allowed canonical partition through the declared limit (2827.6789ms)
✔ fixed scheduler prioritizes the longer remaining critical path (5.6775ms)
✔ fixed scheduler breaks equal critical paths by longer duration (5.942ms)
✔ fixed scheduler breaks remaining ties by agent ID (2.6637ms)
✔ fixed scheduler enforces maximum concurrency (6.0618ms)
✔ fixed scheduler serializes declared conflict zones (4.1263ms)
✔ fixed scheduler releases dependencies after the handoff cost (4.4322ms)
✔ above-limit goals use deterministic bounded structural candidates without an optimum claim (19.2493ms)
✔ every supplied proposal remains inspectable beyond the retained-alternative window (16.0985ms)
✔ logical array and object-key permutations produce byte-identical compiled semantics (33.8908ms)
✔ compiled values are deeply frozen and detached from mutable caller input (4.319ms)
✔ reviewed assumptions and nonblocking decisions are digest-bound and rendered (13.5043ms)
✔ blocking unresolved decisions reject before team construction (1.48ms)
✔ selection reason reports the first decisive baseline comparison (11.939ms)
✔ repository locators reject leading and nested dot or parent segments (5.1108ms)
✔ repository locator paths cannot exceed their declared read scope (5.5012ms)
✔ authority, context, and evidence violations reject before a launchable roster exists (20.4623ms)
✔ goal dependency cycles and partition-induced agent cycles are rejected (7.7059ms)
✔ generic role and provider/runtime extensions fail closed while exact ownership stays supply-free (9.7364ms)
✔ C1 controls fail closed before diagnostics or rendering (16.206ms)
✔ Unicode bidi controls fail closed before diagnostics or rendering (42.2834ms)
✔ bounded UTF-8 measurement matches raw and JSON encoding boundaries (0.3645ms)
✔ secret-bearing unknown property keys stop at the parent before schema validation (2.4281ms)
✔ oversized compiler input rejects before serialization or UTF-8 buffer allocation (9.7428ms)
✔ secret-bearing input is rejected without echoing the secret (1.5583ms)
✔ digest tampering fails verification and renderer reconstruction (13.1611ms)
✔ renderer output is deterministic and binds paths, blueprints, bytes, and compilation (152.8183ms)
✔ package verification rejects oversized content before UTF-8 buffer allocation (79.6702ms)
✔ trusted package verification succeeds and coordinated recomputation cannot reuse approval (42.2255ms)
✔ rendered manifest binds every emitted contract and integration file digest (11.9605ms)
✔ first-run specialist example is deterministic, approval-bound, and read-only (1522.4128ms)
✔ first-run specialist example rejects a stale source approval before compilation (526.9764ms)
✔ first-run approval parsing is bounded, strict UTF-8, and duplicate-aware (1207.151ms)
✔ first-run approval objects reject unknown fields at every boundary (941.0919ms)
✔ first-run source paths reject unsafe, non-scalar, and secret-bearing forms before I/O (3300.2174ms)
✔ first-run source reads reject directories and external junction targets (582.1959ms)
✔ first-run rejects secret-bearing approval paths without echoing them (249.1243ms)
✔ raw specialist handoffs verify exact package, blueprint, evidence, and artifact bindings (394.1291ms)
✔ handoff verification fails closed on stale identity, incomplete evidence, malformed JSON, and secrets (113.488ms)
✔ handoff verification binds artifact media types and permits only normalized LF controls (95.6067ms)
✔ fan-in is ready only for one PASS handoff from every exact transitive dependency (85.5854ms)
✔ fan-in rejects valid handoffs from agents outside the target dependency closure (22.9393ms)
✔ handoff byte boundaries reject proxies and accessors without invoking caller code (34.8072ms)
✔ decoded handoff overflow is SC4402 while malformed base64 remains SC4401 (610.0187ms)
✔ bundled specialist schemas have exact source parity (9.9698ms)
✔ create, restore, inspect, and record perform no first-use filesystem reads (3118.4449ms)
✔ inspection derives manifest contracts, DAG statuses, evidence, and complete-roster readiness (5763.952ms)
✔ inspection closes every non-pass route and marks all unsettled work session-routed (3083.1987ms)
✔ public run constants, operations, schema export, and V11 compatibility are exact (4.0835ms)
✔ the strict schema accepts both canonical roots and closes every nested object (12.5602ms)
✔ schema boundaries and every workflow route remain exact (129.0477ms)
✔ recording is monotonic, dependency-gated, replay-safe, and source-preserving (761.9971ms)
✔ every verified non-pass outcome records once and terminally routes later work (1331.0558ms)
✔ recording applies validation and handoff diagnostic precedence without caller mutation (110.8511ms)
✔ root, chain, diamond, fan-out, fan-in, disconnected, and complete DAGs agree with V11 (7936.3411ms)
✔ all valid independent arrival permutations converge to one session and inspection (6375.4835ms)
✔ fresh-process restore and inspection preserve canonical semantics without host state (508.883ms)
✔ restore, expectation, caller-code, and coordinated-substitution attacks fail closed (79.5851ms)
✔ handoff attacks, transition precedence, replay, and every non-pass route are closed (763.9719ms)
✔ the 16-agent maximum-handoff aggregate converges below conservative run safeguards (86390.9818ms)
✔ raw handoff and run input boundaries reject one-unit excess without truncation (6676.0896ms)
✔ the specialist schemas and every definition compile in strict Ajv 2020 mode (311.885ms)
✔ the specialist schema accepts its two canonical closed input kinds (192.2766ms)
✔ the handoff schema accepts every canonical outcome and remains closed (67.4007ms)
✔ every concrete specialist input object boundary rejects provider-shaped fields (150.4594ms)
✔ role and runtime supply cannot enter goal, request, work, or proposal contracts (125.5816ms)
✔ repository context requires readScope and external context forbids it (80.6102ms)
✔ permission kinds are the exact provider-neutral schema set (103.4889ms)
✔ specialist references stay inside package-owned v1alpha1 schemas (30.8268ms)
✔ TypeScript ESM output loads with the approved production dependencies (111.9824ms)
✔ inspection reconstructs interleaved runs, parallel attempts, retries, outcomes, and evidence (437.239ms)
▶ [T12] zero-event terminators are accepted once and rejected when repeated
  ✔ empty-file (7.1754ms)
  ✔ single-final-lf (4.0947ms)
  ✔ single-final-crlf (3.8299ms)
  ✔ repeated-final-lf (4.443ms)
  ✔ repeated-final-crlf (6.331ms)
✔ [T12] zero-event terminators are accepted once and rejected when repeated (27.7065ms)
✔ logical order accepts valid same-run backward causation and ignores timestamps (5.9041ms)
▶ sequence, event identity, and causation diagnostics are deterministic
  ✔ duplicate sequence (5.0263ms)
  ✔ regressing sequence (6.0032ms)
  ✔ duplicate event id (5.9345ms)
  ✔ missing cause (4.7122ms)
  ✔ forward cause (4.9995ms)
  ✔ cross-run cause (11.9983ms)
✔ sequence, event identity, and causation diagnostics are deterministic (40.2679ms)
▶ [T14] every legal attempt transition is accepted
  ✔ queued-to-running (11.9172ms)
  ✔ queued-to-cancelled (8.5785ms)
  ✔ running-to-input_required (6.3437ms)
  ✔ running-to-completed (5.6303ms)
  ✔ running-to-failed (6.9965ms)
  ✔ running-to-cancelled (5.2854ms)
  ✔ running-to-timed_out (6.4035ms)
  ✔ input_required-to-running (5.0087ms)
  ✔ input_required-to-cancelled (7.1941ms)
  ✔ input_required-to-timed_out (9.2324ms)
✔ [T14] every legal attempt transition is accepted (74.5771ms)
▶ [T04] every disallowed non-terminal transition is rejected
  ✔ queued-to-queued (7.1427ms)
  ✔ queued-to-input_required (6.8027ms)
  ✔ queued-to-completed (12.31ms)
  ✔ queued-to-failed (18.0762ms)
  ✔ queued-to-timed_out (13.8459ms)
  ✔ running-to-queued (4.8273ms)
  ✔ running-to-running (5.0777ms)
  ✔ input_required-to-queued (6.6246ms)
  ✔ input_required-to-input_required (4.876ms)
  ✔ input_required-to-completed (12.2164ms)
  ✔ input_required-to-failed (5.4982ms)
✔ [T04] every disallowed non-terminal transition is rejected (100.146ms)
▶ [T05] every terminal attempt state is immutable
  ✔ completed (8.1343ms)
  ✔ failed (5.1802ms)
  ✔ cancelled (4.979ms)
  ✔ timed_out (5.0741ms)
✔ [T05] every terminal attempt state is immutable (24.4234ms)
✔ heartbeat, cancellation request, and explicit timeout events are accepted in valid states (6.7691ms)
▶ attempt transition and terminal-state violations use their dedicated diagnostics
  ✔ new non-retry must start queued (12.8006ms)
  ✔ queued cannot complete directly (10.5772ms)
  ✔ terminal state is immutable (5.319ms)
  ✔ heartbeat is state-gated (4.7343ms)
✔ attempt transition and terminal-state violations use their dedicated diagnostics (34.3629ms)
▶ [T07] heartbeat and cancellation requests are state-gated
  ✔ heartbeat (5.3141ms)
  ✔ cancellation-request (4.9614ms)
✔ [T07] heartbeat and cancellation requests are state-gated (10.9771ms)
▶ [T10] every attempt-bearing non-state event requires an earlier attempt
  ✔ heartbeat (8.2951ms)
  ✔ outcome (5.9048ms)
  ✔ evidence (5.0216ms)
✔ [T10] every attempt-bearing non-state event requires an earlier attempt (21.1762ms)
▶ [T09] retry lineage rejects wrong, completed, and forked predecessors
  ✔ wrong-predecessor (5.7243ms)
  ✔ completed-parent (5.3311ms)
  ✔ forked-successor (5.2771ms)
✔ [T09] retry lineage rejects wrong, completed, and forked predecessors (17.2966ms)
▶ [T06/T08/T11] retry declarations and attempt identity use dedicated diagnostics
  ✔ T06:missing-link (4.8802ms)
  ✔ T06:not-queued (26.9993ms)
  ✔ T08:metadata-change (8.4307ms)
  ✔ T08:duplicate-work-packet-number (6.347ms)
  ✔ T11:non-retry (5.4433ms)
✔ [T06/T08/T11] retry declarations and attempt identity use dedicated diagnostics (53.6234ms)
▶ attempt identity and retry lineage failures are distinguishable
  ✔ retry link is required (5.1138ms)
  ✔ retry must start queued (4.9981ms)
  ✔ retry lineage must use an eligible predecessor (11.9927ms)
  ✔ attempt declaration is immutable (5.8845ms)
  ✔ non-state attempt reference must already exist (5.2735ms)
✔ attempt identity and retry lineage failures are distinguishable (34.5825ms)
✔ outcome and evidence records may reference a terminal attempt (6.3568ms)
✔ [T15] a failed handoff remains explicit in state and evidence summaries (6.8094ms)
▶ strict JSONL framing rejects BOMs, blanks, lone CR, truncation, duplicate keys, and invalid UTF-8
  ✔ BOM (5.5719ms)
  ✔ blank record (19.0766ms)
  ✔ lone CR (5.9219ms)
  ✔ internal CR before CRLF (6.3758ms)
  ✔ truncated (5.1986ms)
  ✔ duplicate key (6.0371ms)
  ✔ invalid UTF-8 (4.0297ms)
✔ strict JSONL framing rejects BOMs, blanks, lone CR, truncation, duplicate keys, and invalid UTF-8 (53.7515ms)
▶ RunEvent dispatch and exact payload ownership fail closed
  ✔ missing event version (5.5885ms)
  ✔ non-string event version (4.7154ms)
  ✔ unsupported event version (4.5112ms)
  ✔ wrong artifact kind (5.4076ms)
  ✔ payload smuggling (9.1546ms)
  ✔ event metadata description (4.8907ms)
✔ RunEvent dispatch and exact payload ownership fail closed (35.4827ms)
✔ evidence references are grammar-checked but never dereferenced (39.381ms)
▶ [T13] command and test evidence identifiers enforce the 128-character boundary
  ✔ command-at-limit (5.5724ms)
  ✔ command-over-limit (7.7628ms)
  ✔ test-at-limit (4.5092ms)
  ✔ test-over-limit (5.6142ms)
✔ [T13] command and test evidence identifiers enforce the 128-character boundary (24.5949ms)
✔ [L02] bounded reads allocate from the verified descriptor size (0.632ms)
✔ trace paths reject unsafe forms, links, non-files, and detectable mutation (17.0293ms)
✔ line, trace, event-count, and depth ceilings emit dedicated diagnostics (5318.9572ms)
✔ evidence summaries cap deterministically and report exact omissions (141.7993ms)
✔ the normative secret detector has positive and near-miss coverage (0.3491ms)
✔ [PR03] every rendered summary string slot suppresses secrets with one warning (5.9482ms)
✔ secret-bearing trace names are suppressed on invalid-input diagnostics too (4.1709ms)
✔ trace inspection remains offline, process-free, and adapter-free (5.2861ms)
✔ declared TypeScript file defeats ambient and candidate-local command substitution (438.9637ms)
✔ repository-local fallback executes the exact resolved file (365.8744ms)
✔ repository fallback canonicalizes a linked dependency ancestor (397.5537ms)
✔ execution stops when version inspection mutates the bound file (143.9954ms)
✔ execution detects persistent mutation during compilation (248.708ms)
✔ TypeScript binding rejects ambiguous, contained, and linked files (25.5764ms)
✔ package, release gate, and packed consumer bind explicit TypeScript authority (2.7275ms)
✔ the V10 executor dogfood trace is bounded, inspectable, and repeatable (352.4316ms)
✔ the V10 dogfood harness removes its owned workspace after an injected failure (15.0197ms)
✔ dogfood context reads accept regular files inside the repository root (10.7148ms)
✔ dogfood context verification rejects bytes changed by an LF clean filter (1.0296ms)
✔ dogfood context verification accepts LF bytes unchanged by the clean filter (0.4134ms)
✔ dogfood context verification rejects an explicit CRLF checkout before hashing bytes (0.36ms)
✔ dogfood context verification rejects an active custom Git filter (0.3395ms)
✔ dogfood context verification rejects an active working-tree encoding (0.3162ms)
✔ dogfood context verification rejects a source without an explicit eol policy (0.391ms)
✔ dogfood context verification rejects an active filter before hashing bytes (0.2684ms)
✔ dogfood context verification rejects ident expansion before hashing bytes (0.41ms)
✔ dogfood context verification rejects the legacy crlf attribute before hashing bytes (0.4983ms)
✔ dogfood context verification rejects a bare CR under an explicit LF checkout (0.4702ms)
✔ dogfood context verification rejects ambiguous filter names before hashing bytes (0.5854ms)
✔ Git attribute parsing accepts variable unique records and rejects malformed output (2.0595ms)
✔ dogfood context reads reject an in-root junction targeting an external directory (8.2149ms)
✔ dogfood goal and approval controls reject duplicate JSON keys (12.4051ms)
✔ dogfood approval controls reject a parent junction instead of following it (7.5521ms)
✔ dogfood evidence writes reject package-parent redirection before mutation (8.9639ms)
✔ dogfood context verification rejects unsupported source kinds (2.6524ms)
✔ dogfood context verification requires one exact attribute-policy binding (1.6452ms)
✔ every active V11 source is LF clean-filter stable with the attribute policy bound (8522.5846ms)
✔ prelaunch audit authenticates the complete candidate without self-reference (0.9159ms)
✔ prelaunch audit forces an independent binder and compilation reviewer (107.9611ms)
✔ launch authorization binds both packages, the verification receipt, and the exact PASS handoff (23.5646ms)
✔ launch authorization rejects malformed, non-PASS, stale, and incomplete audit handoffs (1099.012ms)
✔ launch authorization accepts paired supplementary Unicode in free-text handoff fields (13.4361ms)
▶ launch authorization rejects secret-bearing and non-scalar handoff paths
  ✔ lone high surrogate (8.4807ms)
  ✔ lone low surrogate (9.0516ms)
  ✔ secret (8.1983ms)
✔ launch authorization rejects secret-bearing and non-scalar handoff paths (26.3556ms)
✔ launch authorization rejects unbound or semantically invalid verification receipts (167.2925ms)
✔ launch authorization rejects stale package bindings and unowned handoff paths (10.0768ms)
✔ candidate lock applicability distinguishes glibc and musl (3.6962ms)
✔ candidate dependency and canonical commands use one authenticated npm CLI (8.8634ms)
✔ canonical evidence slot is atomically owned, published, and retry-safe (253.8688ms)
✔ aggregate preparation failures retain every nested cause (1.6165ms)
✔ failed preparation removes every owned resource (18.0546ms)
✔ packed consumer retains and executes the complete TypeScript binding (0.5827ms)
✔ canonical gate materialization uses a constant-process Git blob batch (5279.8627ms)
✖ candidate materialization excludes and detects uncommitted verification inputs (124.4284ms)
✔ candidate lock and private dependency closure reject substitution (21.716ms)
✔ runtime ancestor package supply is detected before candidate execution (6.5582ms)
✖ candidate Git context is disposable, exact, and usable from the materialization (138.1279ms)
✖ canonical gate closes hostile host environment and binds effective authority (76.8044ms)
✔ candidate scratch cleanup supports reverse owner order (6.2937ms)
✔ empty-directory pruning preserves unrelated state (5.0848ms)
✔ canonical command is pinned to the authenticated materialization (0.6581ms)
✔ R2 closes the stronger receipt and all six causal security sources (0.8184ms)
✔ R2 correction review context remains bounded with primary evidence (2127.5891ms)
✖ paths mode remains closed and rejects malformed candidate identities (114.5628ms)
✔ release-review parent rejects unsafe paths and non-exact lock supply (5.1478ms)
✔ release-review parent detects closure mutation and promotes immutable bytes (30.4048ms)
✔ release-review promotion preflights the full set and commits the receipt last (35.9964ms)
✔ release-review parent closes environment, outputs, cleanup, and promotion order (27.0789ms)
✔ installed npm 10 or newer uses exact production private configs and rejects the old alias (1032.2311ms)
✔ private npm substitution routes stop before process spawn and clean up (172.1217ms)
✔ candidate blob batch parsing preserves binary bytes and fails closed (5.8738ms)
✔ parent and verifier harness loaders use constant-process Git blob batches (5829.0797ms)
✔ Git blob fixtures retain only explicit closed Git configuration (0.3352ms)
✔ Git blob fixtures execute in a fresh process under the closed Git environment (1171.956ms)
✔ Git changed-path diagnostics are canonical and fail closed (0.6758ms)
✔ scoped parent timeout owns residue, kills descendants, and reports timeout first (1200.4092ms)
✔ release-review parent and workers preserve the candidate-runtime import boundary (158.4566ms)
✔ runtime binding is deterministic and fails closed after identity mutation (0.8941ms)
✔ stable runtime policy excludes invocation-specific temporary paths (0.4968ms)
✔ closed phase grammar reconstructs prefixes from exact external inputs (0.8687ms)
✔ handoff paths reject non-scalars, controls, non-NFC text, and aliases before use (2.5145ms)
✔ stable reconstruction and phase authority reject substitution independently (1.4827ms)
✔ copied production lifecycle excludes correction evidence after its sealed history (0.1979ms)
✔ copied production lifecycle consumes the fresh-process release-gate cache supply (683.4517ms)
✔ nested fixture repository processes discard an enclosing candidate Git context (828.2049ms)
✔ materialized lifecycle executes and receipts one external TypeScript adapter (575.7046ms)
✔ lifecycle TypeScript evidence parser fails closed (1.7192ms)
✔ release runtime and npm compatibility policies are portable and closed (0.3927ms)
✔ candidate TypeScript log uses canonical compact JSON and private binding (0.5568ms)
✔ lifecycle adapter compiles the bounded input with host TypeScript (579.1219ms)
✔ materialized lifecycle detects persistent compiler mutation after child return (274.495ms)
✔ lifecycle production identities match current source bytes (2.2198ms)
✔ canonical npm test schedules the exact lifecycle after the core suite (0.6801ms)
✔ materialized package closure rejects linked and hard-linked entries (7.975ms)
✔ closed private state rejects source mutation and undeclared post-build files (53.3632ms)
✔ explicit cache and ancestor resolver boundaries fail closed (22.3872ms)
✔ stable reconstruction is package-defining while phase authority stays separate (2.0382ms)
✔ active release status avoids volatile candidate-state drift and preserves outcomes (1.707ms)
✔ live release routing delegates volatile state to candidate-addressed evidence (1.6282ms)
✔ candidate-addressed run roots are closed, disjoint, and preserve Candidate 3 evidence (1293.582ms)
✔ correction lineage requires revisions 1 through 10 and has no terminal count (1.2106ms)
✔ working-tree-only inputs and unsafe handoff paths fail closed (0.4887ms)
✔ review package covers every transitive release-security source exactly once (1566.6422ms)
✔ release-review receipt consumer requires bound v1alpha4 execution authority (1.2091ms)
✔ post-commit gate evidence is captured outside the candidate without self-reference (0.4704ms)
✔ reviewer snapshots and tooling identity use exact candidate Git blobs (1.124ms)
✔ revision 9 package and handoff verification rejects substituted bytes (324.964ms)
ℹ tests 458
ℹ suites 0
ℹ pass 454
ℹ fail 4
ℹ cancelled 0
ℹ skipped 0
ℹ todo 0
ℹ duration_ms 110450.2522

✖ failing tests:

test at test\v12-release-gate.test.mjs:319:1
✖ candidate materialization excludes and detects uncommitted verification inputs (124.4284ms)
  Error: Unable to resolve candidate commit.
      at requireCondition (file:///C:/Users/garre/AppData/Local/Temp/swecircuit-v12-release-gate/work/candidate-NB4xlW/scripts/run-v12-release-gate.mjs:165:11)
      at candidateTree (file:///C:/Users/garre/AppData/Local/Temp/swecircuit-v12-release-gate/work/candidate-NB4xlW/scripts/run-v12-release-gate.mjs:376:3)
      at Object.materializeCandidateSource (file:///C:/Users/garre/AppData/Local/Temp/swecircuit-v12-release-gate/work/candidate-NB4xlW/scripts/run-v12-release-gate.mjs:1087:29)
      at TestContext.<anonymous> (file:///C:/Users/garre/AppData/Local/Temp/swecircuit-v12-release-gate/work/candidate-NB4xlW/test/v12-release-gate.test.mjs:322:57)
      at Test.runInAsyncScope (node:async_hooks:228:14)
      at Test.run (node:internal/test_runner/test:1118:25)
      at Test.processPendingSubtests (node:internal/test_runner/test:787:18)
      at Test.postRun (node:internal/test_runner/test:1247:19)
      at Test.run (node:internal/test_runner/test:1175:12)
      at async Test.processPendingSubtests (node:internal/test_runner/test:787:7)

test at test\v12-release-gate.test.mjs:484:1
✖ candidate Git context is disposable, exact, and usable from the materialization (138.1279ms)
  Error: Unable to resolve candidate commit.
      at requireCondition (file:///C:/Users/garre/AppData/Local/Temp/swecircuit-v12-release-gate/work/candidate-NB4xlW/scripts/run-v12-release-gate.mjs:165:11)
      at candidateTree (file:///C:/Users/garre/AppData/Local/Temp/swecircuit-v12-release-gate/work/candidate-NB4xlW/scripts/run-v12-release-gate.mjs:376:3)
      at Object.materializeCandidateSource (file:///C:/Users/garre/AppData/Local/Temp/swecircuit-v12-release-gate/work/candidate-NB4xlW/scripts/run-v12-release-gate.mjs:1087:29)
      at TestContext.<anonymous> (file:///C:/Users/garre/AppData/Local/Temp/swecircuit-v12-release-gate/work/candidate-NB4xlW/test/v12-release-gate.test.mjs:488:57)
      at Test.runInAsyncScope (node:async_hooks:228:14)
      at Test.run (node:internal/test_runner/test:1118:25)
      at Test.processPendingSubtests (node:internal/test_runner/test:787:18)
      at Test.postRun (node:internal/test_runner/test:1247:19)
      at Test.run (node:internal/test_runner/test:1175:12)
      at async Test.processPendingSubtests (node:internal/test_runner/test:787:7)

test at test\v12-release-gate.test.mjs:596:1
✖ canonical gate closes hostile host environment and binds effective authority (76.8044ms)
  Error: Unable to resolve candidate commit.
      at requireCondition (file:///C:/Users/garre/AppData/Local/Temp/swecircuit-v12-release-gate/work/candidate-NB4xlW/scripts/run-v12-release-gate.mjs:165:11)
      at candidateTree (file:///C:/Users/garre/AppData/Local/Temp/swecircuit-v12-release-gate/work/candidate-NB4xlW/scripts/run-v12-release-gate.mjs:376:3)
      at Object.materializeCandidateSource (file:///C:/Users/garre/AppData/Local/Temp/swecircuit-v12-release-gate/work/candidate-NB4xlW/scripts/run-v12-release-gate.mjs:1087:29)
      at TestContext.<anonymous> (file:///C:/Users/garre/AppData/Local/Temp/swecircuit-v12-release-gate/work/candidate-NB4xlW/test/v12-release-gate.test.mjs:615:53)
      at Test.runInAsyncScope (node:async_hooks:228:14)
      at Test.run (node:internal/test_runner/test:1118:25)
      at Test.processPendingSubtests (node:internal/test_runner/test:787:18)
      at Test.postRun (node:internal/test_runner/test:1247:19)
      at Test.run (node:internal/test_runner/test:1175:12)
      at async Test.processPendingSubtests (node:internal/test_runner/test:787:7)

test at test\v12-release-gate.test.mjs:966:1
✖ paths mode remains closed and rejects malformed candidate identities (114.5628ms)
  AssertionError [ERR_ASSERTION]: Unable to inspect Git ignore policy for required release-gate evidence: docs/specs/v12-ide-run-loop/evidence/release-review-r2/inputs/canonical-gates/0123456789abcdef0123456789abcdef01234567/canonical-gate-receipt.json.
  
  
  1 !== 0
  
      at TestContext.<anonymous> (file:///C:/Users/garre/AppData/Local/Temp/swecircuit-v12-release-gate/work/candidate-NB4xlW/test/v12-release-gate.test.mjs:969:10)
      at Test.runInAsyncScope (node:async_hooks:228:14)
      at Test.run (node:internal/test_runner/test:1118:25)
      at Test.processPendingSubtests (node:internal/test_runner/test:787:18)
      at Test.postRun (node:internal/test_runner/test:1247:19)
      at Test.run (node:internal/test_runner/test:1175:12)
      at async Test.processPendingSubtests (node:internal/test_runner/test:787:7) {
    generatedMessage: false,
    code: 'ERR_ASSERTION',
    actual: 1,
    expected: 0,
    operator: 'strictEqual',
    diff: 'simple'
  }
