scripts\run-v12-dogfood.mjs:34:11 lint/style/useTemplate  FIXABLE  ━━━━━━━━━━━━━━━━━━━━━━━━━━━━━━━━━

  i Template literals are preferred over string concatenation.
  
    32 │   {
    33 │     revision: 1,
  > 34 │     root: RELEASE_CORRECTION_BASE + "/release-correction",
       │           ^^^^^^^^^^^^^^^^^^^^^^^^^^^^^^^^^^^^^^^^^^^^^^^
    35 │     expectation: {
    36 │       compilationDigest: "sha256:45fa97ffb1fdb7f95ae33203e9f727c0f66c27a1b2fa344f06a9569b165ae4c2",
  
  i Unsafe fix: Use a template literal.
  
      32   32 │     {
      33   33 │       revision: 1,
      34      │ - ····root:·RELEASE_CORRECTION_BASE·+·"/release-correction",
           34 │ + ····root:·`${RELEASE_CORRECTION_BASE}/release-correction`,
      35   35 │       expectation: {
      36   36 │         compilationDigest: "sha256:45fa97ffb1fdb7f95ae33203e9f727c0f66c27a1b2fa344f06a9569b165ae4c2",
  

scripts\run-v12-dogfood.mjs:75:11 lint/style/useTemplate  FIXABLE  ━━━━━━━━━━━━━━━━━━━━━━━━━━━━━━━━━

  i Template literals are preferred over string concatenation.
  
    73 │   {
    74 │     revision: 2,
  > 75 │     root: RELEASE_CORRECTION_BASE + "/release-correction-r2",
       │           ^^^^^^^^^^^^^^^^^^^^^^^^^^^^^^^^^^^^^^^^^^^^^^^^^^
    76 │     expectation: {
    77 │       compilationDigest: "sha256:ce22dcd5bc7b96d7399fa792ab9ab35c0b10af9a0a4c437fd3d184dfe3eec672",
  
  i Unsafe fix: Use a template literal.
  
      73   73 │     {
      74   74 │       revision: 2,
      75      │ - ····root:·RELEASE_CORRECTION_BASE·+·"/release-correction-r2",
           75 │ + ····root:·`${RELEASE_CORRECTION_BASE}/release-correction-r2`,
      76   76 │       expectation: {
      77   77 │         compilationDigest: "sha256:ce22dcd5bc7b96d7399fa792ab9ab35c0b10af9a0a4c437fd3d184dfe3eec672",
  

scripts\run-v12-dogfood.mjs:104:11 lint/style/useTemplate  FIXABLE  ━━━━━━━━━━━━━━━━━━━━━━━━━━━━━━━━

  i Template literals are preferred over string concatenation.
  
    102 │   {
    103 │     revision: 3,
  > 104 │     root: RELEASE_CORRECTION_BASE + "/release-correction-r3",
        │           ^^^^^^^^^^^^^^^^^^^^^^^^^^^^^^^^^^^^^^^^^^^^^^^^^^
    105 │     expectation: {
    106 │       compilationDigest: "sha256:ded9a26906a9a00a5f0b12dc3420e909a91e70ef9a3ee03905ac1676efb40638",
  
  i Unsafe fix: Use a template literal.
  
     102  102 │     {
     103  103 │       revision: 3,
     104      │ - ····root:·RELEASE_CORRECTION_BASE·+·"/release-correction-r3",
          104 │ + ····root:·`${RELEASE_CORRECTION_BASE}/release-correction-r3`,
     105  105 │       expectation: {
     106  106 │         compilationDigest: "sha256:ded9a26906a9a00a5f0b12dc3420e909a91e70ef9a3ee03905ac1676efb40638",
  

scripts\run-v12-dogfood.mjs:133:11 lint/style/useTemplate  FIXABLE  ━━━━━━━━━━━━━━━━━━━━━━━━━━━━━━━━

  i Template literals are preferred over string concatenation.
  
    131 │   {
    132 │     revision: 4,
  > 133 │     root: RELEASE_CORRECTION_BASE + "/release-correction-r4",
        │           ^^^^^^^^^^^^^^^^^^^^^^^^^^^^^^^^^^^^^^^^^^^^^^^^^^
    134 │     expectation: {
    135 │       compilationDigest: "sha256:aa13bb1f6a8ff21658b718ccd46e6a5a26dacd8d1c9baa990b92e37161627660",
  
  i Unsafe fix: Use a template literal.
  
     131  131 │     {
     132  132 │       revision: 4,
     133      │ - ····root:·RELEASE_CORRECTION_BASE·+·"/release-correction-r4",
          133 │ + ····root:·`${RELEASE_CORRECTION_BASE}/release-correction-r4`,
     134  134 │       expectation: {
     135  135 │         compilationDigest: "sha256:aa13bb1f6a8ff21658b718ccd46e6a5a26dacd8d1c9baa990b92e37161627660",
  

scripts\run-v12-dogfood.mjs:167:13 lint/style/useTemplate  FIXABLE  ━━━━━━━━━━━━━━━━━━━━━━━━━━━━━━━━

  i Template literals are preferred over string concatenation.
  
    165 │     route: "redesign",
    166 │     binding: {
  > 167 │       path: RELEASE_CORRECTION_BASE + "/release-correction-r2/replan.json",
        │             ^^^^^^^^^^^^^^^^^^^^^^^^^^^^^^^^^^^^^^^^^^^^^^^^^^^^^^^^^^^^^^
    168 │       bytes: 3795,
    169 │       digest: "sha256:73fcd5841f739c4f353355ddba6b412d68c3b2d8233ccc371ef2de9a2477d282",
  
  i Unsafe fix: Use a template literal.
  
     165  165 │       route: "redesign",
     166  166 │       binding: {
     167      │ - ······path:·RELEASE_CORRECTION_BASE·+·"/release-correction-r2/replan.json",
          167 │ + ······path:·`${RELEASE_CORRECTION_BASE}/release-correction-r2/replan.json`,
     168  168 │         bytes: 3795,
     169  169 │         digest: "sha256:73fcd5841f739c4f353355ddba6b412d68c3b2d8233ccc371ef2de9a2477d282",
  

scripts\run-v12-dogfood.mjs:177:13 lint/style/useTemplate  FIXABLE  ━━━━━━━━━━━━━━━━━━━━━━━━━━━━━━━━

  i Template literals are preferred over string concatenation.
  
    175 │     route: "split",
    176 │     binding: {
  > 177 │       path: RELEASE_CORRECTION_BASE + "/release-correction-r3/replan.json",
        │             ^^^^^^^^^^^^^^^^^^^^^^^^^^^^^^^^^^^^^^^^^^^^^^^^^^^^^^^^^^^^^^
    178 │       bytes: 2807,
    179 │       digest: "sha256:67eac872b0d88bbade9af9afda268178f57077b0abdc4f605444ead1da6c186c",
  
  i Unsafe fix: Use a template literal.
  
     175  175 │       route: "split",
     176  176 │       binding: {
     177      │ - ······path:·RELEASE_CORRECTION_BASE·+·"/release-correction-r3/replan.json",
          177 │ + ······path:·`${RELEASE_CORRECTION_BASE}/release-correction-r3/replan.json`,
     178  178 │         bytes: 2807,
     179  179 │         digest: "sha256:67eac872b0d88bbade9af9afda268178f57077b0abdc4f605444ead1da6c186c",
  

scripts\run-v12-dogfood.mjs:187:13 lint/style/useTemplate  FIXABLE  ━━━━━━━━━━━━━━━━━━━━━━━━━━━━━━━━

  i Template literals are preferred over string concatenation.
  
    185 │     route: "split",
    186 │     binding: {
  > 187 │       path: RELEASE_CORRECTION_BASE + "/release-correction-r4/replan.json",
        │             ^^^^^^^^^^^^^^^^^^^^^^^^^^^^^^^^^^^^^^^^^^^^^^^^^^^^^^^^^^^^^^
    188 │       bytes: 2701,
    189 │       digest: "sha256:64376261a673ebc7ec29222ee90569097915879521d8ea062a36a9d156e8b34d",
  
  i Unsafe fix: Use a template literal.
  
     185  185 │       route: "split",
     186  186 │       binding: {
     187      │ - ······path:·RELEASE_CORRECTION_BASE·+·"/release-correction-r4/replan.json",
          187 │ + ······path:·`${RELEASE_CORRECTION_BASE}/release-correction-r4/replan.json`,
     188  188 │         bytes: 2701,
     189  189 │         digest: "sha256:64376261a673ebc7ec29222ee90569097915879521d8ea062a36a9d156e8b34d",
  

scripts\run-v12-dogfood.mjs:200:10 lint/style/useTemplate  FIXABLE  ━━━━━━━━━━━━━━━━━━━━━━━━━━━━━━━━

  i Template literals are preferred over string concatenation.
  
    199 │ function rawDigest(bytes) {
  > 200 │   return "sha256:" + createHash("sha256").update(bytes).digest("hex");
        │          ^^^^^^^^^^^^^^^^^^^^^^^^^^^^^^^^^^^^^^^^^^^^^^^^^^^^^^^^^^^^
    201 │ }
    202 │ 
  
  i Unsafe fix: Use a template literal.
  
     198  198 │   
     199  199 │   function rawDigest(bytes) {
     200      │ - ··return·"sha256:"·+·createHash("sha256").update(bytes).digest("hex");
          200 │ + ··return·`sha256:${createHash("sha256").update(bytes).digest("hex")}`;
     201  201 │   }
     202  202 │   
  

scripts\run-v12-dogfood.mjs:204:33 lint/style/useTemplate  FIXABLE  ━━━━━━━━━━━━━━━━━━━━━━━━━━━━━━━━

  i Template literals are preferred over string concatenation.
  
    203 │ function expectOk(label, result) {
  > 204 │   assert.equal(result.ok, true, label + ": " + JSON.stringify(result.diagnostics));
        │                                 ^^^^^^^^^^^^^^^^^^^^^^^^^^^^^^^^^^^^^^^^^^^^^^^^^
    205 │   assert.notEqual(result.value, null, label + ": missing value");
    206 │   return result.value;
  
  i Unsafe fix: Use a template literal.
  
     202  202 │   
     203  203 │   function expectOk(label, result) {
     204      │ - ··assert.equal(result.ok,·true,·label·+·":·"·+·JSON.stringify(result.diagnostics));
          204 │ + ··assert.equal(result.ok,·true,·`${label}:·${JSON.stringify(result.diagnostics)}`);
     205  205 │     assert.notEqual(result.value, null, label + ": missing value");
     206  206 │     return result.value;
  

scripts\run-v12-dogfood.mjs:205:39 lint/style/useTemplate  FIXABLE  ━━━━━━━━━━━━━━━━━━━━━━━━━━━━━━━━

  i Template literals are preferred over string concatenation.
  
    203 │ function expectOk(label, result) {
    204 │   assert.equal(result.ok, true, label + ": " + JSON.stringify(result.diagnostics));
  > 205 │   assert.notEqual(result.value, null, label + ": missing value");
        │                                       ^^^^^^^^^^^^^^^^^^^^^^^^^
    206 │   return result.value;
    207 │ }
  
  i Unsafe fix: Use a template literal.
  
     203  203 │   function expectOk(label, result) {
     204  204 │     assert.equal(result.ok, true, label + ": " + JSON.stringify(result.diagnostics));
     205      │ - ··assert.notEqual(result.value,·null,·label·+·":·missing·value");
          205 │ + ··assert.notEqual(result.value,·null,·`${label}:·missing·value`);
     206  206 │     return result.value;
     207  207 │   }
  

scripts\run-v12-dogfood.mjs:210:34 lint/style/useTemplate  FIXABLE  ━━━━━━━━━━━━━━━━━━━━━━━━━━━━━━━━

  i Template literals are preferred over string concatenation.
  
    209 │ function expectDiagnostic(label, result, code) {
  > 210 │   assert.equal(result.ok, false, label + ": expected " + code);
        │                                  ^^^^^^^^^^^^^^^^^^^^^^^^^^^^
    211 │   assert.equal(result.value, null, label + ": failure returned a value");
    212 │   assert.ok(
  
  i Unsafe fix: Use a template literal.
  
     208  208 │   
     209  209 │   function expectDiagnostic(label, result, code) {
     210      │ - ··assert.equal(result.ok,·false,·label·+·":·expected·"·+·code);
          210 │ + ··assert.equal(result.ok,·false,·`${label}:·expected·${code}`);
     211  211 │     assert.equal(result.value, null, label + ": failure returned a value");
     212  212 │     assert.ok(
  

scripts\run-v12-dogfood.mjs:211:36 lint/style/useTemplate  FIXABLE  ━━━━━━━━━━━━━━━━━━━━━━━━━━━━━━━━

  i Template literals are preferred over string concatenation.
  
    209 │ function expectDiagnostic(label, result, code) {
    210 │   assert.equal(result.ok, false, label + ": expected " + code);
  > 211 │   assert.equal(result.value, null, label + ": failure returned a value");
        │                                    ^^^^^^^^^^^^^^^^^^^^^^^^^^^^^^^^^^^^
    212 │   assert.ok(
    213 │     result.diagnostics.some((diagnostic) => diagnostic.code === code),
  
  i Unsafe fix: Use a template literal.
  
     209  209 │   function expectDiagnostic(label, result, code) {
     210  210 │     assert.equal(result.ok, false, label + ": expected " + code);
     211      │ - ··assert.equal(result.value,·null,·label·+·":·failure·returned·a·value");
          211 │ + ··assert.equal(result.value,·null,·`${label}:·failure·returned·a·value`);
     212  212 │     assert.ok(
     213  213 │       result.diagnostics.some((diagnostic) => diagnostic.code === code),
  

scripts\run-v12-dogfood.mjs:214:5 lint/style/useTemplate  FIXABLE  ━━━━━━━━━━━━━━━━━━━━━━━━━━━━━━━━━

  i Template literals are preferred over string concatenation.
  
    212 │   assert.ok(
    213 │     result.diagnostics.some((diagnostic) => diagnostic.code === code),
  > 214 │     label + ": missing " + code + ": " + JSON.stringify(result.diagnostics),
        │     ^^^^^^^^^^^^^^^^^^^^^^^^^^^^^^^^^^^^^^^^^^^^^^^^^^^^^^^^^^^^^^^^^^^^^^^
    215 │   );
    216 │   return code;
  
  i Unsafe fix: Use a template literal.
  
     212  212 │     assert.ok(
     213  213 │       result.diagnostics.some((diagnostic) => diagnostic.code === code),
     214      │ - ····label·+·":·missing·"·+·code·+·":·"·+·JSON.stringify(result.diagnostics),
          214 │ + ····`${label}:·missing·${code}:·${JSON.stringify(result.diagnostics)}`,
     215  215 │     );
     216  216 │     return code;
  

scripts\run-v12-dogfood.mjs:221:9 lint/style/useTemplate  FIXABLE  ━━━━━━━━━━━━━━━━━━━━━━━━━━━━━━━━━

  i Template literals are preferred over string concatenation.
  
    219 │ function buildGoal() {
    220 │   const acceptanceCriteria = WORK_UNIT_IDS.map((id) => ({
  > 221 │     id: "criterion." + id,
        │         ^^^^^^^^^^^^^^^^^
    222 │     description: "Complete " + id + ".",
    223 │     evidenceRequirements: [
  
  i Unsafe fix: Use a template literal.
  
     219  219 │   function buildGoal() {
     220  220 │     const acceptanceCriteria = WORK_UNIT_IDS.map((id) => ({
     221      │ - ····id:·"criterion."·+·id,
          221 │ + ····id:·`criterion.${id}`,
     222  222 │       description: "Complete " + id + ".",
     223  223 │       evidenceRequirements: [
  

scripts\run-v12-dogfood.mjs:222:18 lint/style/useTemplate  FIXABLE  ━━━━━━━━━━━━━━━━━━━━━━━━━━━━━━━━

  i Template literals are preferred over string concatenation.
  
    220 │   const acceptanceCriteria = WORK_UNIT_IDS.map((id) => ({
    221 │     id: "criterion." + id,
  > 222 │     description: "Complete " + id + ".",
        │                  ^^^^^^^^^^^^^^^^^^^^^^
    223 │     evidenceRequirements: [
    224 │       {
  
  i Unsafe fix: Use a template literal.
  
     220  220 │     const acceptanceCriteria = WORK_UNIT_IDS.map((id) => ({
     221  221 │       id: "criterion." + id,
     222      │ - ····description:·"Complete·"·+·id·+·".",
          222 │ + ····description:·`Complete·${id}.`,
     223  223 │       evidenceRequirements: [
     224  224 │         {
  

scripts\run-v12-dogfood.mjs:225:13 lint/style/useTemplate  FIXABLE  ━━━━━━━━━━━━━━━━━━━━━━━━━━━━━━━━

  i Template literals are preferred over string concatenation.
  
    223 │     evidenceRequirements: [
    224 │       {
  > 225 │         id: "evidence." + id,
        │             ^^^^^^^^^^^^^^^^
    226 │         kind: "review",
    227 │         duty: "produce",
  
  i Unsafe fix: Use a template literal.
  
     223  223 │       evidenceRequirements: [
     224  224 │         {
     225      │ - ········id:·"evidence."·+·id,
          225 │ + ········id:·`evidence.${id}`,
     226  226 │           kind: "review",
     227  227 │           duty: "produce",
  

src\specialist-handoff-schema-data.ts:438:49 lint/complexity/noUselessStringRaw ━━━━━━━━━━━━━━━━━━━━

  i String.raw is useless when the raw string doesn't contain any escape sequence.
  
    436 │ `;
    437 │ 
  > 438 │ export const SPECIALIST_HANDOFF_SCHEMA_SOURCE = String.raw`{
        │                                                 ^^^^^^^^^^^^
  > 439 │   "$schema": "https://json-schema.org/draft/2020-12/schema",
         ...
  > 624 │   }
  > 625 │ }
  > 626 │ `;
        │ ^
    627 │ 
  
  i Remove the String.raw call because it's useless here, String.raw can deal with string which contains escape sequence like \n, \t, \r, \\, \", \'.
  

src\specialist-run-schema-data.ts:1:45 lint/complexity/noUselessStringRaw ━━━━━━━━━━━━━━━━━━━━━━━━━━

  i String.raw is useless when the raw string doesn't contain any escape sequence.
  
    > 1 │ export const SPECIALIST_RUN_SCHEMA_SOURCE = String.raw`{
        │                                             ^^^^^^^^^^^^
    > 2 │   "$schema": "https://json-schema.org/draft/2020-12/schema",
    > 3 │   "$id": "https://github.com/GarrettAudet/SWECircuit/schemas/v1alpha1/specialist-run.schema.json",
    > 4 │   "title": "SWECircuit Specialist Run v1alpha1",
         ...
  > 721 │   }
  > 722 │ }
  > 723 │ `;
        │ ^
    724 │ 
  
  i Remove the String.raw call because it's useless here, String.raw can deal with string which contains escape sequence like \n, \t, \r, \\, \", \'.
  

src\specialist-schema-data.ts:438:50 lint/complexity/noUselessStringRaw ━━━━━━━━━━━━━━━━━━━━━━━━━━━━

  i String.raw is useless when the raw string doesn't contain any escape sequence.
  
     436 │ `;
     437 │ 
   > 438 │ export const SPECIALIST_COMPILER_SCHEMA_SOURCE = String.raw`{
         │                                                  ^^^^^^^^^^^^
   > 439 │   "$schema": "https://json-schema.org/draft/2020-12/schema",
          ...
  > 1074 │   }
  > 1075 │ }
  > 1076 │ `;
         │ ^
    1077 │ 
  
  i Remove the String.raw call because it's useless here, String.raw can deal with string which contains escape sequence like \n, \t, \r, \\, \", \'.
  

test\specialist-run-foundation.test.mjs:150:35 lint/complexity/noUselessStringRaw ━━━━━━━━━━━━━━━━━━

  i String.raw is useless when the raw string doesn't contain any escape sequence.
  
    148 │ }
    149 │ 
  > 150 │ const NO_FILESYSTEM_READ_SCRIPT = String.raw`
        │                                   ^^^^^^^^^^^
  > 151 │ import assert from "node:assert/strict";
         ...
  > 221 │ process.stdout.write(JSON.stringify({ operation: payload.operation, filesystemReads }));
  > 222 │ `;
        │ ^
    223 │ 
    224 │ test("bundled specialist schemas have exact source parity", async () => {
  
  i Remove the String.raw call because it's useless here, String.raw can deal with string which contains escape sequence like \n, \t, \r, \\, \", \'.
  

