
> swecircuit@0.0.0 verify
> npm run format:check && npm run lint && npm run typecheck && npm test && npm run example:specialist && npm run dogfood:v10 && npm run dogfood:v11 && npm run dogfood:v12 && npm run pack:check && npm run consumer:check


> swecircuit@0.0.0 format:check
> biome format src test schemas examples/specialist-compiler scripts/run-v9-dogfood.mjs scripts/run-v10-dogfood.mjs scripts/run-v11-dogfood.mjs scripts/run-v12-dogfood.mjs scripts/run-v12-release-gate.mjs scripts/run-v12-release-review.mjs docs/specs/v12-ide-run-loop/evidence/release-review-r2/run-release-review.mjs docs/specs/v12-ide-run-loop/evidence/release-review-r2/verify-release-review-handoffs.mjs scripts/check-packed-consumer.mjs scripts/fixtures/packed-consumer-host.ts package.json tsconfig.json biome.json

Checked 97 files in 127ms. No fixes applied.

> swecircuit@0.0.0 lint
> biome lint src test examples/specialist-compiler scripts/run-v9-dogfood.mjs scripts/run-v10-dogfood.mjs scripts/run-v11-dogfood.mjs scripts/run-v12-dogfood.mjs scripts/run-v12-release-gate.mjs scripts/run-v12-release-review.mjs docs/specs/v12-ide-run-loop/evidence/release-review-r2/run-release-review.mjs docs/specs/v12-ide-run-loop/evidence/release-review-r2/verify-release-review-handoffs.mjs scripts/check-packed-consumer.mjs scripts/fixtures/packed-consumer-host.ts

The number of diagnostics exceeds the limit allowed. Use --max-diagnostics to increase it.
Diagnostics not shown: 52.
Checked 83 files in 104ms. No fixes applied.
Found 1 warning.
Found 71 infos.

> swecircuit@0.0.0 typecheck
> tsc -p tsconfig.json --noEmit


> swecircuit@0.0.0 test
> npm run build --silent && node --test test/*.test.mjs

✔ the internal CLI exposes one fixed help surface (460.7921ms)
✔ init, validate, and inspect human output comes from library summaries (2410.194ms)
✔ JSON mode writes exactly one operation result to stdout for success and failure (898.0632ms)
✔ human failures use stderr and never print a success summary (253.4192ms)
✔ human warning results keep success on stdout and warnings on stderr (424.7397ms)
▶ invalid commands and option shapes deterministically emit cli.usage
  ✔ missing command (245.9414ms)
  ✔ unknown command (258.0207ms)
  ✔ unknown option (338.5467ms)
  ✔ duplicate option (193.6245ms)
  ✔ extra positional (217.2709ms)
  ✔ inspect missing trace (226.0414ms)
  ✔ trace on validate (225.6845ms)
  ✔ project id on validate (215.6955ms)
  ✔ command help (270.6265ms)
✔ invalid commands and option shapes deterministically emit cli.usage (2431.4045ms)
✔ unexpected operation throws become one sanitized internal failure (1.8062ms)
✔ the CLI remains a renderer-only internal surface (0.686ms)
✔ the V9 dogfood circuit is measured, bounded, and semantically repeatable (8160.1687ms)
✔ the V9 dogfood harness removes its owned workspace after an injected failure (1671.7134ms)
✔ the V9 dogfood harness cleans up when setup fails after ownership capture (4.6179ms)
✔ the committed observation digest and caller-owned retry trace stay linked (352.8133ms)
✔ one valid packet executes once and returns an immutable V9-compatible journal (373.4312ms)
✔ normal class executors can implement the public port (3.751ms)
✔ operation success stays separate from declared work failure (3.4009ms)
▶ every preflight rejection prevents executor invocation
  ✔ null packet (1.6273ms)
  ✔ null manifest (1.3196ms)
  ✔ wrong packet kind (4.7351ms)
  ✔ incompatible manifest kind (1.522ms)
  ✔ manifest declares kernel-owned output (1.2772ms)
  ✔ executor identity mismatch (1.2117ms)
  ✔ malformed grant (1.1868ms)
  ✔ invalid timeout policy (1.2386ms)
✔ every preflight rejection prevents executor invocation (16.1173ms)
▶ permission grants fail closed in every direction
  ✔ grant misses a manifest request (1.4839ms)
  ✔ grant adds unrequested authority (1.7599ms)
  ✔ grant exceeds packet ceiling (2.3357ms)
  ✔ broad request is not covered by narrow grant (1.1011ms)
  ✔ broad grant is not covered by narrow request (1.0943ms)
✔ permission grants fail closed in every direction (9.3966ms)
▶ throws and malformed settlements become fixed failures without raw values
  ✔ throw (2.1446ms)
  ✔ malformed extra field (1.8295ms)
  ✔ secret evidence (2.4791ms)
✔ throws and malformed settlements become fixed failures without raw values (7.4413ms)
✔ fulfillment observation detaches settlement before later mutation (12.0898ms)
▶ return-bound input canaries fail preflight without leaking
  ✔ run ID (1.7263ms)
  ✔ attempt ID (0.9392ms)
  ✔ correlation ID (1.5633ms)
  ✔ packet ID (1.1885ms)
  ✔ grant ID (1.6606ms)
  ✔ issuer (4.4241ms)
  ✔ executor ID (2.1582ms)
✔ return-bound input canaries fail preflight without leaking (18.2642ms)
▶ already-aborted and already-expired work never invokes the executor
  ✔ caller abort (6.0185ms)
  ✔ packet deadline (6.1507ms)
✔ already-aborted and already-expired work never invokes the executor (14.2004ms)
▶ acknowledged caller cancellation and timeout produce exact terminal journals
  ✔ caller cancellation (3.0931ms)
  ✔ deadline (2.5358ms)
✔ acknowledged caller cancellation and timeout produce exact terminal journals (7.6855ms)
✔ an unacknowledged abort remains non-terminal and late rejection is observed (5.351ms)
✔ completion observed at or after the absolute deadline cannot become success (3.7198ms)
✔ an early deadline wake-up re-arms instead of cancelling work (1.9639ms)
✔ settlement outside the abort acknowledgement window stays unconfirmed (1.9824ms)
▶ hostile proxies and forged signals fail closed without escaping the API
  ✔ revoked work packet (1.0623ms)
  ✔ revoked options (0.4494ms)
  ✔ live proxy traps are not invoked (0.8672ms)
  ✔ revoked AbortSignal proxy (0.8225ms)
  ✔ forged AbortSignal (0.8694ms)
  ✔ revoked settlement (1.7519ms)
✔ hostile proxies and forged signals fail closed without escaping the API (7.0046ms)
▶ snapshot depth and node ceilings reject work before executor invocation
  ✔ huge sparse array (1.7281ms)
  ✔ small sparse array (0.8955ms)
  ✔ dense oversized object (283.3535ms)
  ✔ excessive depth (1.7194ms)
✔ snapshot depth and node ceilings reject work before executor invocation (288.4205ms)
▶ the final invocation gate catches cancellation and deadline changes
  ✔ caller abort while the deadline timer is armed (3.5813ms)
  ✔ deadline reached after the final gate read (3.523ms)
  ✔ deadline reached while the deadline timer is armed (1.7614ms)
✔ the final invocation gate catches cancellation and deadline changes (9.5198ms)
▶ abort cause uses the first observed monotonic event
  ✔ caller observed before deadline remains caller (2.215ms)
  ✔ caller first observed after deadline is deadline (2.8021ms)
✔ abort cause uses the first observed monotonic event (5.5138ms)
▶ direct inputs are detached, bounded, and accessor-free
  ✔ cycle (0.9391ms)
  ✔ accessor (1.033ms)
  ✔ source mutation cannot change executor input (3.067ms)
✔ direct inputs are detached, bounded, and accessor-free (5.6567ms)
✔ initialization creates the smallest valid project with frozen bytes (390.913ms)
✔ an explicit project ID wins and initialization never discovers an ancestor (26.4731ms)
✔ default project ID transformation is exact across edge cases (141.3673ms)
✔ invalid explicit IDs fail before creating owned paths (5.0957ms)
✔ repeated initialization reports every owned collision without changing output (33.8893ms)
✔ manifest collisions preserve exact bytes and do not create a catalog (5.6259ms)
✔ catalog collisions preserve existing content and do not create a manifest (4.5901ms)
✔ a linked catalog is a collision and its target is never changed (8.2796ms)
✔ invalid and missing target roots fail without creating paths (2.8968ms)
▶ every initialization checkpoint fails closed and rolls back owned entries
  ✔ beforeCatalogCreate (13.0153ms)
  ✔ afterCatalogCreate (8.6862ms)
  ✔ beforeModulesCreate (7.4152ms)
  ✔ afterModulesCreate (9.179ms)
  ✔ beforeCircuitsCreate (7.5209ms)
  ✔ afterCircuitsCreate (35.1809ms)
  ✔ beforeManifestOpen (16.0888ms)
  ✔ afterManifestOpen (15.0714ms)
  ✔ afterManifestWrite (20.2451ms)
  ✔ afterManifestFsync (16.4596ms)
  ✔ beforeValidation (17.7473ms)
  ✔ afterValidation (21.2736ms)
  ✔ beforeManifestClose (22.6314ms)
✔ every initialization checkpoint fails closed and rolls back owned entries (213.3046ms)
▶ successful creations that fail before identity capture are preserved and reported
  ✔ afterCatalogCreateBeforeCapture (3.6652ms)
  ✔ afterModulesCreateBeforeCapture (5.1175ms)
  ✔ afterCircuitsCreateBeforeCapture (7.606ms)
  ✔ afterManifestOpenBeforeCapture (11.0921ms)
✔ successful creations that fail before identity capture are preserved and reported (28.35ms)
✔ non-empty rollback targets survive with an explicit cleanup diagnostic (8.5653ms)
✔ identity-changed rollback targets and displaced entries are preserved (11.9761ms)
✔ two coordinated processes produce exactly one initialized project (890.2107ms)
✔ initialization and generated-project validation stay offline and process-free (38.333ms)
✔ initializer source has no network, process, or adapter execution surface (0.5714ms)
✔ runtime diagnostic definitions exactly match the normative catalog (2.8872ms)
✔ strict JSON parsing rejects invalid UTF-8, syntax extensions, duplicate keys, and unsafe numbers (9.8904ms)
✔ strict JSON parsing enforces artifact byte and depth ceilings before validation (120.1961ms)
✔ dispatch fails closed with stable version and kind diagnostics (1.9ms)
✔ schema failures normalize permission, privacy, and stop-condition policy (293.2517ms)
✔ diagnostics are sanitized, deduplicated, and sorted deterministically (1.3277ms)
✔ an explicit minimal project validates without discovery or optional adapters (365.8936ms)
✔ a complete parallel project validates module routing, ownership, joins, and ceilings (94.4037ms)
▶ project loading rejects lexical escapes and every portable forbidden path form
  ✔ parent (8.8354ms)
  ✔ posix absolute (4.4904ms)
  ✔ windows absolute (4.4521ms)
  ✔ unc (4.325ms)
  ✔ device (4.3792ms)
  ✔ alternate stream (3.818ms)
  ✔ URI (5.161ms)
  ✔ backslash (4.251ms)
  ✔ lone high surrogate (4.6887ms)
  ✔ lone low surrogate (7.7919ms)
✔ project loading rejects lexical escapes and every portable forbidden path form (54.4359ms)
✔ project loading distinguishes missing references, non-files, and safe I/O failures (20.0875ms)
✔ contained missing-file diagnostics suppress secret-bearing artifact names (4.3793ms)
▶ explicit project roots reject remote, device, stream, and control forms before I/O
  ✔ file URI (0.2812ms)
  ✔ network URI (0.1328ms)
  ✔ slash UNC (0.1202ms)
  ✔ backslash UNC (0.088ms)
  ✔ device path (0.0839ms)
  ✔ alternate stream (0.1085ms)
  ✔ control character (0.0863ms)
  ✔ lone high surrogate (0.0919ms)
  ✔ lone low surrogate (0.0811ms)
✔ explicit project roots reject remote, device, stream, and control forms before I/O (2.0199ms)
✔ project loading rejects links below the trust root (11.3181ms)
✔ project loading rejects external links without dereferencing their target (10.0388ms)
✔ project validation accepts a root reached through an aliased ancestor (28.9207ms)
✔ canonical containment distinguishes internal aliases from resolved escape (1.1773ms)
✔ project references fail closed for wrong kinds and duplicate identities (91.5733ms)
✔ reference and graph diagnostics identify undeclared outcomes, ports, and fan-in (237.4144ms)
✔ every project and graph reference class emits reference.not-found (249.5947ms)
✔ cycles, fan-out ownership, and permission ceilings are enforced semantically (165.7248ms)
✔ multi-node cycles require a bound on every cyclic route (124.2272ms)
✔ fan-out declarations and entry reachability stay structurally consistent (141.927ms)
✔ permission grammar covers every kind and filesystem prefix boundaries (247.4483ms)
✔ project and circuit collection ceilings emit dedicated limit diagnostics (1413.9445ms)
✔ the documented source-checkout example is repeatable and read-only (3085.5548ms)
✔ the documented initialization grammar works in a temporary project (1940.6813ms)
✔ the quick start remains a private source-checkout interface (1.1978ms)
✔ all v1alpha1 schemas compile together in strict Ajv 2020 mode (311.5818ms)
✔ one canonical fixture for every supported kind passes its schema (348.9103ms)
✔ schema and fixture paths are repository-owned local files (3.4645ms)
✔ the diagnostic catalog and adversarial matrix are closed and internally consistent (15.9734ms)
✔ every concrete object boundary in all six valid fixtures rejects unknown fields (438.5821ms)
✔ the parallel circuit fixture declares fan-out, bounded work ownership, and one fan-in policy (87.4299ms)
✔ schema boundaries reject permission, privacy, compatibility, and terminal-state ambiguity (252.7778ms)
✔ minimal projects and timestamp-free events remain valid (71.9759ms)
✔ package schemas use only local package-owned references and strict known keywords (89.7294ms)
✔ strict parser fixtures expose syntax and duplicate-key failures (30.0217ms)
✔ golden specialist selection: one-agent-optimal (236.0456ms)
✔ golden specialist selection: genuinely-parallel (10.4899ms)
✔ golden specialist selection: under-split (5.9229ms)
✔ golden specialist selection: over-split (7.8532ms)
✔ golden specialist selection: conflict-heavy (15.4574ms)
✔ golden specialist selection: generic-role (8.5265ms)
✔ candidate analysis exposes deterministic rejection evidence when no team is eligible (14.1495ms)
✔ candidate analysis and compilation select the same exact team (6.7352ms)
✔ generated team and agent identifiers retain the full SHA-256 suffix (12.8342ms)
✔ selected blueprints close exact ownership, authority, context, evidence, handoff, and digests (58.3953ms)
✔ exact search evaluates every allowed canonical partition through the declared limit (2639.5369ms)
✔ fixed scheduler prioritizes the longer remaining critical path (5.6146ms)
✔ fixed scheduler breaks equal critical paths by longer duration (8.3576ms)
✔ fixed scheduler breaks remaining ties by agent ID (3.8232ms)
✔ fixed scheduler enforces maximum concurrency (10.2949ms)
✔ fixed scheduler serializes declared conflict zones (6.9701ms)
✔ fixed scheduler releases dependencies after the handoff cost (9.9181ms)
✔ above-limit goals use deterministic bounded structural candidates without an optimum claim (22.8455ms)
✔ every supplied proposal remains inspectable beyond the retained-alternative window (15.6914ms)
✔ logical array and object-key permutations produce byte-identical compiled semantics (36.4516ms)
✔ compiled values are deeply frozen and detached from mutable caller input (10.5744ms)
✔ reviewed assumptions and nonblocking decisions are digest-bound and rendered (20.1355ms)
✔ blocking unresolved decisions reject before team construction (1.3551ms)
✔ selection reason reports the first decisive baseline comparison (12.6241ms)
✔ repository locators reject leading and nested dot or parent segments (4.7679ms)
✔ repository locator paths cannot exceed their declared read scope (6.7904ms)
✔ authority, context, and evidence violations reject before a launchable roster exists (14.3925ms)
✔ goal dependency cycles and partition-induced agent cycles are rejected (6.9352ms)
✔ generic role and provider/runtime extensions fail closed while exact ownership stays supply-free (9.6294ms)
✔ C1 controls fail closed before diagnostics or rendering (17.8167ms)
✔ Unicode bidi controls fail closed before diagnostics or rendering (48.4469ms)
✔ bounded UTF-8 measurement matches raw and JSON encoding boundaries (0.3434ms)
✔ secret-bearing unknown property keys stop at the parent before schema validation (2.3218ms)
✔ oversized compiler input rejects before serialization or UTF-8 buffer allocation (8.3521ms)
✔ secret-bearing input is rejected without echoing the secret (1.342ms)
✔ digest tampering fails verification and renderer reconstruction (18.5569ms)
✔ renderer output is deterministic and binds paths, blueprints, bytes, and compilation (135.9305ms)
✔ package verification rejects oversized content before UTF-8 buffer allocation (53.353ms)
✔ trusted package verification succeeds and coordinated recomputation cannot reuse approval (37.3258ms)
✔ rendered manifest binds every emitted contract and integration file digest (15.9364ms)
✔ first-run specialist example is deterministic, approval-bound, and read-only (1493.4642ms)
✔ first-run specialist example rejects a stale source approval before compilation (532.4226ms)
✔ first-run approval parsing is bounded, strict UTF-8, and duplicate-aware (1204.3391ms)
✔ first-run approval objects reject unknown fields at every boundary (931.1466ms)
✔ first-run source paths reject unsafe, non-scalar, and secret-bearing forms before I/O (3227.1283ms)
✔ first-run source reads reject directories and external junction targets (479.8603ms)
✔ first-run rejects secret-bearing approval paths without echoing them (210.2633ms)
✔ raw specialist handoffs verify exact package, blueprint, evidence, and artifact bindings (299.6639ms)
✔ handoff verification fails closed on stale identity, incomplete evidence, malformed JSON, and secrets (102.9587ms)
✔ handoff verification binds artifact media types and permits only normalized LF controls (72.7405ms)
✔ fan-in is ready only for one PASS handoff from every exact transitive dependency (69.0224ms)
✔ fan-in rejects valid handoffs from agents outside the target dependency closure (23.9899ms)
✔ handoff byte boundaries reject proxies and accessors without invoking caller code (37.727ms)
✔ decoded handoff overflow is SC4402 while malformed base64 remains SC4401 (535.9529ms)
✔ bundled specialist schemas have exact source parity (7.2081ms)
✔ create, restore, inspect, and record perform no first-use filesystem reads (3168.4145ms)
✔ inspection derives manifest contracts, DAG statuses, evidence, and complete-roster readiness (5418.3919ms)
✔ inspection closes every non-pass route and marks all unsettled work session-routed (3156.0844ms)
✔ public run constants, operations, schema export, and V11 compatibility are exact (3.9926ms)
✔ the strict schema accepts both canonical roots and closes every nested object (15.6954ms)
✔ schema boundaries and every workflow route remain exact (96.8751ms)
✔ recording is monotonic, dependency-gated, replay-safe, and source-preserving (703.6822ms)
✔ every verified non-pass outcome records once and terminally routes later work (1147.6295ms)
✔ recording applies validation and handoff diagnostic precedence without caller mutation (96.7473ms)
✔ root, chain, diamond, fan-out, fan-in, disconnected, and complete DAGs agree with V11 (7594.5003ms)
✔ all valid independent arrival permutations converge to one session and inspection (7244.657ms)
✔ fresh-process restore and inspection preserve canonical semantics without host state (475.5803ms)
✔ restore, expectation, caller-code, and coordinated-substitution attacks fail closed (79.7124ms)
✔ handoff attacks, transition precedence, replay, and every non-pass route are closed (854.0934ms)
✔ the 16-agent maximum-handoff aggregate converges below conservative run safeguards (83382.7544ms)
✔ raw handoff and run input boundaries reject one-unit excess without truncation (6007.8922ms)
✔ the specialist schemas and every definition compile in strict Ajv 2020 mode (313.959ms)
✔ the specialist schema accepts its two canonical closed input kinds (124.6809ms)
✔ the handoff schema accepts every canonical outcome and remains closed (57.857ms)
✔ every concrete specialist input object boundary rejects provider-shaped fields (114.9821ms)
✔ role and runtime supply cannot enter goal, request, work, or proposal contracts (110.3373ms)
✔ repository context requires readScope and external context forbids it (75.7115ms)
✔ permission kinds are the exact provider-neutral schema set (72.3811ms)
✔ specialist references stay inside package-owned v1alpha1 schemas (34.9752ms)
✔ TypeScript ESM output loads with the approved production dependencies (97.8157ms)
✔ inspection reconstructs interleaved runs, parallel attempts, retries, outcomes, and evidence (314.3378ms)
▶ [T12] zero-event terminators are accepted once and rejected when repeated
  ✔ empty-file (6.9465ms)
  ✔ single-final-lf (4.7163ms)
  ✔ single-final-crlf (3.827ms)
  ✔ repeated-final-lf (4.0186ms)
  ✔ repeated-final-crlf (3.4867ms)
✔ [T12] zero-event terminators are accepted once and rejected when repeated (24.4776ms)
✔ logical order accepts valid same-run backward causation and ignores timestamps (6.9582ms)
▶ sequence, event identity, and causation diagnostics are deterministic
  ✔ duplicate sequence (5.5466ms)
  ✔ regressing sequence (4.2866ms)
  ✔ duplicate event id (4.8402ms)
  ✔ missing cause (4.7357ms)
  ✔ forward cause (4.6014ms)
  ✔ cross-run cause (5.997ms)
✔ sequence, event identity, and causation diagnostics are deterministic (31.4713ms)
▶ [T14] every legal attempt transition is accepted
  ✔ queued-to-running (4.4034ms)
  ✔ queued-to-cancelled (11.4102ms)
  ✔ running-to-input_required (10.7882ms)
  ✔ running-to-completed (5.0893ms)
  ✔ running-to-failed (5.9876ms)
  ✔ running-to-cancelled (4.9988ms)
  ✔ running-to-timed_out (4.789ms)
  ✔ input_required-to-running (4.7369ms)
  ✔ input_required-to-cancelled (12.6647ms)
  ✔ input_required-to-timed_out (5.5966ms)
✔ [T14] every legal attempt transition is accepted (72.4168ms)
▶ [T04] every disallowed non-terminal transition is rejected
  ✔ queued-to-queued (5.423ms)
  ✔ queued-to-input_required (5.9658ms)
  ✔ queued-to-completed (4.2601ms)
  ✔ queued-to-failed (4.0057ms)
  ✔ queued-to-timed_out (3.9447ms)
  ✔ running-to-queued (5.095ms)
  ✔ running-to-running (20.3642ms)
  ✔ input_required-to-queued (15.823ms)
  ✔ input_required-to-input_required (5.0063ms)
  ✔ input_required-to-completed (4.8209ms)
  ✔ input_required-to-failed (4.9385ms)
✔ [T04] every disallowed non-terminal transition is rejected (82.935ms)
▶ [T05] every terminal attempt state is immutable
  ✔ completed (8.0073ms)
  ✔ failed (6.7421ms)
  ✔ cancelled (15.7398ms)
  ✔ timed_out (4.5284ms)
✔ [T05] every terminal attempt state is immutable (36.3059ms)
✔ heartbeat, cancellation request, and explicit timeout events are accepted in valid states (5.6566ms)
▶ attempt transition and terminal-state violations use their dedicated diagnostics
  ✔ new non-retry must start queued (5.2734ms)
  ✔ queued cannot complete directly (7.1233ms)
  ✔ terminal state is immutable (6.1059ms)
  ✔ heartbeat is state-gated (5.4992ms)
✔ attempt transition and terminal-state violations use their dedicated diagnostics (24.9066ms)
▶ [T07] heartbeat and cancellation requests are state-gated
  ✔ heartbeat (6.5048ms)
  ✔ cancellation-request (6.0052ms)
✔ [T07] heartbeat and cancellation requests are state-gated (13.2633ms)
▶ [T10] every attempt-bearing non-state event requires an earlier attempt
  ✔ heartbeat (5.1202ms)
  ✔ outcome (4.575ms)
  ✔ evidence (5.1707ms)
✔ [T10] every attempt-bearing non-state event requires an earlier attempt (15.7408ms)
▶ [T09] retry lineage rejects wrong, completed, and forked predecessors
  ✔ wrong-predecessor (6.4593ms)
  ✔ completed-parent (4.6203ms)
  ✔ forked-successor (12.4385ms)
✔ [T09] retry lineage rejects wrong, completed, and forked predecessors (24.4255ms)
▶ [T06/T08/T11] retry declarations and attempt identity use dedicated diagnostics
  ✔ T06:missing-link (5.8129ms)
  ✔ T06:not-queued (19.713ms)
  ✔ T08:metadata-change (4.421ms)
  ✔ T08:duplicate-work-packet-number (4.8903ms)
  ✔ T11:non-retry (4.6984ms)
✔ [T06/T08/T11] retry declarations and attempt identity use dedicated diagnostics (40.8725ms)
▶ attempt identity and retry lineage failures are distinguishable
  ✔ retry link is required (4.6684ms)
  ✔ retry must start queued (4.5892ms)
  ✔ retry lineage must use an eligible predecessor (8.7656ms)
  ✔ attempt declaration is immutable (6.099ms)
  ✔ non-state attempt reference must already exist (8.7282ms)
✔ attempt identity and retry lineage failures are distinguishable (34.3288ms)
✔ outcome and evidence records may reference a terminal attempt (9.8102ms)
✔ [T15] a failed handoff remains explicit in state and evidence summaries (8.5098ms)
▶ strict JSONL framing rejects BOMs, blanks, lone CR, truncation, duplicate keys, and invalid UTF-8
  ✔ BOM (5.3417ms)
  ✔ blank record (3.5747ms)
  ✔ lone CR (4.8806ms)
  ✔ internal CR before CRLF (7.5732ms)
  ✔ truncated (5.2535ms)
  ✔ duplicate key (3.9088ms)
  ✔ invalid UTF-8 (3.3642ms)
✔ strict JSONL framing rejects BOMs, blanks, lone CR, truncation, duplicate keys, and invalid UTF-8 (36.0234ms)
▶ RunEvent dispatch and exact payload ownership fail closed
  ✔ missing event version (4.7216ms)
  ✔ non-string event version (6.1169ms)
  ✔ unsupported event version (4.7693ms)
  ✔ wrong artifact kind (7.5292ms)
  ✔ payload smuggling (11.5155ms)
  ✔ event metadata description (4.0357ms)
✔ RunEvent dispatch and exact payload ownership fail closed (39.9616ms)
✔ evidence references are grammar-checked but never dereferenced (8.7931ms)
▶ [T13] command and test evidence identifiers enforce the 128-character boundary
  ✔ command-at-limit (6.1543ms)
  ✔ command-over-limit (5.6744ms)
  ✔ test-at-limit (4.8402ms)
  ✔ test-over-limit (4.5897ms)
✔ [T13] command and test evidence identifiers enforce the 128-character boundary (22.0574ms)
✔ [L02] bounded reads allocate from the verified descriptor size (0.4748ms)
✔ trace paths reject unsafe forms, links, non-files, and detectable mutation (21.7053ms)
✔ line, trace, event-count, and depth ceilings emit dedicated diagnostics (500.4893ms)
✔ evidence summaries cap deterministically and report exact omissions (137.0871ms)
✔ the normative secret detector has positive and near-miss coverage (0.3126ms)
✔ [PR03] every rendered summary string slot suppresses secrets with one warning (14.0999ms)
✔ secret-bearing trace names are suppressed on invalid-input diagnostics too (3.6304ms)
✔ trace inspection remains offline, process-free, and adapter-free (5.2731ms)
✔ the V10 executor dogfood trace is bounded, inspectable, and repeatable (386.2561ms)
✔ the V10 dogfood harness removes its owned workspace after an injected failure (30.0825ms)
✔ dogfood context reads accept regular files inside the repository root (11.6792ms)
✔ dogfood context verification rejects bytes changed by an LF clean filter (0.8416ms)
✔ dogfood context verification accepts LF bytes unchanged by the clean filter (0.3327ms)
✔ dogfood context verification rejects an explicit CRLF checkout before hashing bytes (0.3058ms)
✔ dogfood context verification rejects an active custom Git filter (0.2797ms)
✔ dogfood context verification rejects an active working-tree encoding (0.254ms)
✔ dogfood context verification rejects a source without an explicit eol policy (0.3108ms)
✔ dogfood context verification rejects an active filter before hashing bytes (0.215ms)
✔ dogfood context verification rejects ident expansion before hashing bytes (0.26ms)
✔ dogfood context verification rejects the legacy crlf attribute before hashing bytes (0.3649ms)
✔ dogfood context verification rejects a bare CR under an explicit LF checkout (0.2786ms)
✔ dogfood context verification rejects ambiguous filter names before hashing bytes (0.2853ms)
✔ Git attribute parsing accepts variable unique records and rejects malformed output (2.2798ms)
✔ dogfood context reads reject an in-root junction targeting an external directory (22.7972ms)
✔ dogfood goal and approval controls reject duplicate JSON keys (11.6359ms)
✔ dogfood approval controls reject a parent junction instead of following it (7.2082ms)
✔ dogfood evidence writes reject package-parent redirection before mutation (8.2678ms)
✔ dogfood context verification rejects unsupported source kinds (2.4136ms)
✔ dogfood context verification requires one exact attribute-policy binding (0.9553ms)
✔ every active V11 source is LF clean-filter stable with the attribute policy bound (11333.335ms)
✔ prelaunch audit authenticates the complete candidate without self-reference (1.2521ms)
✔ prelaunch audit forces an independent binder and compilation reviewer (138.9852ms)
✔ launch authorization binds both packages, the verification receipt, and the exact PASS handoff (24.8241ms)
✔ launch authorization rejects malformed, non-PASS, stale, and incomplete audit handoffs (831.951ms)
✔ launch authorization accepts paired supplementary Unicode in free-text handoff fields (12.8523ms)
▶ launch authorization rejects secret-bearing and non-scalar handoff paths
  ✔ lone high surrogate (9.6285ms)
  ✔ lone low surrogate (8.7122ms)
  ✔ secret (9.1056ms)
✔ launch authorization rejects secret-bearing and non-scalar handoff paths (28.2603ms)
✔ launch authorization rejects unbound or semantically invalid verification receipts (171.699ms)
✔ launch authorization rejects stale package bindings and unowned handoff paths (10.2385ms)
✔ host TypeScript entrypoint supply is singular, plain, absolute, and external (33.8328ms)
✔ packed consumer validates and uses the TypeScript entrypoint supply (0.6976ms)
✔ candidate materialization excludes and detects uncommitted verification inputs (160434.2868ms)
✔ candidate Git context is disposable, exact, and usable from the materialization (247342.6466ms)
✔ candidate scratch cleanup supports reverse owner order (5.3368ms)
✔ empty-directory pruning preserves unrelated state (4.5804ms)
✔ canonical command is pinned to the authenticated materialization (1.1446ms)
✔ R2 closes the stronger receipt and all six causal security sources (1.4094ms)
✔ R2 correction review context remains bounded with primary evidence (75128.8928ms)
✔ paths mode remains closed and rejects malformed candidate identities (401.1461ms)
✔ release-review parent rejects unsafe paths and non-exact lock supply (27.1141ms)
✔ release-review parent detects closure mutation and promotes immutable bytes (22.6081ms)
✔ release-review promotion preflights the full set and commits the receipt last (45.736ms)
✔ release-review parent closes environment, outputs, cleanup, and promotion order (19.5774ms)
✔ installed npm 11 uses exact production private configs and rejects the old alias (1107.8956ms)
✔ private npm substitution routes stop before process spawn and clean up (100.0434ms)
✔ release-review parent and workers preserve the candidate-runtime import boundary (355.7861ms)
✔ runtime binding is deterministic and fails closed after identity mutation (3.2591ms)
✔ closed phase grammar reconstructs prefixes from exact external inputs (2.2635ms)
✔ handoff paths reject non-scalars, controls, non-NFC text, and aliases before use (4.0368ms)
✔ stable reconstruction and phase authority reject substitution independently (2.2076ms)
✔ copied production lifecycle excludes correction evidence after its sealed history (0.3474ms)
✔ copied production lifecycle consumes the fresh-process release-gate cache supply (1008.9093ms)
✖ isolated copied production entrypoints complete one exact compile-to-verify lifecycle (21458.0399ms)
✔ materialized package closure rejects linked and hard-linked entries (8.107ms)
✔ closed private state rejects source mutation and undeclared post-build files (32.5645ms)
✔ explicit cache and ancestor resolver boundaries fail closed (16.1599ms)
✔ stable reconstruction is package-defining while phase authority stays separate (2.9603ms)
✔ active release status avoids candidate-ordinal drift and preserves outcome distinctions (3.6602ms)
✔ live release routing sections avoid consumed candidate ordinals (2.4841ms)
✔ candidate-addressed run roots are closed, disjoint, and preserve Candidate 3 evidence (73370.3799ms)
✔ correction lineage requires revisions 1 through 10 and has no terminal count (2.0635ms)
✔ working-tree-only inputs and unsafe handoff paths fail closed (0.7329ms)
✔ post-commit gate evidence is captured outside the candidate without self-reference (0.551ms)
✔ reviewer snapshots and tooling identity use exact candidate Git blobs (2.005ms)
✔ revision 9 package and handoff verification rejects substituted bytes (347.2828ms)
ℹ tests 426
ℹ suites 0
ℹ pass 425
ℹ fail 1
ℹ cancelled 0
ℹ skipped 0
ℹ todo 0
ℹ duration_ms 487409.5414

✖ failing tests:

test at test\v12-release-review.test.mjs:697:1
✖ isolated copied production entrypoints complete one exact compile-to-verify lifecycle (21458.0399ms)
  AssertionError [ERR_ASSERTION]: git commit --no-gpg-sign -m Revision 22 isolated production lifecycle failed: 
  
  1 !== 0
  
      at assertCommandPassed (file:///C:/tmp/swecircuit-identity-main/.local/v12-release-gate/candidate-kAHDgJ/test/helpers/v12-release-review-lifecycle.mjs:229:10)
      at runGit (file:///C:/tmp/swecircuit-identity-main/.local/v12-release-gate/candidate-kAHDgJ/test/helpers/v12-release-review-lifecycle.mjs:248:10)
      at process.processTicksAndRejections (node:internal/process/task_queues:104:5)
      at async initializeFixtureGit (file:///C:/tmp/swecircuit-identity-main/.local/v12-release-gate/candidate-kAHDgJ/test/helpers/v12-release-review-lifecycle.mjs:389:3)
      at async runReleaseReviewProductionLifecycle (file:///C:/tmp/swecircuit-identity-main/.local/v12-release-gate/candidate-kAHDgJ/test/helpers/v12-release-review-lifecycle.mjs:1088:40)
      at async TestContext.<anonymous> (file:///C:/tmp/swecircuit-identity-main/.local/v12-release-gate/candidate-kAHDgJ/test/v12-release-review.test.mjs:700:21)
      at async Test.run (node:internal/test_runner/test:1125:7)
      at async Test.processPendingSubtests (node:internal/test_runner/test:787:7) {
    generatedMessage: false,
    code: 'ERR_ASSERTION',
    actual: 1,
    expected: 0,
    operator: 'strictEqual',
    diff: 'simple'
  }
