
> swecircuit@0.0.0 verify
> npm run format:check && npm run lint && npm run typecheck && npm test && npm run example:specialist && npm run dogfood:v10 && npm run dogfood:v11 && npm run dogfood:v12 && npm run pack:check && npm run consumer:check


> swecircuit@0.0.0 format:check
> biome format src test schemas examples/specialist-compiler scripts/run-v9-dogfood.mjs scripts/run-v10-dogfood.mjs scripts/run-v11-dogfood.mjs scripts/run-v12-dogfood.mjs scripts/run-v12-release-gate.mjs scripts/run-v12-release-review.mjs scripts/run-typescript.mjs docs/specs/v12-ide-run-loop/evidence/release-review-r2/run-release-review.mjs docs/specs/v12-ide-run-loop/evidence/release-review-r2/verify-release-review-handoffs.mjs scripts/check-packed-consumer.mjs scripts/fixtures/packed-consumer-host.ts package.json tsconfig.json biome.json

Checked 108 files in 158ms. No fixes applied.

> swecircuit@0.0.0 lint
> biome lint src test examples/specialist-compiler scripts/run-v9-dogfood.mjs scripts/run-v10-dogfood.mjs scripts/run-v11-dogfood.mjs scripts/run-v12-dogfood.mjs scripts/run-v12-release-gate.mjs scripts/run-v12-release-review.mjs scripts/run-typescript.mjs docs/specs/v12-ide-run-loop/evidence/release-review-r2/run-release-review.mjs docs/specs/v12-ide-run-loop/evidence/release-review-r2/verify-release-review-handoffs.mjs scripts/check-packed-consumer.mjs scripts/fixtures/packed-consumer-host.ts

The number of diagnostics exceeds the limit allowed. Use --max-diagnostics to increase it.
Diagnostics not shown: 60.
Checked 94 files in 131ms. No fixes applied.
Found 9 warnings.
Found 71 infos.

> swecircuit@0.0.0 typecheck
> node scripts/run-typescript.mjs -p tsconfig.json --noEmit

SWECIRCUIT_TYPESCRIPT_BINDING {"path":"C:\\Users\\garre\\AppData\\Local\\Temp\\swecircuit-v12-release-gate\\work\\candidate-xhn7RZ\\node_modules\\typescript\\bin\\tsc","bytes":44,"digest":"sha256:2219f428a7e55aaf1f7ad85b9b0f0cf5078aeb76ccc9a7c6036c92d48f492ffd","nlink":1,"supplied":false,"version":"Version 7.0.2"}

> swecircuit@0.0.0 test
> npm run build --silent && npm run test:core && npm run test:lifecycle

SWECIRCUIT_TYPESCRIPT_BINDING {"path":"C:\\Users\\garre\\AppData\\Local\\Temp\\swecircuit-v12-release-gate\\work\\candidate-xhn7RZ\\node_modules\\typescript\\bin\\tsc","bytes":44,"digest":"sha256:2219f428a7e55aaf1f7ad85b9b0f0cf5078aeb76ccc9a7c6036c92d48f492ffd","nlink":1,"supplied":false,"version":"Version 7.0.2"}

> swecircuit@0.0.0 test:core
> node --test test/*.test.mjs

✔ the internal CLI exposes one fixed help surface (398.5379ms)
✔ init, validate, and inspect human output comes from library summaries (2741.1062ms)
✔ JSON mode writes exactly one operation result to stdout for success and failure (1168.8911ms)
✔ human failures use stderr and never print a success summary (335.6699ms)
✔ human warning results keep success on stdout and warnings on stderr (561.518ms)
▶ invalid commands and option shapes deterministically emit cli.usage
  ✔ missing command (320.6959ms)
  ✔ unknown command (275.8129ms)
  ✔ unknown option (270.6606ms)
  ✔ duplicate option (252.4183ms)
  ✔ extra positional (292.9084ms)
  ✔ inspect missing trace (274.1121ms)
  ✔ trace on validate (262.1368ms)
  ✔ project id on validate (250.7982ms)
  ✔ command help (270.9543ms)
✔ invalid commands and option shapes deterministically emit cli.usage (2741.6006ms)
✔ unexpected operation throws become one sanitized internal failure (2.3149ms)
✔ the CLI remains a renderer-only internal surface (0.8389ms)
✔ the V9 dogfood circuit is measured, bounded, and semantically repeatable (9691.3855ms)
✔ the V9 dogfood harness removes its owned workspace after an injected failure (2083.8694ms)
✔ the V9 dogfood harness cleans up when setup fails after ownership capture (5.2063ms)
✔ the committed observation digest and caller-owned retry trace stay linked (473.607ms)
✔ one valid packet executes once and returns an immutable V9-compatible journal (420.3503ms)
✔ normal class executors can implement the public port (3.9508ms)
✔ operation success stays separate from declared work failure (14.6612ms)
▶ every preflight rejection prevents executor invocation
  ✔ null packet (2.9605ms)
  ✔ null manifest (1.3783ms)
  ✔ wrong packet kind (5.6258ms)
  ✔ incompatible manifest kind (1.6804ms)
  ✔ manifest declares kernel-owned output (1.5473ms)
  ✔ executor identity mismatch (1.2796ms)
  ✔ malformed grant (1.5652ms)
  ✔ invalid timeout policy (1.0571ms)
✔ every preflight rejection prevents executor invocation (19.439ms)
▶ permission grants fail closed in every direction
  ✔ grant misses a manifest request (1.4445ms)
  ✔ grant adds unrequested authority (1.4014ms)
  ✔ grant exceeds packet ceiling (1.1857ms)
  ✔ broad request is not covered by narrow grant (1.1538ms)
  ✔ broad grant is not covered by narrow request (1.1652ms)
✔ permission grants fail closed in every direction (7.5287ms)
▶ throws and malformed settlements become fixed failures without raw values
  ✔ throw (14.7033ms)
  ✔ malformed extra field (2.2284ms)
  ✔ secret evidence (3.1248ms)
✔ throws and malformed settlements become fixed failures without raw values (21.1425ms)
✔ fulfillment observation detaches settlement before later mutation (3.0267ms)
▶ return-bound input canaries fail preflight without leaking
  ✔ run ID (1.1666ms)
  ✔ attempt ID (1.0166ms)
  ✔ correlation ID (1.1065ms)
  ✔ packet ID (1.071ms)
  ✔ grant ID (1.4012ms)
  ✔ issuer (1.5829ms)
  ✔ executor ID (1.4552ms)
✔ return-bound input canaries fail preflight without leaking (10.9554ms)
▶ already-aborted and already-expired work never invokes the executor
  ✔ caller abort (4.69ms)
  ✔ packet deadline (4.3455ms)
✔ already-aborted and already-expired work never invokes the executor (9.6722ms)
▶ acknowledged caller cancellation and timeout produce exact terminal journals
  ✔ caller cancellation (5.1344ms)
  ✔ deadline (3.9207ms)
✔ acknowledged caller cancellation and timeout produce exact terminal journals (9.599ms)
✔ an unacknowledged abort remains non-terminal and late rejection is observed (11.1936ms)
✔ completion observed at or after the absolute deadline cannot become success (6.7905ms)
✔ an early deadline wake-up re-arms instead of cancelling work (2.1005ms)
✔ settlement outside the abort acknowledgement window stays unconfirmed (2.1076ms)
▶ hostile proxies and forged signals fail closed without escaping the API
  ✔ revoked work packet (1.184ms)
  ✔ revoked options (0.5205ms)
  ✔ live proxy traps are not invoked (1.1324ms)
  ✔ revoked AbortSignal proxy (0.9978ms)
  ✔ forged AbortSignal (1.0585ms)
  ✔ revoked settlement (2.0909ms)
✔ hostile proxies and forged signals fail closed without escaping the API (8.2042ms)
▶ snapshot depth and node ceilings reject work before executor invocation
  ✔ huge sparse array (1.8714ms)
  ✔ small sparse array (2.5633ms)
  ✔ dense oversized object (235.8305ms)
  ✔ excessive depth (10.9128ms)
✔ snapshot depth and node ceilings reject work before executor invocation (252.0828ms)
▶ the final invocation gate catches cancellation and deadline changes
  ✔ caller abort while the deadline timer is armed (3.4298ms)
  ✔ deadline reached after the final gate read (3.1916ms)
  ✔ deadline reached while the deadline timer is armed (7.4496ms)
✔ the final invocation gate catches cancellation and deadline changes (15.0945ms)
▶ abort cause uses the first observed monotonic event
  ✔ caller observed before deadline remains caller (3.1718ms)
  ✔ caller first observed after deadline is deadline (3.8571ms)
✔ abort cause uses the first observed monotonic event (7.7034ms)
▶ direct inputs are detached, bounded, and accessor-free
  ✔ cycle (1.1671ms)
  ✔ accessor (1.3858ms)
  ✔ source mutation cannot change executor input (4.3851ms)
✔ direct inputs are detached, bounded, and accessor-free (7.7212ms)
✔ initialization creates the smallest valid project with frozen bytes (448.4291ms)
✔ an explicit project ID wins and initialization never discovers an ancestor (41.9228ms)
✔ default project ID transformation is exact across edge cases (177.4324ms)
✔ invalid explicit IDs fail before creating owned paths (3.008ms)
✔ repeated initialization reports every owned collision without changing output (42.8105ms)
✔ manifest collisions preserve exact bytes and do not create a catalog (5.4464ms)
✔ catalog collisions preserve existing content and do not create a manifest (7.2942ms)
✔ a linked catalog is a collision and its target is never changed (6.3765ms)
✔ invalid and missing target roots fail without creating paths (2.7314ms)
▶ every initialization checkpoint fails closed and rolls back owned entries
  ✔ beforeCatalogCreate (5.4904ms)
  ✔ afterCatalogCreate (6.6078ms)
  ✔ beforeModulesCreate (7.3436ms)
  ✔ afterModulesCreate (8.7327ms)
  ✔ beforeCircuitsCreate (11.4388ms)
  ✔ afterCircuitsCreate (12.8415ms)
  ✔ beforeManifestOpen (14.9375ms)
  ✔ afterManifestOpen (21.0317ms)
  ✔ afterManifestWrite (17.4014ms)
  ✔ afterManifestFsync (23.0231ms)
  ✔ beforeValidation (23.7627ms)
  ✔ afterValidation (24.6063ms)
  ✔ beforeManifestClose (27.7269ms)
✔ every initialization checkpoint fails closed and rolls back owned entries (212.4447ms)
▶ successful creations that fail before identity capture are preserved and reported
  ✔ afterCatalogCreateBeforeCapture (4.422ms)
  ✔ afterModulesCreateBeforeCapture (6.5521ms)
  ✔ afterCircuitsCreateBeforeCapture (10.2894ms)
  ✔ afterManifestOpenBeforeCapture (15.2183ms)
✔ successful creations that fail before identity capture are preserved and reported (37.4023ms)
✔ non-empty rollback targets survive with an explicit cleanup diagnostic (10.0024ms)
✔ identity-changed rollback targets and displaced entries are preserved (33.8162ms)
✔ two coordinated processes produce exactly one initialized project (968.6035ms)
✔ initialization and generated-project validation stay offline and process-free (54.9206ms)
✔ initializer source has no network, process, or adapter execution surface (0.6807ms)
✔ runtime diagnostic definitions exactly match the normative catalog (3.4358ms)
✔ strict JSON parsing rejects invalid UTF-8, syntax extensions, duplicate keys, and unsafe numbers (8.8758ms)
✔ strict JSON parsing enforces artifact byte and depth ceilings before validation (131.1151ms)
✔ dispatch fails closed with stable version and kind diagnostics (1.1868ms)
✔ schema failures normalize permission, privacy, and stop-condition policy (342.627ms)
✔ diagnostics are sanitized, deduplicated, and sorted deterministically (1.6626ms)
✔ an explicit minimal project validates without discovery or optional adapters (326.3453ms)
✔ a complete parallel project validates module routing, ownership, joins, and ceilings (153.1994ms)
▶ project loading rejects lexical escapes and every portable forbidden path form
  ✔ parent (5.8435ms)
  ✔ posix absolute (4.6847ms)
  ✔ windows absolute (4.2205ms)
  ✔ unc (4.549ms)
  ✔ device (31.226ms)
  ✔ alternate stream (24.7677ms)
  ✔ URI (18.1378ms)
  ✔ backslash (5.6813ms)
  ✔ lone high surrogate (4.8897ms)
  ✔ lone low surrogate (4.835ms)
✔ project loading rejects lexical escapes and every portable forbidden path form (111.1671ms)
✔ project loading distinguishes missing references, non-files, and safe I/O failures (18.3339ms)
✔ contained missing-file diagnostics suppress secret-bearing artifact names (3.9153ms)
▶ explicit project roots reject remote, device, stream, and control forms before I/O
  ✔ file URI (0.3378ms)
  ✔ network URI (0.1643ms)
  ✔ slash UNC (0.1587ms)
  ✔ backslash UNC (0.1009ms)
  ✔ device path (0.1721ms)
  ✔ alternate stream (0.1106ms)
  ✔ control character (0.0983ms)
  ✔ lone high surrogate (0.1016ms)
  ✔ lone low surrogate (0.0902ms)
✔ explicit project roots reject remote, device, stream, and control forms before I/O (2.4235ms)
✔ project loading rejects links below the trust root (7.3863ms)
✔ project loading rejects external links without dereferencing their target (11.229ms)
✔ project validation accepts a root reached through an aliased ancestor (8.0616ms)
✔ canonical containment distinguishes internal aliases from resolved escape (1.202ms)
✔ project references fail closed for wrong kinds and duplicate identities (111.9883ms)
✔ reference and graph diagnostics identify undeclared outcomes, ports, and fan-in (227.3005ms)
✔ every project and graph reference class emits reference.not-found (307.3398ms)
✔ cycles, fan-out ownership, and permission ceilings are enforced semantically (175.1723ms)
✔ multi-node cycles require a bound on every cyclic route (90.0029ms)
✔ fan-out declarations and entry reachability stay structurally consistent (142.4503ms)
✔ permission grammar covers every kind and filesystem prefix boundaries (371.233ms)
✔ project and circuit collection ceilings emit dedicated limit diagnostics (1446.3629ms)
✔ the documented source-checkout example is repeatable and read-only (3468.8249ms)
✔ the documented initialization grammar works in a temporary project (2585.2961ms)
✔ the quick start remains a private source-checkout interface (1.3587ms)
✔ all v1alpha1 schemas compile together in strict Ajv 2020 mode (331.8799ms)
✔ one canonical fixture for every supported kind passes its schema (358.8302ms)
✔ schema and fixture paths are repository-owned local files (0.426ms)
✔ the diagnostic catalog and adversarial matrix are closed and internally consistent (18.612ms)
✔ every concrete object boundary in all six valid fixtures rejects unknown fields (428.9001ms)
✔ the parallel circuit fixture declares fan-out, bounded work ownership, and one fan-in policy (255.988ms)
✔ schema boundaries reject permission, privacy, compatibility, and terminal-state ambiguity (244.3228ms)
✔ minimal projects and timestamp-free events remain valid (103.988ms)
✔ package schemas use only local package-owned references and strict known keywords (52.8505ms)
✔ strict parser fixtures expose syntax and duplicate-key failures (10.7918ms)
✔ golden specialist selection: one-agent-optimal (214.5061ms)
✔ golden specialist selection: genuinely-parallel (7.8296ms)
✔ golden specialist selection: under-split (13.3027ms)
✔ golden specialist selection: over-split (12.9172ms)
✔ golden specialist selection: conflict-heavy (5.2154ms)
✔ golden specialist selection: generic-role (6.3522ms)
✔ candidate analysis exposes deterministic rejection evidence when no team is eligible (22.5515ms)
✔ candidate analysis and compilation select the same exact team (9.9271ms)
✔ generated team and agent identifiers retain the full SHA-256 suffix (7.3278ms)
✔ selected blueprints close exact ownership, authority, context, evidence, handoff, and digests (50.3628ms)
✔ exact search evaluates every allowed canonical partition through the declared limit (2934.0156ms)
✔ fixed scheduler prioritizes the longer remaining critical path (6.213ms)
✔ fixed scheduler breaks equal critical paths by longer duration (9.9878ms)
✔ fixed scheduler breaks remaining ties by agent ID (6.1198ms)
✔ fixed scheduler enforces maximum concurrency (13.567ms)
✔ fixed scheduler serializes declared conflict zones (4.4702ms)
✔ fixed scheduler releases dependencies after the handoff cost (4.4147ms)
✔ above-limit goals use deterministic bounded structural candidates without an optimum claim (48.632ms)
✔ every supplied proposal remains inspectable beyond the retained-alternative window (21.066ms)
✔ logical array and object-key permutations produce byte-identical compiled semantics (42.6063ms)
✔ compiled values are deeply frozen and detached from mutable caller input (10.4216ms)
✔ reviewed assumptions and nonblocking decisions are digest-bound and rendered (15.5889ms)
✔ blocking unresolved decisions reject before team construction (1.592ms)
✔ selection reason reports the first decisive baseline comparison (13.3463ms)
✔ repository locators reject leading and nested dot or parent segments (6.1835ms)
✔ repository locator paths cannot exceed their declared read scope (5.5344ms)
✔ authority, context, and evidence violations reject before a launchable roster exists (14.5586ms)
✔ goal dependency cycles and partition-induced agent cycles are rejected (13.3927ms)
✔ generic role and provider/runtime extensions fail closed while exact ownership stays supply-free (9.8626ms)
✔ C1 controls fail closed before diagnostics or rendering (17.7967ms)
✔ Unicode bidi controls fail closed before diagnostics or rendering (40.2273ms)
✔ bounded UTF-8 measurement matches raw and JSON encoding boundaries (0.3753ms)
✔ secret-bearing unknown property keys stop at the parent before schema validation (1.9008ms)
✔ oversized compiler input rejects before serialization or UTF-8 buffer allocation (10.8705ms)
✔ secret-bearing input is rejected without echoing the secret (1.3304ms)
✔ digest tampering fails verification and renderer reconstruction (16.4197ms)
✔ renderer output is deterministic and binds paths, blueprints, bytes, and compilation (161.6721ms)
✔ package verification rejects oversized content before UTF-8 buffer allocation (78.0401ms)
✔ trusted package verification succeeds and coordinated recomputation cannot reuse approval (40.4357ms)
✔ rendered manifest binds every emitted contract and integration file digest (11.7259ms)
✔ first-run specialist example is deterministic, approval-bound, and read-only (1503.9524ms)
✔ first-run specialist example rejects a stale source approval before compilation (730.8471ms)
✔ first-run approval parsing is bounded, strict UTF-8, and duplicate-aware (1532.6385ms)
✔ first-run approval objects reject unknown fields at every boundary (1164.1766ms)
✔ first-run source paths reject unsafe, non-scalar, and secret-bearing forms before I/O (3937.9117ms)
✔ first-run source reads reject directories and external junction targets (616.8403ms)
✔ first-run rejects secret-bearing approval paths without echoing them (297.8225ms)
✔ raw specialist handoffs verify exact package, blueprint, evidence, and artifact bindings (388.3552ms)
✔ handoff verification fails closed on stale identity, incomplete evidence, malformed JSON, and secrets (112.2522ms)
✔ handoff verification binds artifact media types and permits only normalized LF controls (93.1438ms)
✔ fan-in is ready only for one PASS handoff from every exact transitive dependency (64.8392ms)
✔ fan-in rejects valid handoffs from agents outside the target dependency closure (27.9484ms)
✔ handoff byte boundaries reject proxies and accessors without invoking caller code (41.1936ms)
✔ raw handoff and run input boundaries reject one-unit excess without truncation (1583.2774ms)
✔ decoded handoff overflow is SC4402 while malformed base64 remains SC4401 (603.1702ms)
✔ bundled specialist schemas have exact source parity (5.8452ms)
✔ create, restore, inspect, and record perform no first-use filesystem reads (3626.8948ms)
✔ inspection derives manifest contracts, DAG statuses, evidence, and complete-roster readiness (6470.0604ms)
✔ inspection closes every non-pass route and marks all unsettled work session-routed (3905.8341ms)
✔ the 16-agent maximum-handoff aggregate converges below conservative run safeguards (55625.5562ms)
✔ public run constants, operations, schema export, and V11 compatibility are exact (4.0433ms)
✔ the strict schema accepts both canonical roots and closes every nested object (11.7035ms)
✔ schema boundaries and every workflow route remain exact (81.5066ms)
✔ recording is monotonic, dependency-gated, replay-safe, and source-preserving (759.2498ms)
✔ every verified non-pass outcome records once and terminally routes later work (1334.0445ms)
✔ recording applies validation and handoff diagnostic precedence without caller mutation (117.8869ms)
✔ root, chain, diamond, fan-out, fan-in, disconnected, and complete DAGs agree with V11 (9208.289ms)
✔ all valid independent arrival permutations converge to one session and inspection (6677.15ms)
✔ fresh-process restore and inspection preserve canonical semantics without host state (509.086ms)
✔ restore, expectation, caller-code, and coordinated-substitution attacks fail closed (73.8692ms)
✔ handoff attacks, transition precedence, replay, and every non-pass route are closed (759.9255ms)
✔ the specialist schemas and every definition compile in strict Ajv 2020 mode (386.6282ms)
✔ the specialist schema accepts its two canonical closed input kinds (173.2919ms)
✔ the handoff schema accepts every canonical outcome and remains closed (62.1654ms)
✔ every concrete specialist input object boundary rejects provider-shaped fields (116.2881ms)
✔ role and runtime supply cannot enter goal, request, work, or proposal contracts (103.3608ms)
✔ repository context requires readScope and external context forbids it (80.1361ms)
✔ permission kinds are the exact provider-neutral schema set (71.6631ms)
✔ specialist references stay inside package-owned v1alpha1 schemas (36.5472ms)
✔ TypeScript ESM output loads with the approved production dependencies (82.2821ms)
✔ inspection reconstructs interleaved runs, parallel attempts, retries, outcomes, and evidence (318.051ms)
▶ [T12] zero-event terminators are accepted once and rejected when repeated
  ✔ empty-file (4.421ms)
  ✔ single-final-lf (6.632ms)
  ✔ single-final-crlf (3.978ms)
  ✔ repeated-final-lf (5.9881ms)
  ✔ repeated-final-crlf (4.0041ms)
✔ [T12] zero-event terminators are accepted once and rejected when repeated (26.6234ms)
✔ logical order accepts valid same-run backward causation and ignores timestamps (5.9734ms)
▶ sequence, event identity, and causation diagnostics are deterministic
  ✔ duplicate sequence (7.7272ms)
  ✔ regressing sequence (10.8544ms)
  ✔ duplicate event id (9.6259ms)
  ✔ missing cause (4.5562ms)
  ✔ forward cause (5.1572ms)
  ✔ cross-run cause (4.7187ms)
✔ sequence, event identity, and causation diagnostics are deterministic (44.1883ms)
▶ [T14] every legal attempt transition is accepted
  ✔ queued-to-running (5.7954ms)
  ✔ queued-to-cancelled (6.195ms)
  ✔ running-to-input_required (22.6251ms)
  ✔ running-to-completed (5.5072ms)
  ✔ running-to-failed (6.0326ms)
  ✔ running-to-cancelled (4.9743ms)
  ✔ running-to-timed_out (5.9595ms)
  ✔ input_required-to-running (6.6286ms)
  ✔ input_required-to-cancelled (17.386ms)
  ✔ input_required-to-timed_out (20.9748ms)
✔ [T14] every legal attempt transition is accepted (104.0689ms)
▶ [T04] every disallowed non-terminal transition is rejected
  ✔ queued-to-queued (4.7407ms)
  ✔ queued-to-input_required (5.0856ms)
  ✔ queued-to-completed (4.6949ms)
  ✔ queued-to-failed (6.4265ms)
  ✔ queued-to-timed_out (4.4382ms)
  ✔ running-to-queued (4.8627ms)
  ✔ running-to-running (12.3528ms)
  ✔ input_required-to-queued (4.8615ms)
  ✔ input_required-to-input_required (6.7558ms)
  ✔ input_required-to-completed (6.0646ms)
  ✔ input_required-to-failed (6.7665ms)
✔ [T04] every disallowed non-terminal transition is rejected (69.5142ms)
▶ [T05] every terminal attempt state is immutable
  ✔ completed (4.5048ms)
  ✔ failed (6.7672ms)
  ✔ cancelled (7.3338ms)
  ✔ timed_out (5.2048ms)
✔ [T05] every terminal attempt state is immutable (24.6735ms)
✔ heartbeat, cancellation request, and explicit timeout events are accepted in valid states (7.6445ms)
▶ attempt transition and terminal-state violations use their dedicated diagnostics
  ✔ new non-retry must start queued (4.8966ms)
  ✔ queued cannot complete directly (5.3752ms)
  ✔ terminal state is immutable (4.9683ms)
  ✔ heartbeat is state-gated (6.7475ms)
✔ attempt transition and terminal-state violations use their dedicated diagnostics (22.9184ms)
▶ [T07] heartbeat and cancellation requests are state-gated
  ✔ heartbeat (4.5879ms)
  ✔ cancellation-request (5.324ms)
✔ [T07] heartbeat and cancellation requests are state-gated (10.632ms)
▶ [T10] every attempt-bearing non-state event requires an earlier attempt
  ✔ heartbeat (4.7975ms)
  ✔ outcome (6.8583ms)
  ✔ evidence (5.9207ms)
✔ [T10] every attempt-bearing non-state event requires an earlier attempt (18.4249ms)
▶ [T09] retry lineage rejects wrong, completed, and forked predecessors
  ✔ wrong-predecessor (6.7553ms)
  ✔ completed-parent (29.4501ms)
  ✔ forked-successor (10.8767ms)
✔ [T09] retry lineage rejects wrong, completed, and forked predecessors (48.0053ms)
▶ [T06/T08/T11] retry declarations and attempt identity use dedicated diagnostics
  ✔ T06:missing-link (9.9402ms)
  ✔ T06:not-queued (5.1052ms)
  ✔ T08:metadata-change (6.2386ms)
  ✔ T08:duplicate-work-packet-number (4.3939ms)
  ✔ T11:non-retry (4.8598ms)
✔ [T06/T08/T11] retry declarations and attempt identity use dedicated diagnostics (31.9037ms)
▶ attempt identity and retry lineage failures are distinguishable
  ✔ retry link is required (24.454ms)
  ✔ retry must start queued (5.3429ms)
  ✔ retry lineage must use an eligible predecessor (4.6485ms)
  ✔ attempt declaration is immutable (5.3999ms)
  ✔ non-state attempt reference must already exist (5.5006ms)
✔ attempt identity and retry lineage failures are distinguishable (52.594ms)
✔ outcome and evidence records may reference a terminal attempt (6.3354ms)
✔ [T15] a failed handoff remains explicit in state and evidence summaries (9.3208ms)
▶ strict JSONL framing rejects BOMs, blanks, lone CR, truncation, duplicate keys, and invalid UTF-8
  ✔ BOM (4.1795ms)
  ✔ blank record (8.6513ms)
  ✔ lone CR (4.1093ms)
  ✔ internal CR before CRLF (5.6829ms)
  ✔ truncated (4.5657ms)
  ✔ duplicate key (4.2401ms)
  ✔ invalid UTF-8 (3.9158ms)
✔ strict JSONL framing rejects BOMs, blanks, lone CR, truncation, duplicate keys, and invalid UTF-8 (36.9846ms)
▶ RunEvent dispatch and exact payload ownership fail closed
  ✔ missing event version (9.5935ms)
  ✔ non-string event version (5.0905ms)
  ✔ unsupported event version (5.1378ms)
  ✔ wrong artifact kind (5.4563ms)
  ✔ payload smuggling (5.2783ms)
  ✔ event metadata description (4.2872ms)
✔ RunEvent dispatch and exact payload ownership fail closed (36.1122ms)
✔ evidence references are grammar-checked but never dereferenced (12.2154ms)
▶ [T13] command and test evidence identifiers enforce the 128-character boundary
  ✔ command-at-limit (11.7532ms)
  ✔ command-over-limit (20.7448ms)
  ✔ test-at-limit (6.9361ms)
  ✔ test-over-limit (5.1496ms)
✔ [T13] command and test evidence identifiers enforce the 128-character boundary (45.5726ms)
✔ [L02] bounded reads allocate from the verified descriptor size (0.6352ms)
✔ trace paths reject unsafe forms, links, non-files, and detectable mutation (13.7494ms)
✔ line, trace, event-count, and depth ceilings emit dedicated diagnostics (455.0511ms)
✔ evidence summaries cap deterministically and report exact omissions (202.3923ms)
✔ the normative secret detector has positive and near-miss coverage (0.3758ms)
✔ [PR03] every rendered summary string slot suppresses secrets with one warning (7.1833ms)
✔ secret-bearing trace names are suppressed on invalid-input diagnostics too (4.4483ms)
✔ trace inspection remains offline, process-free, and adapter-free (5.3422ms)
✔ declared TypeScript file defeats ambient and candidate-local command substitution (432.7955ms)
✔ repository-local fallback executes the exact resolved file (343.1979ms)
✔ repository fallback canonicalizes a linked dependency ancestor (308.5111ms)
✔ execution stops when version inspection mutates the bound file (156.9632ms)
✔ execution detects persistent mutation during compilation (332.8774ms)
✔ TypeScript binding rejects ambiguous, contained, and linked files (18.7393ms)
✔ package, release gate, and packed consumer bind explicit TypeScript authority (2.4127ms)
✔ the V10 executor dogfood trace is bounded, inspectable, and repeatable (372.3134ms)
✔ the V10 dogfood harness removes its owned workspace after an injected failure (10.5869ms)
✔ dogfood context reads accept regular files inside the repository root (8.8129ms)
✔ dogfood context verification rejects bytes changed by an LF clean filter (1.1113ms)
✔ dogfood context verification accepts LF bytes unchanged by the clean filter (0.4174ms)
✔ dogfood context verification rejects an explicit CRLF checkout before hashing bytes (0.3626ms)
✔ dogfood context verification rejects an active custom Git filter (0.3457ms)
✔ dogfood context verification rejects an active working-tree encoding (0.3284ms)
✔ dogfood context verification rejects a source without an explicit eol policy (0.414ms)
✔ dogfood context verification rejects an active filter before hashing bytes (0.2921ms)
✔ dogfood context verification rejects ident expansion before hashing bytes (0.3968ms)
✔ dogfood context verification rejects the legacy crlf attribute before hashing bytes (0.4667ms)
✔ dogfood context verification rejects a bare CR under an explicit LF checkout (0.4486ms)
✔ dogfood context verification rejects ambiguous filter names before hashing bytes (0.4024ms)
✔ Git attribute parsing accepts variable unique records and rejects malformed output (1.859ms)
✔ dogfood context reads reject an in-root junction targeting an external directory (9.178ms)
✔ dogfood goal and approval controls reject duplicate JSON keys (18.1363ms)
✔ dogfood approval controls reject a parent junction instead of following it (6.0604ms)
✔ dogfood evidence writes reject package-parent redirection before mutation (8.7315ms)
✔ dogfood context verification rejects unsupported source kinds (1.5757ms)
✔ dogfood context verification requires one exact attribute-policy binding (1.0543ms)
✔ every active V11 source is LF clean-filter stable with the attribute policy bound (9353.4269ms)
✔ prelaunch audit authenticates the complete candidate without self-reference (0.8312ms)
✔ prelaunch audit forces an independent binder and compilation reviewer (116.5201ms)
✔ launch authorization binds both packages, the verification receipt, and the exact PASS handoff (23.3816ms)
✔ launch authorization rejects malformed, non-PASS, stale, and incomplete audit handoffs (842.6336ms)
✔ launch authorization accepts paired supplementary Unicode in free-text handoff fields (12.223ms)
▶ launch authorization rejects secret-bearing and non-scalar handoff paths
  ✔ lone high surrogate (8.3456ms)
  ✔ lone low surrogate (8.0449ms)
  ✔ secret (8.0414ms)
✔ launch authorization rejects secret-bearing and non-scalar handoff paths (25.0727ms)
✔ launch authorization rejects unbound or semantically invalid verification receipts (180.0293ms)
✔ launch authorization rejects stale package bindings and unowned handoff paths (10.3313ms)
✔ hosted CI supplies complete Git history and a repository-local npm cache (4.3299ms)
✔ hosted CI contract rejects unprotected checkout and write authority (21.142ms)
✔ candidate lock applicability distinguishes glibc and musl (1.2299ms)
✔ candidate dependency and canonical commands use one authenticated npm CLI (13.5457ms)
✔ canonical evidence slot is atomically owned, published, and retry-safe (171.7656ms)
✔ aggregate preparation failures retain every nested cause (0.9545ms)
✔ failed preparation removes every owned resource (85.6675ms)
✔ packed consumer retains and executes the complete TypeScript binding (0.5478ms)
✔ canonical gate materialization uses a constant-process Git blob batch (1443.6288ms)
✔ candidate materialization excludes and detects uncommitted verification inputs (1102.755ms)
✔ candidate lock and private dependency closure reject substitution (25.4701ms)
✔ runtime ancestor package supply is detected before candidate execution (7.7877ms)
✔ candidate Git context is disposable, exact, and usable from the materialization (2371.8273ms)
✔ canonical gate closes hostile host environment and binds effective authority (1580.6026ms)
✔ candidate scratch cleanup supports reverse owner order (3.8036ms)
✔ empty-directory pruning preserves unrelated state (3.9865ms)
✔ canonical command is pinned to the authenticated materialization (0.6316ms)
✔ R2 closes the stronger receipt and all six causal security sources (0.8799ms)
✔ R2 correction review context remains bounded with primary evidence (1092.4314ms)
✔ paths mode remains closed and rejects malformed candidate identities (691.726ms)
✔ release-review parent rejects unsafe paths and non-exact lock supply (6.8709ms)
✔ release-review parent detects closure mutation and promotes immutable bytes (37.4921ms)
✔ release-review promotion preflights the full set and commits the receipt last (38.5679ms)
✔ release-review parent closes environment, outputs, cleanup, and promotion order (28.6985ms)
✔ operation-root cleanup canonicalizes aliases and rejects unowned roots (7.9629ms)
✔ installed npm 10 or newer uses exact production private configs and rejects the old alias (1000.7363ms)
✔ private npm substitution routes stop before process spawn and clean up (152.619ms)
✔ candidate blob batch parsing preserves binary bytes and fails closed (5.5263ms)
✔ parent and verifier harness loaders use constant-process Git blob batches (1808.7637ms)
✔ Git blob fixtures retain only explicit closed Git configuration (0.4392ms)
✔ Git blob fixtures execute in a fresh process under the closed Git environment (856.9443ms)
✔ Git changed-path diagnostics are canonical and fail closed (0.8027ms)
✔ scoped parent timeout owns residue, kills descendants, and reports timeout first (1201.8878ms)
✔ release-review parent and workers preserve the candidate-runtime import boundary (224.9283ms)
✔ runtime binding is deterministic and fails closed after identity mutation (1.2591ms)
✔ stable runtime policy excludes invocation-specific temporary paths (0.9429ms)
✔ closed phase grammar reconstructs prefixes from exact external inputs (1.3914ms)
✔ handoff paths reject non-scalars, controls, non-NFC text, and aliases before use (4.8538ms)
✔ stable reconstruction and phase authority reject substitution independently (2.2134ms)
✔ copied production lifecycle excludes correction evidence after its sealed history (0.2916ms)
✔ copied production lifecycle consumes the fresh-process release-gate cache supply (689.5429ms)
✔ nested fixture repository processes discard an enclosing candidate Git context (861.3833ms)
✔ materialized lifecycle executes and receipts one external TypeScript adapter (790.0064ms)
✔ lifecycle TypeScript evidence parser fails closed (1.8887ms)
✔ release runtime and npm compatibility policies are portable and closed (0.6137ms)
✔ candidate TypeScript log uses canonical compact JSON and private binding (0.8641ms)
✔ lifecycle adapter compiles the bounded input with host TypeScript (746.0981ms)
✔ materialized lifecycle detects persistent compiler mutation after child return (354.6707ms)
✔ lifecycle production identities match current source bytes (4.0255ms)
✔ canonical npm test schedules the exact lifecycle after the core suite (0.9213ms)
✔ materialized package closure rejects linked and hard-linked entries (9.8516ms)
✔ closed private state rejects source mutation and undeclared post-build files (45.412ms)
✔ explicit cache and ancestor resolver boundaries fail closed (28.5755ms)
✔ stable reconstruction is package-defining while phase authority stays separate (3.1592ms)
✔ active release status avoids volatile candidate-state drift and preserves outcomes (5.0632ms)
✔ live release routing delegates volatile state to candidate-addressed evidence (5.843ms)
✔ candidate-addressed run roots are closed, disjoint, and preserve Candidate 3 evidence (795.4084ms)
✔ correction lineage requires revisions 1 through 10 and has no terminal count (1.6376ms)
✔ working-tree-only inputs and unsafe handoff paths fail closed (0.6941ms)
✔ review package covers every transitive release-security source exactly once (1263.9721ms)
✔ release-review receipt consumer requires bound v1alpha4 execution authority (1.9874ms)
✔ post-commit gate evidence is captured outside the candidate without self-reference (0.6066ms)
✔ reviewer snapshots and tooling identity use exact candidate Git blobs (1.323ms)
✔ revision 9 package and handoff verification rejects substituted bytes (359.5569ms)
ℹ tests 461
ℹ suites 0
ℹ pass 461
ℹ fail 0
ℹ cancelled 0
ℹ skipped 0
ℹ todo 0
ℹ duration_ms 57106.8907

> swecircuit@0.0.0 test:lifecycle
> node --test test/lifecycle/*.test.mjs

✔ lifecycle test hooks are bound before isolated execution (0.7952ms)
✖ isolated copied production entrypoints complete one exact compile-to-verify lifecycle (430.9612ms)
ℹ tests 2
ℹ suites 0
ℹ pass 1
ℹ fail 1
ℹ cancelled 0
ℹ skipped 0
ℹ todo 0
ℹ duration_ms 542.4702

✖ failing tests:

test at test\lifecycle\v12-release-review-lifecycle.test.mjs:52:1
✖ isolated copied production entrypoints complete one exact compile-to-verify lifecycle (430.9612ms)
  Error: Unable to resolve candidate commit.
      at requireCondition (file:///C:/Users/garre/AppData/Local/Temp/swecircuit-v12-release-gate/work/candidate-xhn7RZ/scripts/run-v12-release-gate.mjs:165:11)
      at candidateTree (file:///C:/Users/garre/AppData/Local/Temp/swecircuit-v12-release-gate/work/candidate-xhn7RZ/scripts/run-v12-release-gate.mjs:376:3)
      at Object.materializeCandidateSource (file:///C:/Users/garre/AppData/Local/Temp/swecircuit-v12-release-gate/work/candidate-xhn7RZ/scripts/run-v12-release-gate.mjs:1087:29)
      at TestContext.<anonymous> (file:///C:/Users/garre/AppData/Local/Temp/swecircuit-v12-release-gate/work/candidate-xhn7RZ/test/lifecycle/v12-release-review-lifecycle.test.mjs:78:53)
      at async Test.run (node:internal/test_runner/test:1125:7)
      at async Test.processPendingSubtests (node:internal/test_runner/test:787:7)
