
> swecircuit@0.0.0 verify
> npm run format:check && npm run lint && npm run typecheck && npm test && npm run example:specialist && npm run dogfood:v10 && npm run dogfood:v11 && npm run dogfood:v12 && npm run pack:check && npm run consumer:check


> swecircuit@0.0.0 format:check
> biome format src test schemas examples/specialist-compiler scripts/run-v9-dogfood.mjs scripts/run-v10-dogfood.mjs scripts/run-v11-dogfood.mjs scripts/run-v12-dogfood.mjs scripts/run-v12-release-gate.mjs scripts/run-v12-release-review.mjs scripts/run-typescript.mjs docs/specs/v12-ide-run-loop/evidence/release-review-r2/run-release-review.mjs docs/specs/v12-ide-run-loop/evidence/release-review-r2/verify-release-review-handoffs.mjs scripts/check-packed-consumer.mjs scripts/fixtures/packed-consumer-host.ts package.json tsconfig.json biome.json

Checked 105 files in 59ms. No fixes applied.

> swecircuit@0.0.0 lint
> biome lint src test examples/specialist-compiler scripts/run-v9-dogfood.mjs scripts/run-v10-dogfood.mjs scripts/run-v11-dogfood.mjs scripts/run-v12-dogfood.mjs scripts/run-v12-release-gate.mjs scripts/run-v12-release-review.mjs scripts/run-typescript.mjs docs/specs/v12-ide-run-loop/evidence/release-review-r2/run-release-review.mjs docs/specs/v12-ide-run-loop/evidence/release-review-r2/verify-release-review-handoffs.mjs scripts/check-packed-consumer.mjs scripts/fixtures/packed-consumer-host.ts

The number of diagnostics exceeds the limit allowed. Use --max-diagnostics to increase it.
Diagnostics not shown: 51.
Checked 91 files in 119ms. No fixes applied.
Found 71 infos.

> swecircuit@0.0.0 typecheck
> node scripts/run-typescript.mjs -p tsconfig.json --noEmit

SWECIRCUIT_TYPESCRIPT_BINDING {"path":"C:\\Users\\garre\\AppData\\Local\\Temp\\swecircuit-v12-release-gate\\work\\candidate-U8xrFr\\node_modules\\typescript\\bin\\tsc","bytes":44,"digest":"sha256:2219f428a7e55aaf1f7ad85b9b0f0cf5078aeb76ccc9a7c6036c92d48f492ffd","nlink":1,"supplied":false,"version":"Version 7.0.2"}

> swecircuit@0.0.0 test
> npm run build --silent && npm run test:core && npm run test:lifecycle

SWECIRCUIT_TYPESCRIPT_BINDING {"path":"C:\\Users\\garre\\AppData\\Local\\Temp\\swecircuit-v12-release-gate\\work\\candidate-U8xrFr\\node_modules\\typescript\\bin\\tsc","bytes":44,"digest":"sha256:2219f428a7e55aaf1f7ad85b9b0f0cf5078aeb76ccc9a7c6036c92d48f492ffd","nlink":1,"supplied":false,"version":"Version 7.0.2"}

> swecircuit@0.0.0 test:core
> node --test test/*.test.mjs

✔ the internal CLI exposes one fixed help surface (538.4014ms)
✔ init, validate, and inspect human output comes from library summaries (2254.7032ms)
✔ JSON mode writes exactly one operation result to stdout for success and failure (923.3692ms)
✔ human failures use stderr and never print a success summary (282.901ms)
✔ human warning results keep success on stdout and warnings on stderr (489.7006ms)
▶ invalid commands and option shapes deterministically emit cli.usage
  ✔ missing command (246.6264ms)
  ✔ unknown command (243.2889ms)
  ✔ unknown option (235.4204ms)
  ✔ duplicate option (231.2271ms)
  ✔ extra positional (237.4197ms)
  ✔ inspect missing trace (235.3678ms)
  ✔ trace on validate (232.6553ms)
  ✔ project id on validate (208.0313ms)
  ✔ command help (217.3772ms)
✔ invalid commands and option shapes deterministically emit cli.usage (2311.3708ms)
✔ unexpected operation throws become one sanitized internal failure (1.7316ms)
✔ the CLI remains a renderer-only internal surface (0.6469ms)
✔ the V9 dogfood circuit is measured, bounded, and semantically repeatable (8216.3208ms)
✔ the V9 dogfood harness removes its owned workspace after an injected failure (1723.6749ms)
✔ the V9 dogfood harness cleans up when setup fails after ownership capture (4.4217ms)
✔ the committed observation digest and caller-owned retry trace stay linked (367.3296ms)
✔ one valid packet executes once and returns an immutable V9-compatible journal (367.8847ms)
✔ normal class executors can implement the public port (8.2735ms)
✔ operation success stays separate from declared work failure (7.6414ms)
▶ every preflight rejection prevents executor invocation
  ✔ null packet (2.0183ms)
  ✔ null manifest (1.513ms)
  ✔ wrong packet kind (5.681ms)
  ✔ incompatible manifest kind (1.7183ms)
  ✔ manifest declares kernel-owned output (1.3767ms)
  ✔ executor identity mismatch (1.2631ms)
  ✔ malformed grant (1.1336ms)
  ✔ invalid timeout policy (1.1732ms)
✔ every preflight rejection prevents executor invocation (18.017ms)
▶ permission grants fail closed in every direction
  ✔ grant misses a manifest request (1.4278ms)
  ✔ grant adds unrequested authority (1.3367ms)
  ✔ grant exceeds packet ceiling (1.1544ms)
  ✔ broad request is not covered by narrow grant (1.0767ms)
  ✔ broad grant is not covered by narrow request (1.2289ms)
✔ permission grants fail closed in every direction (7.4037ms)
▶ throws and malformed settlements become fixed failures without raw values
  ✔ throw (2.738ms)
  ✔ malformed extra field (2.4497ms)
  ✔ secret evidence (2.2278ms)
✔ throws and malformed settlements become fixed failures without raw values (8.2656ms)
✔ fulfillment observation detaches settlement before later mutation (5.0272ms)
▶ return-bound input canaries fail preflight without leaking
  ✔ run ID (7.6241ms)
  ✔ attempt ID (1.0974ms)
  ✔ correlation ID (1.7096ms)
  ✔ packet ID (1.0983ms)
  ✔ grant ID (2.1302ms)
  ✔ issuer (0.9315ms)
  ✔ executor ID (3.6361ms)
✔ return-bound input canaries fail preflight without leaking (20.4194ms)
▶ already-aborted and already-expired work never invokes the executor
  ✔ caller abort (3.6771ms)
  ✔ packet deadline (4.6884ms)
✔ already-aborted and already-expired work never invokes the executor (11.6873ms)
▶ acknowledged caller cancellation and timeout produce exact terminal journals
  ✔ caller cancellation (5.7978ms)
  ✔ deadline (4.8224ms)
✔ acknowledged caller cancellation and timeout produce exact terminal journals (11.2917ms)
✔ an unacknowledged abort remains non-terminal and late rejection is observed (2.1778ms)
✔ completion observed at or after the absolute deadline cannot become success (2.0087ms)
✔ an early deadline wake-up re-arms instead of cancelling work (2.6131ms)
✔ settlement outside the abort acknowledgement window stays unconfirmed (2.1435ms)
▶ hostile proxies and forged signals fail closed without escaping the API
  ✔ revoked work packet (1.0464ms)
  ✔ revoked options (0.4869ms)
  ✔ live proxy traps are not invoked (0.9415ms)
  ✔ revoked AbortSignal proxy (0.9594ms)
  ✔ forged AbortSignal (1.0161ms)
  ✔ revoked settlement (1.9488ms)
✔ hostile proxies and forged signals fail closed without escaping the API (7.5601ms)
▶ snapshot depth and node ceilings reject work before executor invocation
  ✔ huge sparse array (1.7148ms)
  ✔ small sparse array (1.1357ms)
  ✔ dense oversized object (254.0365ms)
  ✔ excessive depth (3.0204ms)
✔ snapshot depth and node ceilings reject work before executor invocation (260.8022ms)
▶ the final invocation gate catches cancellation and deadline changes
  ✔ caller abort while the deadline timer is armed (4.2034ms)
  ✔ deadline reached after the final gate read (2.9943ms)
  ✔ deadline reached while the deadline timer is armed (2.6928ms)
✔ the final invocation gate catches cancellation and deadline changes (10.7285ms)
▶ abort cause uses the first observed monotonic event
  ✔ caller observed before deadline remains caller (3.7475ms)
  ✔ caller first observed after deadline is deadline (3.1898ms)
✔ abort cause uses the first observed monotonic event (7.9591ms)
▶ direct inputs are detached, bounded, and accessor-free
  ✔ cycle (0.9307ms)
  ✔ accessor (1.0322ms)
  ✔ source mutation cannot change executor input (5.307ms)
✔ direct inputs are detached, bounded, and accessor-free (7.9075ms)
✔ initialization creates the smallest valid project with frozen bytes (333.8856ms)
✔ an explicit project ID wins and initialization never discovers an ancestor (45.2914ms)
✔ default project ID transformation is exact across edge cases (266.3671ms)
✔ invalid explicit IDs fail before creating owned paths (3.3619ms)
✔ repeated initialization reports every owned collision without changing output (35.3321ms)
✔ manifest collisions preserve exact bytes and do not create a catalog (4.6174ms)
✔ catalog collisions preserve existing content and do not create a manifest (5.3586ms)
✔ a linked catalog is a collision and its target is never changed (6.4478ms)
✔ invalid and missing target roots fail without creating paths (3.0075ms)
▶ every initialization checkpoint fails closed and rolls back owned entries
  ✔ beforeCatalogCreate (6.0827ms)
  ✔ afterCatalogCreate (6.5081ms)
  ✔ beforeModulesCreate (7.9147ms)
  ✔ afterModulesCreate (8.3093ms)
  ✔ beforeCircuitsCreate (14.1385ms)
  ✔ afterCircuitsCreate (11.3814ms)
  ✔ beforeManifestOpen (12.8765ms)
  ✔ afterManifestOpen (15.6306ms)
  ✔ afterManifestWrite (17.2808ms)
  ✔ afterManifestFsync (21.9945ms)
  ✔ beforeValidation (23.2225ms)
  ✔ afterValidation (25.8483ms)
  ✔ beforeManifestClose (25.3016ms)
✔ every initialization checkpoint fails closed and rolls back owned entries (199.2529ms)
▶ successful creations that fail before identity capture are preserved and reported
  ✔ afterCatalogCreateBeforeCapture (4.0282ms)
  ✔ afterModulesCreateBeforeCapture (6.8819ms)
  ✔ afterCircuitsCreateBeforeCapture (9.4853ms)
  ✔ afterManifestOpenBeforeCapture (17.9202ms)
✔ successful creations that fail before identity capture are preserved and reported (39.218ms)
✔ non-empty rollback targets survive with an explicit cleanup diagnostic (9.2811ms)
✔ identity-changed rollback targets and displaced entries are preserved (16.0314ms)
✔ two coordinated processes produce exactly one initialized project (889.6218ms)
✔ initialization and generated-project validation stay offline and process-free (45.2722ms)
✔ initializer source has no network, process, or adapter execution surface (0.753ms)
✔ runtime diagnostic definitions exactly match the normative catalog (3.207ms)
✔ strict JSON parsing rejects invalid UTF-8, syntax extensions, duplicate keys, and unsafe numbers (5.3275ms)
✔ strict JSON parsing enforces artifact byte and depth ceilings before validation (117.3349ms)
✔ dispatch fails closed with stable version and kind diagnostics (1.6174ms)
✔ schema failures normalize permission, privacy, and stop-condition policy (342.6418ms)
✔ diagnostics are sanitized, deduplicated, and sorted deterministically (8.6931ms)
✔ an explicit minimal project validates without discovery or optional adapters (337.0952ms)
✔ a complete parallel project validates module routing, ownership, joins, and ceilings (57.9162ms)
▶ project loading rejects lexical escapes and every portable forbidden path form
  ✔ parent (13.0174ms)
  ✔ posix absolute (11.0123ms)
  ✔ windows absolute (13.7246ms)
  ✔ unc (7.115ms)
  ✔ device (4.9046ms)
  ✔ alternate stream (8.1323ms)
  ✔ URI (5.8105ms)
  ✔ backslash (4.3601ms)
  ✔ lone high surrogate (8.4034ms)
  ✔ lone low surrogate (9.2825ms)
✔ project loading rejects lexical escapes and every portable forbidden path form (88.1699ms)
✔ project loading distinguishes missing references, non-files, and safe I/O failures (15.2834ms)
✔ contained missing-file diagnostics suppress secret-bearing artifact names (4.3392ms)
▶ explicit project roots reject remote, device, stream, and control forms before I/O
  ✔ file URI (0.2973ms)
  ✔ network URI (0.1536ms)
  ✔ slash UNC (0.1658ms)
  ✔ backslash UNC (0.1296ms)
  ✔ device path (0.1264ms)
  ✔ alternate stream (0.1201ms)
  ✔ control character (0.1054ms)
  ✔ lone high surrogate (0.1066ms)
  ✔ lone low surrogate (0.1057ms)
✔ explicit project roots reject remote, device, stream, and control forms before I/O (2.4604ms)
✔ project loading rejects links below the trust root (95.4044ms)
✔ project loading rejects external links without dereferencing their target (8.9315ms)
✔ project validation accepts a root reached through an aliased ancestor (10.3783ms)
✔ canonical containment distinguishes internal aliases from resolved escape (1.1389ms)
✔ project references fail closed for wrong kinds and duplicate identities (92.2938ms)
✔ reference and graph diagnostics identify undeclared outcomes, ports, and fan-in (199.7305ms)
✔ every project and graph reference class emits reference.not-found (328.8639ms)
✔ cycles, fan-out ownership, and permission ceilings are enforced semantically (162.3017ms)
✔ multi-node cycles require a bound on every cyclic route (79.0642ms)
✔ fan-out declarations and entry reachability stay structurally consistent (89.7703ms)
✔ permission grammar covers every kind and filesystem prefix boundaries (352.062ms)
✔ project and circuit collection ceilings emit dedicated limit diagnostics (1546.3693ms)
✔ the documented source-checkout example is repeatable and read-only (2921.7832ms)
✔ the documented initialization grammar works in a temporary project (2119.5498ms)
✔ the quick start remains a private source-checkout interface (0.6918ms)
✔ all v1alpha1 schemas compile together in strict Ajv 2020 mode (315.8262ms)
✔ one canonical fixture for every supported kind passes its schema (324.7594ms)
✔ schema and fixture paths are repository-owned local files (0.6243ms)
✔ the diagnostic catalog and adversarial matrix are closed and internally consistent (10.6815ms)
✔ every concrete object boundary in all six valid fixtures rejects unknown fields (340.4807ms)
✔ the parallel circuit fixture declares fan-out, bounded work ownership, and one fan-in policy (90.7084ms)
✔ schema boundaries reject permission, privacy, compatibility, and terminal-state ambiguity (202.2406ms)
✔ minimal projects and timestamp-free events remain valid (102.7785ms)
✔ package schemas use only local package-owned references and strict known keywords (71.998ms)
✔ strict parser fixtures expose syntax and duplicate-key failures (8.0885ms)
✔ golden specialist selection: one-agent-optimal (234.5848ms)
✔ golden specialist selection: genuinely-parallel (7.7773ms)
✔ golden specialist selection: under-split (7.2036ms)
✔ golden specialist selection: over-split (9.9537ms)
✔ golden specialist selection: conflict-heavy (5.1105ms)
✔ golden specialist selection: generic-role (5.6823ms)
✔ candidate analysis exposes deterministic rejection evidence when no team is eligible (11.5183ms)
✔ candidate analysis and compilation select the same exact team (9.615ms)
✔ generated team and agent identifiers retain the full SHA-256 suffix (8.676ms)
✔ selected blueprints close exact ownership, authority, context, evidence, handoff, and digests (54.3306ms)
✔ exact search evaluates every allowed canonical partition through the declared limit (2874.4826ms)
✔ fixed scheduler prioritizes the longer remaining critical path (6.8809ms)
✔ fixed scheduler breaks equal critical paths by longer duration (8.7308ms)
✔ fixed scheduler breaks remaining ties by agent ID (4.2223ms)
✔ fixed scheduler enforces maximum concurrency (6.7301ms)
✔ fixed scheduler serializes declared conflict zones (4.7952ms)
✔ fixed scheduler releases dependencies after the handoff cost (4.4422ms)
✔ above-limit goals use deterministic bounded structural candidates without an optimum claim (23.1508ms)
✔ every supplied proposal remains inspectable beyond the retained-alternative window (21.7244ms)
✔ logical array and object-key permutations produce byte-identical compiled semantics (40.2214ms)
✔ compiled values are deeply frozen and detached from mutable caller input (4.6875ms)
✔ reviewed assumptions and nonblocking decisions are digest-bound and rendered (15.1487ms)
✔ blocking unresolved decisions reject before team construction (1.6827ms)
✔ selection reason reports the first decisive baseline comparison (11.2678ms)
✔ repository locators reject leading and nested dot or parent segments (3.8602ms)
✔ repository locator paths cannot exceed their declared read scope (5.9681ms)
✔ authority, context, and evidence violations reject before a launchable roster exists (15.0297ms)
✔ goal dependency cycles and partition-induced agent cycles are rejected (8.1833ms)
✔ generic role and provider/runtime extensions fail closed while exact ownership stays supply-free (9.9509ms)
✔ C1 controls fail closed before diagnostics or rendering (22.1855ms)
✔ Unicode bidi controls fail closed before diagnostics or rendering (43.887ms)
✔ bounded UTF-8 measurement matches raw and JSON encoding boundaries (0.3466ms)
✔ secret-bearing unknown property keys stop at the parent before schema validation (2.3158ms)
✔ oversized compiler input rejects before serialization or UTF-8 buffer allocation (11.3201ms)
✔ secret-bearing input is rejected without echoing the secret (1.2979ms)
✔ digest tampering fails verification and renderer reconstruction (13.578ms)
✔ renderer output is deterministic and binds paths, blueprints, bytes, and compilation (131.001ms)
✔ package verification rejects oversized content before UTF-8 buffer allocation (69.8541ms)
✔ trusted package verification succeeds and coordinated recomputation cannot reuse approval (38.8454ms)
✔ rendered manifest binds every emitted contract and integration file digest (11.7409ms)
✔ first-run specialist example is deterministic, approval-bound, and read-only (1313.8204ms)
✔ first-run specialist example rejects a stale source approval before compilation (492.4227ms)
✔ first-run approval parsing is bounded, strict UTF-8, and duplicate-aware (1214.0729ms)
✔ first-run approval objects reject unknown fields at every boundary (986.3808ms)
✔ first-run source paths reject unsafe, non-scalar, and secret-bearing forms before I/O (3366.7793ms)
✔ first-run source reads reject directories and external junction targets (497.3105ms)
✔ first-run rejects secret-bearing approval paths without echoing them (247.2441ms)
✔ raw specialist handoffs verify exact package, blueprint, evidence, and artifact bindings (328.3655ms)
✔ handoff verification fails closed on stale identity, incomplete evidence, malformed JSON, and secrets (106.7954ms)
✔ handoff verification binds artifact media types and permits only normalized LF controls (85.4293ms)
✔ fan-in is ready only for one PASS handoff from every exact transitive dependency (66.6778ms)
✔ fan-in rejects valid handoffs from agents outside the target dependency closure (25.7683ms)
✔ handoff byte boundaries reject proxies and accessors without invoking caller code (36.3087ms)
✔ decoded handoff overflow is SC4402 while malformed base64 remains SC4401 (538.6797ms)
✔ bundled specialist schemas have exact source parity (5.7513ms)
✔ create, restore, inspect, and record perform no first-use filesystem reads (3196.2002ms)
✔ inspection derives manifest contracts, DAG statuses, evidence, and complete-roster readiness (5936.9878ms)
✔ inspection closes every non-pass route and marks all unsettled work session-routed (3018.3033ms)
✔ public run constants, operations, schema export, and V11 compatibility are exact (3.9475ms)
✔ the strict schema accepts both canonical roots and closes every nested object (16.3652ms)
✔ schema boundaries and every workflow route remain exact (87.6494ms)
✔ recording is monotonic, dependency-gated, replay-safe, and source-preserving (794.9579ms)
✔ every verified non-pass outcome records once and terminally routes later work (1279.3819ms)
✔ recording applies validation and handoff diagnostic precedence without caller mutation (110.147ms)
✔ root, chain, diamond, fan-out, fan-in, disconnected, and complete DAGs agree with V11 (8063.3678ms)
✔ all valid independent arrival permutations converge to one session and inspection (6080.0609ms)
✔ fresh-process restore and inspection preserve canonical semantics without host state (491.7113ms)
✔ restore, expectation, caller-code, and coordinated-substitution attacks fail closed (81.0372ms)
✔ handoff attacks, transition precedence, replay, and every non-pass route are closed (753.9686ms)
✔ the 16-agent maximum-handoff aggregate converges below conservative run safeguards (86744.6926ms)
✔ raw handoff and run input boundaries reject one-unit excess without truncation (6463.7965ms)
✔ the specialist schemas and every definition compile in strict Ajv 2020 mode (261.9316ms)
✔ the specialist schema accepts its two canonical closed input kinds (145.9425ms)
✔ the handoff schema accepts every canonical outcome and remains closed (85.4516ms)
✔ every concrete specialist input object boundary rejects provider-shaped fields (99.6191ms)
✔ role and runtime supply cannot enter goal, request, work, or proposal contracts (114.9641ms)
✔ repository context requires readScope and external context forbids it (108.0053ms)
✔ permission kinds are the exact provider-neutral schema set (100.7924ms)
✔ specialist references stay inside package-owned v1alpha1 schemas (35.0662ms)
✔ TypeScript ESM output loads with the approved production dependencies (148.0928ms)
✔ inspection reconstructs interleaved runs, parallel attempts, retries, outcomes, and evidence (325.8203ms)
▶ [T12] zero-event terminators are accepted once and rejected when repeated
  ✔ empty-file (4.4951ms)
  ✔ single-final-lf (8.0155ms)
  ✔ single-final-crlf (6.2807ms)
  ✔ repeated-final-lf (4.85ms)
  ✔ repeated-final-crlf (4.6863ms)
✔ [T12] zero-event terminators are accepted once and rejected when repeated (29.9384ms)
✔ logical order accepts valid same-run backward causation and ignores timestamps (6.2744ms)
▶ sequence, event identity, and causation diagnostics are deterministic
  ✔ duplicate sequence (6.5706ms)
  ✔ regressing sequence (6.129ms)
  ✔ duplicate event id (6.6163ms)
  ✔ missing cause (5.2236ms)
  ✔ forward cause (5.3524ms)
  ✔ cross-run cause (5.5882ms)
✔ sequence, event identity, and causation diagnostics are deterministic (37.0907ms)
▶ [T14] every legal attempt transition is accepted
  ✔ queued-to-running (4.9903ms)
  ✔ queued-to-cancelled (4.8462ms)
  ✔ running-to-input_required (5.6279ms)
  ✔ running-to-completed (13.2815ms)
  ✔ running-to-failed (4.9917ms)
  ✔ running-to-cancelled (5.618ms)
  ✔ running-to-timed_out (5.3102ms)
  ✔ input_required-to-running (6.6965ms)
  ✔ input_required-to-cancelled (4.9653ms)
  ✔ input_required-to-timed_out (8.0871ms)
✔ [T14] every legal attempt transition is accepted (66.3974ms)
▶ [T04] every disallowed non-terminal transition is rejected
  ✔ queued-to-queued (6.9534ms)
  ✔ queued-to-input_required (5.6454ms)
  ✔ queued-to-completed (4.5477ms)
  ✔ queued-to-failed (4.3867ms)
  ✔ queued-to-timed_out (5.3566ms)
  ✔ running-to-queued (4.9014ms)
  ✔ running-to-running (16.6344ms)
  ✔ input_required-to-queued (4.8445ms)
  ✔ input_required-to-input_required (4.66ms)
  ✔ input_required-to-completed (5.0685ms)
  ✔ input_required-to-failed (5.0476ms)
✔ [T04] every disallowed non-terminal transition is rejected (70.5499ms)
▶ [T05] every terminal attempt state is immutable
  ✔ completed (5.9948ms)
  ✔ failed (4.8925ms)
  ✔ cancelled (8.5985ms)
  ✔ timed_out (6.6085ms)
✔ [T05] every terminal attempt state is immutable (27.0497ms)
✔ heartbeat, cancellation request, and explicit timeout events are accepted in valid states (6.3455ms)
▶ attempt transition and terminal-state violations use their dedicated diagnostics
  ✔ new non-retry must start queued (4.4227ms)
  ✔ queued cannot complete directly (5.3488ms)
  ✔ terminal state is immutable (5.6818ms)
  ✔ heartbeat is state-gated (12.3948ms)
✔ attempt transition and terminal-state violations use their dedicated diagnostics (34.6321ms)
▶ [T07] heartbeat and cancellation requests are state-gated
  ✔ heartbeat (6.828ms)
  ✔ cancellation-request (5.2048ms)
✔ [T07] heartbeat and cancellation requests are state-gated (12.7597ms)
▶ [T10] every attempt-bearing non-state event requires an earlier attempt
  ✔ heartbeat (5.4293ms)
  ✔ outcome (4.6952ms)
  ✔ evidence (4.9974ms)
✔ [T10] every attempt-bearing non-state event requires an earlier attempt (15.9778ms)
▶ [T09] retry lineage rejects wrong, completed, and forked predecessors
  ✔ wrong-predecessor (6.0904ms)
  ✔ completed-parent (11.0819ms)
  ✔ forked-successor (5.0562ms)
✔ [T09] retry lineage rejects wrong, completed, and forked predecessors (23.1501ms)
▶ [T06/T08/T11] retry declarations and attempt identity use dedicated diagnostics
  ✔ T06:missing-link (4.9188ms)
  ✔ T06:not-queued (4.7941ms)
  ✔ T08:metadata-change (5.4637ms)
  ✔ T08:duplicate-work-packet-number (5.6731ms)
  ✔ T11:non-retry (4.8398ms)
✔ [T06/T08/T11] retry declarations and attempt identity use dedicated diagnostics (27.0656ms)
▶ attempt identity and retry lineage failures are distinguishable
  ✔ retry link is required (7.2415ms)
  ✔ retry must start queued (11.0316ms)
  ✔ retry lineage must use an eligible predecessor (7.8181ms)
  ✔ attempt declaration is immutable (6.2346ms)
  ✔ non-state attempt reference must already exist (6.1332ms)
✔ attempt identity and retry lineage failures are distinguishable (40.2882ms)
✔ outcome and evidence records may reference a terminal attempt (5.759ms)
✔ [T15] a failed handoff remains explicit in state and evidence summaries (5.3856ms)
▶ strict JSONL framing rejects BOMs, blanks, lone CR, truncation, duplicate keys, and invalid UTF-8
  ✔ BOM (5.525ms)
  ✔ blank record (4.9661ms)
  ✔ lone CR (5.1632ms)
  ✔ internal CR before CRLF (9.9715ms)
  ✔ truncated (8.0511ms)
  ✔ duplicate key (4.9759ms)
  ✔ invalid UTF-8 (3.836ms)
✔ strict JSONL framing rejects BOMs, blanks, lone CR, truncation, duplicate keys, and invalid UTF-8 (44.3135ms)
▶ RunEvent dispatch and exact payload ownership fail closed
  ✔ missing event version (15.4353ms)
  ✔ non-string event version (8.4479ms)
  ✔ unsupported event version (5.5402ms)
  ✔ wrong artifact kind (7.5414ms)
  ✔ payload smuggling (6.1637ms)
  ✔ event metadata description (7.0328ms)
✔ RunEvent dispatch and exact payload ownership fail closed (51.397ms)
✔ evidence references are grammar-checked but never dereferenced (15.0086ms)
▶ [T13] command and test evidence identifiers enforce the 128-character boundary
  ✔ command-at-limit (16.8861ms)
  ✔ command-over-limit (5.3399ms)
  ✔ test-at-limit (4.6305ms)
  ✔ test-over-limit (5.772ms)
✔ [T13] command and test evidence identifiers enforce the 128-character boundary (33.5744ms)
✔ [L02] bounded reads allocate from the verified descriptor size (0.5875ms)
✔ trace paths reject unsafe forms, links, non-files, and detectable mutation (15.1404ms)
✔ line, trace, event-count, and depth ceilings emit dedicated diagnostics (442.2466ms)
✔ evidence summaries cap deterministically and report exact omissions (176.4563ms)
✔ the normative secret detector has positive and near-miss coverage (0.3751ms)
✔ [PR03] every rendered summary string slot suppresses secrets with one warning (26.7678ms)
✔ secret-bearing trace names are suppressed on invalid-input diagnostics too (4.3568ms)
✔ trace inspection remains offline, process-free, and adapter-free (5.1024ms)
✔ declared TypeScript file defeats ambient and candidate-local command substitution (358.4676ms)
✔ repository-local fallback executes the exact resolved file (334.7212ms)
✔ repository fallback canonicalizes a linked dependency ancestor (341.2341ms)
✔ execution stops when version inspection mutates the bound file (177.3279ms)
✔ execution detects persistent mutation during compilation (265.1829ms)
✔ TypeScript binding rejects ambiguous, contained, and linked files (17.5424ms)
✔ package, release gate, and packed consumer bind explicit TypeScript authority (2.49ms)
✔ the V10 executor dogfood trace is bounded, inspectable, and repeatable (378.1223ms)
✔ the V10 dogfood harness removes its owned workspace after an injected failure (10.4501ms)
✔ dogfood context reads accept regular files inside the repository root (8.6267ms)
✔ dogfood context verification rejects bytes changed by an LF clean filter (1.0149ms)
✔ dogfood context verification accepts LF bytes unchanged by the clean filter (0.4365ms)
✔ dogfood context verification rejects an explicit CRLF checkout before hashing bytes (0.3873ms)
✔ dogfood context verification rejects an active custom Git filter (0.3795ms)
✔ dogfood context verification rejects an active working-tree encoding (0.3596ms)
✔ dogfood context verification rejects a source without an explicit eol policy (0.433ms)
✔ dogfood context verification rejects an active filter before hashing bytes (0.3351ms)
✔ dogfood context verification rejects ident expansion before hashing bytes (0.3862ms)
✔ dogfood context verification rejects the legacy crlf attribute before hashing bytes (0.4544ms)
✔ dogfood context verification rejects a bare CR under an explicit LF checkout (0.4365ms)
✔ dogfood context verification rejects ambiguous filter names before hashing bytes (0.4087ms)
✔ Git attribute parsing accepts variable unique records and rejects malformed output (2.0655ms)
✔ dogfood context reads reject an in-root junction targeting an external directory (14.3004ms)
✔ dogfood goal and approval controls reject duplicate JSON keys (13.6695ms)
✔ dogfood approval controls reject a parent junction instead of following it (6.88ms)
✔ dogfood evidence writes reject package-parent redirection before mutation (8.5651ms)
✔ dogfood context verification rejects unsupported source kinds (1.2341ms)
✔ dogfood context verification requires one exact attribute-policy binding (1.0781ms)
✔ every active V11 source is LF clean-filter stable with the attribute policy bound (8131.7983ms)
✔ prelaunch audit authenticates the complete candidate without self-reference (0.8332ms)
✔ prelaunch audit forces an independent binder and compilation reviewer (110.9326ms)
✔ launch authorization binds both packages, the verification receipt, and the exact PASS handoff (21.5016ms)
✔ launch authorization rejects malformed, non-PASS, stale, and incomplete audit handoffs (781.7799ms)
✔ launch authorization accepts paired supplementary Unicode in free-text handoff fields (12.4794ms)
▶ launch authorization rejects secret-bearing and non-scalar handoff paths
  ✔ lone high surrogate (8.7897ms)
  ✔ lone low surrogate (9.6455ms)
  ✔ secret (8.2453ms)
✔ launch authorization rejects secret-bearing and non-scalar handoff paths (27.3191ms)
✔ launch authorization rejects unbound or semantically invalid verification receipts (171.2602ms)
✔ launch authorization rejects stale package bindings and unowned handoff paths (9.7424ms)
✔ candidate lock applicability distinguishes glibc and musl (3.8235ms)
✔ candidate dependency and canonical commands use one authenticated npm CLI (8.1375ms)
✔ canonical evidence slot is atomically owned, published, and retry-safe (49.1071ms)
✔ aggregate preparation failures retain every nested cause (1.0148ms)
✔ failed preparation removes every owned resource (29.7752ms)
✔ packed consumer retains and executes the complete TypeScript binding (0.7277ms)
✔ canonical gate materialization uses a constant-process Git blob batch (2116.2141ms)
✔ candidate materialization excludes and detects uncommitted verification inputs (1121.325ms)
✔ candidate lock and private dependency closure reject substitution (19.2113ms)
✔ runtime ancestor package supply is detected before candidate execution (6.4683ms)
✖ candidate Git context is disposable, exact, and usable from the materialization (1470.2331ms)
✔ canonical gate closes hostile host environment and binds effective authority (1570.4427ms)
✔ candidate scratch cleanup supports reverse owner order (3.7384ms)
✔ empty-directory pruning preserves unrelated state (4.357ms)
✔ canonical command is pinned to the authenticated materialization (0.6133ms)
✔ R2 closes the stronger receipt and all six causal security sources (0.8982ms)
✔ R2 correction review context remains bounded with primary evidence (1569.6071ms)
✔ paths mode remains closed and rejects malformed candidate identities (685.362ms)
✔ release-review parent rejects unsafe paths and non-exact lock supply (4.325ms)
✔ release-review parent detects closure mutation and promotes immutable bytes (22.2677ms)
✔ release-review promotion preflights the full set and commits the receipt last (35.1197ms)
✔ release-review parent closes environment, outputs, cleanup, and promotion order (25.1562ms)
✔ installed npm 10 or newer uses exact production private configs and rejects the old alias (877.7627ms)
✔ private npm substitution routes stop before process spawn and clean up (137.3563ms)
✔ candidate blob batch parsing preserves binary bytes and fails closed (8.0071ms)
✔ parent and verifier harness loaders use constant-process Git blob batches (2302.7873ms)
✔ Git blob fixtures retain only explicit closed Git configuration (0.4308ms)
✔ Git blob fixtures execute in a fresh process under the closed Git environment (897.4782ms)
✔ Git changed-path diagnostics are canonical and fail closed (0.7139ms)
✔ scoped parent timeout owns residue, kills descendants, and reports timeout first (1182.5855ms)
✔ release-review parent and workers preserve the candidate-runtime import boundary (174.4023ms)
✔ runtime binding is deterministic and fails closed after identity mutation (1.2353ms)
✔ stable runtime policy excludes invocation-specific temporary paths (0.6395ms)
✔ closed phase grammar reconstructs prefixes from exact external inputs (1.1963ms)
✔ handoff paths reject non-scalars, controls, non-NFC text, and aliases before use (3.3037ms)
✔ stable reconstruction and phase authority reject substitution independently (1.9405ms)
✔ copied production lifecycle excludes correction evidence after its sealed history (0.1988ms)
✔ copied production lifecycle consumes the fresh-process release-gate cache supply (621.0473ms)
✔ nested fixture repository processes discard an enclosing candidate Git context (784.1903ms)
✔ materialized lifecycle executes and receipts one external TypeScript adapter (665.687ms)
✔ lifecycle TypeScript evidence parser fails closed (1.7199ms)
✔ release runtime and npm compatibility policies are portable and closed (0.4036ms)
✔ candidate TypeScript log uses canonical compact JSON and private binding (0.5961ms)
✔ lifecycle adapter compiles the bounded input with host TypeScript (622.5083ms)
✔ materialized lifecycle detects persistent compiler mutation after child return (305.4795ms)
✔ lifecycle production identities match current source bytes (2.375ms)
✔ canonical npm test schedules the exact lifecycle after the core suite (0.7275ms)
✔ materialized package closure rejects linked and hard-linked entries (8.3849ms)
✔ closed private state rejects source mutation and undeclared post-build files (38.298ms)
✔ explicit cache and ancestor resolver boundaries fail closed (22.6109ms)
✔ stable reconstruction is package-defining while phase authority stays separate (1.9928ms)
✔ active release status avoids volatile candidate-state drift and preserves outcomes (2.1735ms)
✔ live release routing delegates volatile state to candidate-addressed evidence (1.7177ms)
✔ candidate-addressed run roots are closed, disjoint, and preserve Candidate 3 evidence (1265.7722ms)
✔ correction lineage requires revisions 1 through 10 and has no terminal count (1.1897ms)
✔ working-tree-only inputs and unsafe handoff paths fail closed (0.4903ms)
✔ review package covers every transitive release-security source exactly once (1574.2556ms)
✔ release-review receipt consumer requires bound v1alpha4 execution authority (1.2774ms)
✔ post-commit gate evidence is captured outside the candidate without self-reference (0.471ms)
✔ reviewer snapshots and tooling identity use exact candidate Git blobs (1.2459ms)
✔ revision 9 package and handoff verification rejects substituted bytes (315.7875ms)
ℹ tests 458
ℹ suites 0
ℹ pass 457
ℹ fail 1
ℹ cancelled 0
ℹ skipped 0
ℹ todo 0
ℹ duration_ms 110149.4226

✖ failing tests:

test at test\v12-release-gate.test.mjs:518:1
✖ candidate Git context is disposable, exact, and usable from the materialization (1470.2331ms)
  Error: spawnSync C:\tmp\swecircuit-v12-host-git\cmd\git.exe ENOENT
      at Object.spawnSync (node:internal/child_process:1119:20)
      at spawnSync (node:child_process:911:24)
      at runGit (file:///C:/Users/garre/AppData/Local/Temp/swecircuit-v12-release-gate/work/candidate-U8xrFr/scripts/run-v12-release-gate.mjs:270:18)
      at Object.createCandidateGitContext (file:///C:/Users/garre/AppData/Local/Temp/swecircuit-v12-release-gate/work/candidate-U8xrFr/scripts/run-v12-release-gate.mjs:1230:25)
      at async TestContext.<anonymous> (file:///C:/Users/garre/AppData/Local/Temp/swecircuit-v12-release-gate/work/candidate-U8xrFr/test/v12-release-gate.test.mjs:566:18)
      at async Test.run (node:internal/test_runner/test:1125:7)
      at async Test.processPendingSubtests (node:internal/test_runner/test:787:7) {
    errno: -4058,
    code: 'ENOENT',
    syscall: 'spawnSync C:\\tmp\\swecircuit-v12-host-git\\cmd\\git.exe',
    path: 'C:\\tmp\\swecircuit-v12-host-git\\cmd\\git.exe',
    spawnargs: [ 'config', 'core.bare', 'false' ]
  }
