
> swecircuit@0.0.0 verify
> npm run format:check && npm run lint && npm run typecheck && npm test && npm run example:specialist && npm run dogfood:v10 && npm run dogfood:v11 && npm run dogfood:v12 && npm run pack:check && npm run consumer:check


> swecircuit@0.0.0 format:check
> biome format src test schemas examples/specialist-compiler scripts/run-v9-dogfood.mjs scripts/run-v10-dogfood.mjs scripts/run-v11-dogfood.mjs scripts/run-v12-dogfood.mjs scripts/run-v12-release-gate.mjs scripts/run-v12-release-review.mjs docs/specs/v12-ide-run-loop/evidence/release-review-r2/run-release-review.mjs docs/specs/v12-ide-run-loop/evidence/release-review-r2/verify-release-review-handoffs.mjs scripts/check-packed-consumer.mjs scripts/fixtures/packed-consumer-host.ts package.json tsconfig.json biome.json

Checked 96 files in 172ms. No fixes applied.

> swecircuit@0.0.0 lint
> biome lint src test examples/specialist-compiler scripts/run-v9-dogfood.mjs scripts/run-v10-dogfood.mjs scripts/run-v11-dogfood.mjs scripts/run-v12-dogfood.mjs scripts/run-v12-release-gate.mjs scripts/run-v12-release-review.mjs docs/specs/v12-ide-run-loop/evidence/release-review-r2/run-release-review.mjs docs/specs/v12-ide-run-loop/evidence/release-review-r2/verify-release-review-handoffs.mjs scripts/check-packed-consumer.mjs scripts/fixtures/packed-consumer-host.ts

The number of diagnostics exceeds the limit allowed. Use --max-diagnostics to increase it.
Diagnostics not shown: 52.
Checked 82 files in 165ms. No fixes applied.
Found 1 warning.
Found 71 infos.

> swecircuit@0.0.0 typecheck
> tsc -p tsconfig.json --noEmit


> swecircuit@0.0.0 test
> npm run build --silent && node --test test/*.test.mjs

✔ the internal CLI exposes one fixed help surface (388.1347ms)
✔ init, validate, and inspect human output comes from library summaries (2808.1209ms)
✔ JSON mode writes exactly one operation result to stdout for success and failure (1004.6073ms)
✔ human failures use stderr and never print a success summary (273.3867ms)
✔ human warning results keep success on stdout and warnings on stderr (497.0199ms)
▶ invalid commands and option shapes deterministically emit cli.usage
  ✔ missing command (270.3144ms)
  ✔ unknown command (293.7313ms)
  ✔ unknown option (276.3069ms)
  ✔ duplicate option (251.725ms)
  ✔ extra positional (300.2113ms)
  ✔ inspect missing trace (256.2249ms)
  ✔ trace on validate (272.0339ms)
  ✔ project id on validate (367.4309ms)
  ✔ command help (254.8445ms)
✔ invalid commands and option shapes deterministically emit cli.usage (2828.1205ms)
✔ unexpected operation throws become one sanitized internal failure (2.3846ms)
✔ the CLI remains a renderer-only internal surface (0.7622ms)
✔ the V9 dogfood circuit is measured, bounded, and semantically repeatable (9574.3031ms)
✔ the V9 dogfood harness removes its owned workspace after an injected failure (1942.1444ms)
✔ the V9 dogfood harness cleans up when setup fails after ownership capture (5.3259ms)
✔ the committed observation digest and caller-owned retry trace stay linked (407.2796ms)
✔ one valid packet executes once and returns an immutable V9-compatible journal (376.3855ms)
✔ normal class executors can implement the public port (4.1501ms)
✔ operation success stays separate from declared work failure (3.6594ms)
▶ every preflight rejection prevents executor invocation
  ✔ null packet (1.8381ms)
  ✔ null manifest (1.3716ms)
  ✔ wrong packet kind (5.397ms)
  ✔ incompatible manifest kind (1.5089ms)
  ✔ manifest declares kernel-owned output (1.4115ms)
  ✔ executor identity mismatch (1.1758ms)
  ✔ malformed grant (1.135ms)
  ✔ invalid timeout policy (1.1519ms)
✔ every preflight rejection prevents executor invocation (16.9647ms)
▶ permission grants fail closed in every direction
  ✔ grant misses a manifest request (1.3494ms)
  ✔ grant adds unrequested authority (1.1846ms)
  ✔ grant exceeds packet ceiling (1.1096ms)
  ✔ broad request is not covered by narrow grant (1.1037ms)
  ✔ broad grant is not covered by narrow request (1.0566ms)
✔ permission grants fail closed in every direction (7.0311ms)
▶ throws and malformed settlements become fixed failures without raw values
  ✔ throw (8.9644ms)
  ✔ malformed extra field (2.6924ms)
  ✔ secret evidence (2.4217ms)
✔ throws and malformed settlements become fixed failures without raw values (14.8622ms)
✔ fulfillment observation detaches settlement before later mutation (3.0755ms)
▶ return-bound input canaries fail preflight without leaking
  ✔ run ID (1.2289ms)
  ✔ attempt ID (1.2862ms)
  ✔ correlation ID (1.0988ms)
  ✔ packet ID (1.1012ms)
  ✔ grant ID (1.1409ms)
  ✔ issuer (1.057ms)
  ✔ executor ID (1.0255ms)
✔ return-bound input canaries fail preflight without leaking (9.417ms)
▶ already-aborted and already-expired work never invokes the executor
  ✔ caller abort (2.5239ms)
  ✔ packet deadline (2.3855ms)
✔ already-aborted and already-expired work never invokes the executor (5.4862ms)
▶ acknowledged caller cancellation and timeout produce exact terminal journals
  ✔ caller cancellation (2.882ms)
  ✔ deadline (2.6146ms)
✔ acknowledged caller cancellation and timeout produce exact terminal journals (6.0876ms)
✔ an unacknowledged abort remains non-terminal and late rejection is observed (5.3767ms)
✔ completion observed at or after the absolute deadline cannot become success (3.7842ms)
✔ an early deadline wake-up re-arms instead of cancelling work (2.1355ms)
✔ settlement outside the abort acknowledgement window stays unconfirmed (2.3617ms)
▶ hostile proxies and forged signals fail closed without escaping the API
  ✔ revoked work packet (1.1146ms)
  ✔ revoked options (0.4916ms)
  ✔ live proxy traps are not invoked (0.866ms)
  ✔ revoked AbortSignal proxy (0.8837ms)
  ✔ forged AbortSignal (1.0244ms)
  ✔ revoked settlement (2.0099ms)
✔ hostile proxies and forged signals fail closed without escaping the API (7.4817ms)
▶ snapshot depth and node ceilings reject work before executor invocation
  ✔ huge sparse array (1.8018ms)
  ✔ small sparse array (1.1315ms)
  ✔ dense oversized object (241.3891ms)
  ✔ excessive depth (2.2954ms)
✔ snapshot depth and node ceilings reject work before executor invocation (248.0632ms)
▶ the final invocation gate catches cancellation and deadline changes
  ✔ caller abort while the deadline timer is armed (4.621ms)
  ✔ deadline reached after the final gate read (2.3913ms)
  ✔ deadline reached while the deadline timer is armed (2.3032ms)
✔ the final invocation gate catches cancellation and deadline changes (10.1075ms)
▶ abort cause uses the first observed monotonic event
  ✔ caller observed before deadline remains caller (2.8017ms)
  ✔ caller first observed after deadline is deadline (2.3999ms)
✔ abort cause uses the first observed monotonic event (5.8528ms)
▶ direct inputs are detached, bounded, and accessor-free
  ✔ cycle (1.0913ms)
  ✔ accessor (1.2244ms)
  ✔ source mutation cannot change executor input (3.3502ms)
✔ direct inputs are detached, bounded, and accessor-free (6.378ms)
✔ initialization creates the smallest valid project with frozen bytes (413.8789ms)
✔ an explicit project ID wins and initialization never discovers an ancestor (34.8553ms)
✔ default project ID transformation is exact across edge cases (175.9439ms)
✔ invalid explicit IDs fail before creating owned paths (3.7964ms)
✔ repeated initialization reports every owned collision without changing output (36.5164ms)
✔ manifest collisions preserve exact bytes and do not create a catalog (7.405ms)
✔ catalog collisions preserve existing content and do not create a manifest (7.1821ms)
✔ a linked catalog is a collision and its target is never changed (7.6518ms)
✔ invalid and missing target roots fail without creating paths (2.7747ms)
▶ every initialization checkpoint fails closed and rolls back owned entries
  ✔ beforeCatalogCreate (5.2689ms)
  ✔ afterCatalogCreate (5.8624ms)
  ✔ beforeModulesCreate (9.7609ms)
  ✔ afterModulesCreate (8.6716ms)
  ✔ beforeCircuitsCreate (9.8299ms)
  ✔ afterCircuitsCreate (15.0107ms)
  ✔ beforeManifestOpen (13.1ms)
  ✔ afterManifestOpen (19.2737ms)
  ✔ afterManifestWrite (17.7872ms)
  ✔ afterManifestFsync (34.9486ms)
  ✔ beforeValidation (23.4455ms)
  ✔ afterValidation (22.527ms)
  ✔ beforeManifestClose (23.8089ms)
✔ every initialization checkpoint fails closed and rolls back owned entries (212.5068ms)
▶ successful creations that fail before identity capture are preserved and reported
  ✔ afterCatalogCreateBeforeCapture (4.1539ms)
  ✔ afterModulesCreateBeforeCapture (6.0981ms)
  ✔ afterCircuitsCreateBeforeCapture (9.5085ms)
  ✔ afterManifestOpenBeforeCapture (12.525ms)
✔ successful creations that fail before identity capture are preserved and reported (33.189ms)
✔ non-empty rollback targets survive with an explicit cleanup diagnostic (10.6703ms)
✔ identity-changed rollback targets and displaced entries are preserved (24.4006ms)
✔ two coordinated processes produce exactly one initialized project (1006.299ms)
✔ initialization and generated-project validation stay offline and process-free (83.5776ms)
✔ initializer source has no network, process, or adapter execution surface (0.7028ms)
✔ runtime diagnostic definitions exactly match the normative catalog (3.3175ms)
✔ strict JSON parsing rejects invalid UTF-8, syntax extensions, duplicate keys, and unsafe numbers (5.6015ms)
✔ strict JSON parsing enforces artifact byte and depth ceilings before validation (153.5297ms)
✔ dispatch fails closed with stable version and kind diagnostics (2.0082ms)
✔ schema failures normalize permission, privacy, and stop-condition policy (371.6079ms)
✔ diagnostics are sanitized, deduplicated, and sorted deterministically (1.696ms)
✔ an explicit minimal project validates without discovery or optional adapters (358.0586ms)
✔ a complete parallel project validates module routing, ownership, joins, and ceilings (87.313ms)
▶ project loading rejects lexical escapes and every portable forbidden path form
  ✔ parent (9.9836ms)
  ✔ posix absolute (7.367ms)
  ✔ windows absolute (4.9493ms)
  ✔ unc (6.0209ms)
  ✔ device (8.2415ms)
  ✔ alternate stream (11.9788ms)
  ✔ URI (34.7093ms)
  ✔ backslash (6.2559ms)
  ✔ lone high surrogate (5.9299ms)
  ✔ lone low surrogate (5.1199ms)
✔ project loading rejects lexical escapes and every portable forbidden path form (102.9905ms)
✔ project loading distinguishes missing references, non-files, and safe I/O failures (15.7114ms)
✔ contained missing-file diagnostics suppress secret-bearing artifact names (8.894ms)
▶ explicit project roots reject remote, device, stream, and control forms before I/O
  ✔ file URI (9.3064ms)
  ✔ network URI (0.3113ms)
  ✔ slash UNC (0.1897ms)
  ✔ backslash UNC (0.1307ms)
  ✔ device path (5.8885ms)
  ✔ alternate stream (0.1641ms)
  ✔ control character (0.1108ms)
  ✔ lone high surrogate (0.1033ms)
  ✔ lone low surrogate (0.0972ms)
✔ explicit project roots reject remote, device, stream, and control forms before I/O (17.7908ms)
✔ project loading rejects links below the trust root (9.1442ms)
✔ project loading rejects external links without dereferencing their target (9.445ms)
✔ project validation accepts a root reached through an aliased ancestor (7.8293ms)
✔ canonical containment distinguishes internal aliases from resolved escape (1.0152ms)
✔ project references fail closed for wrong kinds and duplicate identities (135.7249ms)
✔ reference and graph diagnostics identify undeclared outcomes, ports, and fan-in (314.6292ms)
✔ every project and graph reference class emits reference.not-found (244.3329ms)
✔ cycles, fan-out ownership, and permission ceilings are enforced semantically (235.7635ms)
✔ multi-node cycles require a bound on every cyclic route (180.2037ms)
✔ fan-out declarations and entry reachability stay structurally consistent (117.7882ms)
✔ permission grammar covers every kind and filesystem prefix boundaries (364.0288ms)
✔ project and circuit collection ceilings emit dedicated limit diagnostics (1587.4851ms)
✔ the documented source-checkout example is repeatable and read-only (3630.5162ms)
✔ the documented initialization grammar works in a temporary project (2146.0252ms)
✔ the quick start remains a private source-checkout interface (1.1515ms)
✔ all v1alpha1 schemas compile together in strict Ajv 2020 mode (304.8602ms)
✔ one canonical fixture for every supported kind passes its schema (376.4603ms)
✔ schema and fixture paths are repository-owned local files (0.5219ms)
✔ the diagnostic catalog and adversarial matrix are closed and internally consistent (13.7119ms)
✔ every concrete object boundary in all six valid fixtures rejects unknown fields (396.0076ms)
✔ the parallel circuit fixture declares fan-out, bounded work ownership, and one fan-in policy (131.2438ms)
✔ schema boundaries reject permission, privacy, compatibility, and terminal-state ambiguity (240.6278ms)
✔ minimal projects and timestamp-free events remain valid (89.2237ms)
✔ package schemas use only local package-owned references and strict known keywords (132.3238ms)
✔ strict parser fixtures expose syntax and duplicate-key failures (9.7238ms)
✔ golden specialist selection: one-agent-optimal (221.692ms)
✔ golden specialist selection: genuinely-parallel (8.6437ms)
✔ golden specialist selection: under-split (6.7168ms)
✔ golden specialist selection: over-split (8.121ms)
✔ golden specialist selection: conflict-heavy (10.7983ms)
✔ golden specialist selection: generic-role (5.742ms)
✔ candidate analysis exposes deterministic rejection evidence when no team is eligible (12.9103ms)
✔ candidate analysis and compilation select the same exact team (8.2026ms)
✔ generated team and agent identifiers retain the full SHA-256 suffix (12.7149ms)
✔ selected blueprints close exact ownership, authority, context, evidence, handoff, and digests (38.4207ms)
✔ exact search evaluates every allowed canonical partition through the declared limit (3119.353ms)
✔ fixed scheduler prioritizes the longer remaining critical path (6.8175ms)
✔ fixed scheduler breaks equal critical paths by longer duration (11.8945ms)
✔ fixed scheduler breaks remaining ties by agent ID (4.4068ms)
✔ fixed scheduler enforces maximum concurrency (6.2755ms)
✔ fixed scheduler serializes declared conflict zones (4.3006ms)
✔ fixed scheduler releases dependencies after the handoff cost (6.1874ms)
✔ above-limit goals use deterministic bounded structural candidates without an optimum claim (29.5024ms)
✔ every supplied proposal remains inspectable beyond the retained-alternative window (26.7479ms)
✔ logical array and object-key permutations produce byte-identical compiled semantics (43.256ms)
✔ compiled values are deeply frozen and detached from mutable caller input (5.1555ms)
✔ reviewed assumptions and nonblocking decisions are digest-bound and rendered (17.7132ms)
✔ blocking unresolved decisions reject before team construction (1.5809ms)
✔ selection reason reports the first decisive baseline comparison (13.5902ms)
✔ repository locators reject leading and nested dot or parent segments (5.3398ms)
✔ repository locator paths cannot exceed their declared read scope (8.0691ms)
✔ authority, context, and evidence violations reject before a launchable roster exists (21.8568ms)
✔ goal dependency cycles and partition-induced agent cycles are rejected (7.0764ms)
✔ generic role and provider/runtime extensions fail closed while exact ownership stays supply-free (9.2109ms)
✔ C1 controls fail closed before diagnostics or rendering (17.9177ms)
✔ Unicode bidi controls fail closed before diagnostics or rendering (46.7252ms)
✔ bounded UTF-8 measurement matches raw and JSON encoding boundaries (0.3494ms)
✔ secret-bearing unknown property keys stop at the parent before schema validation (1.916ms)
✔ oversized compiler input rejects before serialization or UTF-8 buffer allocation (10.847ms)
✔ secret-bearing input is rejected without echoing the secret (1.4548ms)
✔ digest tampering fails verification and renderer reconstruction (13.7963ms)
✔ renderer output is deterministic and binds paths, blueprints, bytes, and compilation (136.3236ms)
✔ package verification rejects oversized content before UTF-8 buffer allocation (69.6816ms)
✔ trusted package verification succeeds and coordinated recomputation cannot reuse approval (47.7668ms)
✔ rendered manifest binds every emitted contract and integration file digest (10.4732ms)
✔ first-run specialist example is deterministic, approval-bound, and read-only (1654.535ms)
✔ first-run specialist example rejects a stale source approval before compilation (538.065ms)
✔ first-run approval parsing is bounded, strict UTF-8, and duplicate-aware (1708.3265ms)
✔ first-run approval objects reject unknown fields at every boundary (945.8898ms)
✔ first-run source paths reject unsafe, non-scalar, and secret-bearing forms before I/O (3838.4248ms)
✔ first-run source reads reject directories and external junction targets (599.8493ms)
✔ first-run rejects secret-bearing approval paths without echoing them (286.2905ms)
✔ raw specialist handoffs verify exact package, blueprint, evidence, and artifact bindings (340.5181ms)
✔ handoff verification fails closed on stale identity, incomplete evidence, malformed JSON, and secrets (119.5267ms)
✔ handoff verification binds artifact media types and permits only normalized LF controls (86.4009ms)
✔ fan-in is ready only for one PASS handoff from every exact transitive dependency (70.006ms)
✔ fan-in rejects valid handoffs from agents outside the target dependency closure (23.7681ms)
✔ handoff byte boundaries reject proxies and accessors without invoking caller code (46.0703ms)
✔ decoded handoff overflow is SC4402 while malformed base64 remains SC4401 (600.201ms)
✔ bundled specialist schemas have exact source parity (4.9741ms)
✔ create, restore, inspect, and record perform no first-use filesystem reads (3633.0526ms)
✔ inspection derives manifest contracts, DAG statuses, evidence, and complete-roster readiness (6500.9778ms)
✔ inspection closes every non-pass route and marks all unsettled work session-routed (3903.7267ms)
✔ public run constants, operations, schema export, and V11 compatibility are exact (5.9502ms)
✔ the strict schema accepts both canonical roots and closes every nested object (15.8013ms)
✔ schema boundaries and every workflow route remain exact (75.9399ms)
✔ recording is monotonic, dependency-gated, replay-safe, and source-preserving (816.9461ms)
✔ every verified non-pass outcome records once and terminally routes later work (1509.4117ms)
✔ recording applies validation and handoff diagnostic precedence without caller mutation (120.7168ms)
✔ root, chain, diamond, fan-out, fan-in, disconnected, and complete DAGs agree with V11 (9274.7975ms)
✔ all valid independent arrival permutations converge to one session and inspection (7710.1608ms)
✔ fresh-process restore and inspection preserve canonical semantics without host state (588.0357ms)
✔ restore, expectation, caller-code, and coordinated-substitution attacks fail closed (84.54ms)
✔ handoff attacks, transition precedence, replay, and every non-pass route are closed (867.9976ms)
✔ the 16-agent maximum-handoff aggregate converges below conservative run safeguards (106455.938ms)
✔ raw handoff and run input boundaries reject one-unit excess without truncation (9599.7986ms)
✔ the specialist schemas and every definition compile in strict Ajv 2020 mode (324.4216ms)
✔ the specialist schema accepts its two canonical closed input kinds (115.1204ms)
✔ the handoff schema accepts every canonical outcome and remains closed (66.8021ms)
✔ every concrete specialist input object boundary rejects provider-shaped fields (126.3683ms)
✔ role and runtime supply cannot enter goal, request, work, or proposal contracts (146.4796ms)
✔ repository context requires readScope and external context forbids it (92.382ms)
✔ permission kinds are the exact provider-neutral schema set (167.0377ms)
✔ specialist references stay inside package-owned v1alpha1 schemas (26.3089ms)
✔ TypeScript ESM output loads with the approved production dependencies (117.5119ms)
✔ inspection reconstructs interleaved runs, parallel attempts, retries, outcomes, and evidence (372.8753ms)
▶ [T12] zero-event terminators are accepted once and rejected when repeated
  ✔ empty-file (6.066ms)
  ✔ single-final-lf (3.9167ms)
  ✔ single-final-crlf (3.6784ms)
  ✔ repeated-final-lf (4.1207ms)
  ✔ repeated-final-crlf (4.2945ms)
✔ [T12] zero-event terminators are accepted once and rejected when repeated (23.7375ms)
✔ logical order accepts valid same-run backward causation and ignores timestamps (7.0731ms)
▶ sequence, event identity, and causation diagnostics are deterministic
  ✔ duplicate sequence (4.9544ms)
  ✔ regressing sequence (6.9393ms)
  ✔ duplicate event id (5.62ms)
  ✔ missing cause (4.5492ms)
  ✔ forward cause (4.992ms)
  ✔ cross-run cause (20.2635ms)
✔ sequence, event identity, and causation diagnostics are deterministic (48.845ms)
▶ [T14] every legal attempt transition is accepted
  ✔ queued-to-running (8.8729ms)
  ✔ queued-to-cancelled (6.5006ms)
  ✔ running-to-input_required (4.9569ms)
  ✔ running-to-completed (5.4134ms)
  ✔ running-to-failed (7.5427ms)
  ✔ running-to-cancelled (6.9804ms)
  ✔ running-to-timed_out (14.2521ms)
  ✔ input_required-to-running (7.2934ms)
  ✔ input_required-to-cancelled (6.8112ms)
  ✔ input_required-to-timed_out (6.8273ms)
✔ [T14] every legal attempt transition is accepted (77.5563ms)
▶ [T04] every disallowed non-terminal transition is rejected
  ✔ queued-to-queued (7.41ms)
  ✔ queued-to-input_required (4.6653ms)
  ✔ queued-to-completed (5.2722ms)
  ✔ queued-to-failed (20.7166ms)
  ✔ queued-to-timed_out (5.6997ms)
  ✔ running-to-queued (5.7531ms)
  ✔ running-to-running (5.1978ms)
  ✔ input_required-to-queued (6.1631ms)
  ✔ input_required-to-input_required (9.1122ms)
  ✔ input_required-to-completed (5.5816ms)
  ✔ input_required-to-failed (14.0638ms)
✔ [T04] every disallowed non-terminal transition is rejected (91.9705ms)
▶ [T05] every terminal attempt state is immutable
  ✔ completed (5.7315ms)
  ✔ failed (4.9016ms)
  ✔ cancelled (4.6191ms)
  ✔ timed_out (4.6693ms)
✔ [T05] every terminal attempt state is immutable (21.1096ms)
✔ heartbeat, cancellation request, and explicit timeout events are accepted in valid states (6.2665ms)
▶ attempt transition and terminal-state violations use their dedicated diagnostics
  ✔ new non-retry must start queued (5.1585ms)
  ✔ queued cannot complete directly (21.9353ms)
  ✔ terminal state is immutable (21.2324ms)
  ✔ heartbeat is state-gated (5.7143ms)
✔ attempt transition and terminal-state violations use their dedicated diagnostics (55.4488ms)
▶ [T07] heartbeat and cancellation requests are state-gated
  ✔ heartbeat (4.753ms)
  ✔ cancellation-request (4.5665ms)
✔ [T07] heartbeat and cancellation requests are state-gated (11.0715ms)
▶ [T10] every attempt-bearing non-state event requires an earlier attempt
  ✔ heartbeat (6.5734ms)
  ✔ outcome (9.7742ms)
  ✔ evidence (30.5724ms)
✔ [T10] every attempt-bearing non-state event requires an earlier attempt (47.7426ms)
▶ [T09] retry lineage rejects wrong, completed, and forked predecessors
  ✔ wrong-predecessor (16.9508ms)
  ✔ completed-parent (26.1757ms)
  ✔ forked-successor (21.5419ms)
✔ [T09] retry lineage rejects wrong, completed, and forked predecessors (65.5424ms)
▶ [T06/T08/T11] retry declarations and attempt identity use dedicated diagnostics
  ✔ T06:missing-link (9.1227ms)
  ✔ T06:not-queued (5.0399ms)
  ✔ T08:metadata-change (6.9474ms)
  ✔ T08:duplicate-work-packet-number (7.2405ms)
  ✔ T11:non-retry (5.3228ms)
✔ [T06/T08/T11] retry declarations and attempt identity use dedicated diagnostics (37.5687ms)
▶ attempt identity and retry lineage failures are distinguishable
  ✔ retry link is required (5.0757ms)
  ✔ retry must start queued (4.9896ms)
  ✔ retry lineage must use an eligible predecessor (5.0403ms)
  ✔ attempt declaration is immutable (4.5915ms)
  ✔ non-state attempt reference must already exist (5.9152ms)
✔ attempt identity and retry lineage failures are distinguishable (26.7869ms)
✔ outcome and evidence records may reference a terminal attempt (10.217ms)
✔ [T15] a failed handoff remains explicit in state and evidence summaries (8.4296ms)
▶ strict JSONL framing rejects BOMs, blanks, lone CR, truncation, duplicate keys, and invalid UTF-8
  ✔ BOM (7.7433ms)
  ✔ blank record (4.1762ms)
  ✔ lone CR (4.2985ms)
  ✔ internal CR before CRLF (6.9944ms)
  ✔ truncated (5.2122ms)
  ✔ duplicate key (7.5709ms)
  ✔ invalid UTF-8 (4.2546ms)
✔ strict JSONL framing rejects BOMs, blanks, lone CR, truncation, duplicate keys, and invalid UTF-8 (41.8029ms)
▶ RunEvent dispatch and exact payload ownership fail closed
  ✔ missing event version (14.5403ms)
  ✔ non-string event version (8.5623ms)
  ✔ unsupported event version (4.7114ms)
  ✔ wrong artifact kind (4.6637ms)
  ✔ payload smuggling (5.7167ms)
  ✔ event metadata description (10.1294ms)
✔ RunEvent dispatch and exact payload ownership fail closed (49.6205ms)
✔ evidence references are grammar-checked but never dereferenced (12.4896ms)
▶ [T13] command and test evidence identifiers enforce the 128-character boundary
  ✔ command-at-limit (5.19ms)
  ✔ command-over-limit (5.3143ms)
  ✔ test-at-limit (5.51ms)
  ✔ test-over-limit (5.0978ms)
✔ [T13] command and test evidence identifiers enforce the 128-character boundary (22.1485ms)
✔ [L02] bounded reads allocate from the verified descriptor size (0.5702ms)
✔ trace paths reject unsafe forms, links, non-files, and detectable mutation (33.3158ms)
✔ line, trace, event-count, and depth ceilings emit dedicated diagnostics (457.5787ms)
✔ evidence summaries cap deterministically and report exact omissions (170.721ms)
✔ the normative secret detector has positive and near-miss coverage (0.355ms)
✔ [PR03] every rendered summary string slot suppresses secrets with one warning (6.4295ms)
✔ secret-bearing trace names are suppressed on invalid-input diagnostics too (4.1591ms)
✔ trace inspection remains offline, process-free, and adapter-free (5.6883ms)
✔ the V10 executor dogfood trace is bounded, inspectable, and repeatable (439.6292ms)
✔ the V10 dogfood harness removes its owned workspace after an injected failure (22.781ms)
✔ dogfood context reads accept regular files inside the repository root (22.3535ms)
✔ dogfood context verification rejects bytes changed by an LF clean filter (1.1506ms)
✔ dogfood context verification accepts LF bytes unchanged by the clean filter (0.6208ms)
✔ dogfood context verification rejects an explicit CRLF checkout before hashing bytes (0.3873ms)
✔ dogfood context verification rejects an active custom Git filter (0.5787ms)
✔ dogfood context verification rejects an active working-tree encoding (1.3507ms)
✔ dogfood context verification rejects a source without an explicit eol policy (0.6666ms)
✔ dogfood context verification rejects an active filter before hashing bytes (0.6611ms)
✔ dogfood context verification rejects ident expansion before hashing bytes (0.3962ms)
✔ dogfood context verification rejects the legacy crlf attribute before hashing bytes (0.4316ms)
✔ dogfood context verification rejects a bare CR under an explicit LF checkout (1.286ms)
✔ dogfood context verification rejects ambiguous filter names before hashing bytes (0.4583ms)
✔ Git attribute parsing accepts variable unique records and rejects malformed output (1.7902ms)
✔ dogfood context reads reject an in-root junction targeting an external directory (26.1595ms)
✔ dogfood goal and approval controls reject duplicate JSON keys (27.737ms)
✔ dogfood approval controls reject a parent junction instead of following it (18.8059ms)
✔ dogfood evidence writes reject package-parent redirection before mutation (11.5002ms)
✔ dogfood context verification rejects unsupported source kinds (1.233ms)
✔ dogfood context verification requires one exact attribute-policy binding (1.1112ms)
✔ every active V11 source is LF clean-filter stable with the attribute policy bound (11701.9954ms)
✔ prelaunch audit authenticates the complete candidate without self-reference (1.065ms)
✔ prelaunch audit forces an independent binder and compilation reviewer (158.4628ms)
✔ launch authorization binds both packages, the verification receipt, and the exact PASS handoff (28.182ms)
✔ launch authorization rejects malformed, non-PASS, stale, and incomplete audit handoffs (950.2023ms)
✔ launch authorization accepts paired supplementary Unicode in free-text handoff fields (14.7499ms)
▶ launch authorization rejects secret-bearing and non-scalar handoff paths
  ✔ lone high surrogate (10.3293ms)
  ✔ lone low surrogate (10.6941ms)
  ✔ secret (9.8283ms)
✔ launch authorization rejects secret-bearing and non-scalar handoff paths (31.6504ms)
✔ launch authorization rejects unbound or semantically invalid verification receipts (202.5512ms)
✔ launch authorization rejects stale package bindings and unowned handoff paths (13.1042ms)
✔ host TypeScript entrypoint supply is singular, plain, absolute, and external (30.9937ms)
✔ packed consumer validates and uses the TypeScript entrypoint supply (0.9975ms)
✔ candidate materialization excludes and detects uncommitted verification inputs (167237.7672ms)
✔ candidate Git context is disposable, exact, and usable from the materialization (151764.8566ms)
✔ candidate scratch cleanup supports reverse owner order (3.8999ms)
✔ empty-directory pruning preserves unrelated state (3.9419ms)
✔ canonical command is pinned to the authenticated materialization (0.4572ms)
✔ R2 closes the stronger receipt and all six causal security sources (0.6192ms)
✔ R2 correction review context remains bounded with primary evidence (73306.9306ms)
✔ paths mode remains closed and rejects malformed candidate identities (412.7153ms)
✔ release-review parent rejects unsafe paths and non-exact lock supply (6.9959ms)
✔ release-review parent detects closure mutation and promotes immutable bytes (22.1391ms)
✔ release-review promotion preflights the full set and commits the receipt last (35.1132ms)
✔ release-review parent closes environment, outputs, cleanup, and promotion order (20.6631ms)
✔ installed npm 11 uses exact production private configs and rejects the old alias (851.566ms)
✔ private npm substitution routes stop before process spawn and clean up (104.5792ms)
✔ release-review parent and workers preserve the candidate-runtime import boundary (451.9241ms)
✔ runtime binding is deterministic and fails closed after identity mutation (2.6352ms)
✔ closed phase grammar reconstructs prefixes from exact external inputs (2.3582ms)
✔ handoff paths reject non-scalars, controls, non-NFC text, and aliases before use (4.7225ms)
✔ stable reconstruction and phase authority reject substitution independently (2.565ms)
✖ isolated copied production entrypoints complete one exact compile-to-verify lifecycle (8723.511ms)
✔ materialized package closure rejects linked and hard-linked entries (10.5146ms)
✔ closed private state rejects source mutation and undeclared post-build files (51.989ms)
✔ explicit cache and ancestor resolver boundaries fail closed (22.4201ms)
✔ stable reconstruction is package-defining while phase authority stays separate (3.6755ms)
✔ active release status avoids candidate-ordinal drift and preserves outcome distinctions (4.5957ms)
✔ live release routing sections avoid consumed candidate ordinals (3.5819ms)
✔ candidate-addressed run roots are closed, disjoint, and preserve Candidate 3 evidence (79848.9265ms)
✔ correction lineage requires revisions 1 through 10 and has no terminal count (1.4071ms)
✔ working-tree-only inputs and unsafe handoff paths fail closed (0.8645ms)
✔ post-commit gate evidence is captured outside the candidate without self-reference (0.5762ms)
✔ reviewer snapshots and tooling identity use exact candidate Git blobs (3.9908ms)
✔ revision 9 package and handoff verification rejects substituted bytes (516.5813ms)
ℹ tests 424
ℹ suites 0
ℹ pass 423
ℹ fail 1
ℹ cancelled 0
ℹ skipped 0
ℹ todo 0
ℹ duration_ms 396904.7419

✖ failing tests:

test at test\v12-release-review.test.mjs:577:1
✖ isolated copied production entrypoints complete one exact compile-to-verify lifecycle (8723.511ms)
  Error: ENOENT: no such file or directory, lstat 'C:\tmp\swecircuit-identity-main\.local\v12-release-gate\candidate-E3YEcB\.local\npm-cache'
      at async lstat (node:internal/fs/promises:1029:18)
      at async Promise.all (index 0)
      at async checkPaths (node:internal/fs/cp/cp:77:39)
      at async cpFn (node:internal/fs/cp/cp:66:17)
      at async runReleaseReviewProductionLifecycle (file:///C:/tmp/swecircuit-identity-main/.local/v12-release-gate/candidate-E3YEcB/test/helpers/v12-release-review-lifecycle.mjs:1007:5)
      at async TestContext.<anonymous> (file:///C:/tmp/swecircuit-identity-main/.local/v12-release-gate/candidate-E3YEcB/test/v12-release-review.test.mjs:580:21)
      at async Test.run (node:internal/test_runner/test:1125:7)
      at async Test.processPendingSubtests (node:internal/test_runner/test:787:7) {
    errno: -4058,
    code: 'ENOENT',
    syscall: 'lstat',
    path: 'C:\\tmp\\swecircuit-identity-main\\.local\\v12-release-gate\\candidate-E3YEcB\\.local\\npm-cache'
  }
