scripts\run-v12-dogfood.mjs:34:11 lint/style/useTemplate  FIXABLE  ━━━━━━━━━━━━━━━━━━━━━━━━━━━━━━━━━

  i Template literals are preferred over string concatenation.
  
    32 │   {
    33 │     revision: 1,
  > 34 │     root: RELEASE_CORRECTION_BASE + "/release-correction",
       │           ^^^^^^^^^^^^^^^^^^^^^^^^^^^^^^^^^^^^^^^^^^^^^^^
    35 │     expectation: {
    36 │       compilationDigest: "sha256:45fa97ffb1fdb7f95ae33203e9f727c0f66c27a1b2fa344f06a9569b165ae4c2",
  
  i Unsafe fix: Use a template literal.
  
      32   32 │     {
      33   33 │       revision: 1,
      34      │ - ····root:·RELEASE_CORRECTION_BASE·+·"/release-correction",
           34 │ + ····root:·`${RELEASE_CORRECTION_BASE}/release-correction`,
      35   35 │       expectation: {
      36   36 │         compilationDigest: "sha256:45fa97ffb1fdb7f95ae33203e9f727c0f66c27a1b2fa344f06a9569b165ae4c2",
  

scripts\run-v12-dogfood.mjs:75:11 lint/style/useTemplate  FIXABLE  ━━━━━━━━━━━━━━━━━━━━━━━━━━━━━━━━━

  i Template literals are preferred over string concatenation.
  
    73 │   {
    74 │     revision: 2,
  > 75 │     root: RELEASE_CORRECTION_BASE + "/release-correction-r2",
       │           ^^^^^^^^^^^^^^^^^^^^^^^^^^^^^^^^^^^^^^^^^^^^^^^^^^
    76 │     expectation: {
    77 │       compilationDigest: "sha256:ce22dcd5bc7b96d7399fa792ab9ab35c0b10af9a0a4c437fd3d184dfe3eec672",
  
  i Unsafe fix: Use a template literal.
  
      73   73 │     {
      74   74 │       revision: 2,
      75      │ - ····root:·RELEASE_CORRECTION_BASE·+·"/release-correction-r2",
           75 │ + ····root:·`${RELEASE_CORRECTION_BASE}/release-correction-r2`,
      76   76 │       expectation: {
      77   77 │         compilationDigest: "sha256:ce22dcd5bc7b96d7399fa792ab9ab35c0b10af9a0a4c437fd3d184dfe3eec672",
  

scripts\run-v12-release-gate.mjs:174:21 lint/style/useTemplate  FIXABLE  ━━━━━━━━━━━━━━━━━━━━━━━━━━━

  i Template literals are preferred over string concatenation.
  
    172 │     return new TextDecoder("utf-8", { fatal: true }).decode(bytes);
    173 │   } catch {
  > 174 │     throw new Error(label + " is not strict UTF-8.");
        │                     ^^^^^^^^^^^^^^^^^^^^^^^^^^^^^^^
    175 │   }
    176 │ }
  
  i Unsafe fix: Use a template literal.
  
    172 172 │       return new TextDecoder("utf-8", { fatal: true }).decode(bytes);
    173 173 │     } catch {
    174     │ - ····throw·new·Error(label·+·"·is·not·strict·UTF-8.");
        174 │ + ····throw·new·Error(`${label}·is·not·strict·UTF-8.`);
    175 175 │     }
    176 176 │   }
  

scripts\run-v12-release-gate.mjs:180:66 lint/style/useTemplate  FIXABLE  ━━━━━━━━━━━━━━━━━━━━━━━━━━━

  i Template literals are preferred over string concatenation.
  
    178 │ function nulRecords(bytes, label) {
    179 │   const input = Buffer.from(bytes);
  > 180 │   requireCondition(input.byteLength === 0 || input.at(-1) === 0, label + " is not NUL terminated.");
        │                                                                  ^^^^^^^^^^^^^^^^^^^^^^^^^^^^^^^^^
    181 │   const records = [];
    182 │   let start = 0;
  
  i Unsafe fix: Use a template literal.
  
    178 178 │   function nulRecords(bytes, label) {
    179 179 │     const input = Buffer.from(bytes);
    180     │ - ··requireCondition(input.byteLength·===·0·||·input.at(-1)·===·0,·label·+·"·is·not·NUL·terminated.");
        180 │ + ··requireCondition(input.byteLength·===·0·||·input.at(-1)·===·0,·`${label}·is·not·NUL·terminated.`);
    181 181 │     const records = [];
    182 182 │     let start = 0;
  

scripts\run-v12-release-gate.mjs:200:5 lint/style/useTemplate  FIXABLE  ━━━━━━━━━━━━━━━━━━━━━━━━━━━━

  i Template literals are preferred over string concatenation.
  
    198 │       !/[\u0000-\u001f\u007f]/u.test(path) &&
    199 │       !path.includes("\\"),
  > 200 │     "Candidate tree contains an unsafe path: " + JSON.stringify(path) + ".",
        │     ^^^^^^^^^^^^^^^^^^^^^^^^^^^^^^^^^^^^^^^^^^^^^^^^^^^^^^^^^^^^^^^^^^^^^^^
    201 │   );
    202 │   const segments = path.split("/");
  
  i Unsafe fix: Use a template literal.
  
    198 198 │         !/[\u0000-\u001f\u007f]/u.test(path) &&
    199 199 │         !path.includes("\\"),
    200     │ - ····"Candidate·tree·contains·an·unsafe·path:·"·+·JSON.stringify(path)·+·".",
        200 │ + ····`Candidate·tree·contains·an·unsafe·path:·${JSON.stringify(path)}.`,
    201 201 │     );
    202 202 │     const segments = path.split("/");
  

scripts\run-v12-release-gate.mjs:211:5 lint/style/useTemplate  FIXABLE  ━━━━━━━━━━━━━━━━━━━━━━━━━━━━

  i Template literals are preferred over string concatenation.
  
    209 │         segment.toLowerCase() !== ".git",
    210 │     ),
  > 211 │     "Candidate tree contains an unsafe path: " + JSON.stringify(path) + ".",
        │     ^^^^^^^^^^^^^^^^^^^^^^^^^^^^^^^^^^^^^^^^^^^^^^^^^^^^^^^^^^^^^^^^^^^^^^^
    212 │   );
    213 │   return { path, segments };
  
  i Unsafe fix: Use a template literal.
  
    209 209 │           segment.toLowerCase() !== ".git",
    210 210 │       ),
    211     │ - ····"Candidate·tree·contains·an·unsafe·path:·"·+·JSON.stringify(path)·+·".",
        211 │ + ····`Candidate·tree·contains·an·unsafe·path:·${JSON.stringify(path)}.`,
    212 212 │     );
    213 213 │     return { path, segments };
  

scripts\run-v12-release-gate.mjs:217:57 lint/style/useTemplate  FIXABLE  ━━━━━━━━━━━━━━━━━━━━━━━━━━━

  i Template literals are preferred over string concatenation.
  
    216 │ function candidateTree(candidateCommit) {
  > 217 │   const commitResult = runGit(["rev-parse", "--verify", candidateCommit + "^{commit}"]);
        │                                                         ^^^^^^^^^^^^^^^^^^^^^^^^^^^^^
    218 │   requireCondition(commitResult.status === 0, "Unable to resolve candidate commit.");
    219 │   requireCondition(
  
  i Unsafe fix: Use a template literal.
  
    215 215 │   
    216 216 │   function candidateTree(candidateCommit) {
    217     │ - ··const·commitResult·=·runGit(["rev-parse",·"--verify",·candidateCommit·+·"^{commit}"]);
        217 │ + ··const·commitResult·=·runGit(["rev-parse",·"--verify",·`${candidateCommit}^{commit}`]);
    218 218 │     requireCondition(commitResult.status === 0, "Unable to resolve candidate commit.");
    219 219 │     requireCondition(
  

scripts\run-v12-release-gate.mjs:224:55 lint/style/useTemplate  FIXABLE  ━━━━━━━━━━━━━━━━━━━━━━━━━━━

  i Template literals are preferred over string concatenation.
  
    222 │   );
    223 │ 
  > 224 │   const treeResult = runGit(["rev-parse", "--verify", candidateCommit + "^{tree}"]);
        │                                                       ^^^^^^^^^^^^^^^^^^^^^^^^^^^
    225 │   requireCondition(treeResult.status === 0, "Unable to resolve candidate tree.");
    226 │   const tree = Buffer.from(treeResult.stdout).toString("ascii").trim();
  
  i Unsafe fix: Use a template literal.
  
    222 222 │     );
    223 223 │   
    224     │ - ··const·treeResult·=·runGit(["rev-parse",·"--verify",·candidateCommit·+·"^{tree}"]);
        224 │ + ··const·treeResult·=·runGit(["rev-parse",·"--verify",·`${candidateCommit}^{tree}`]);
    225 225 │     requireCondition(treeResult.status === 0, "Unable to resolve candidate tree.");
    226 226 │     const tree = Buffer.from(treeResult.stdout).toString("ascii").trim();
  

scripts\run-v12-release-gate.mjs:244:38 lint/style/useTemplate  FIXABLE  ━━━━━━━━━━━━━━━━━━━━━━━━━━━

  i Template literals are preferred over string concatenation.
  
    242 │   for (const entry of entries) {
    243 │     const key = process.platform === "win32" ? entry.path.toLowerCase() : entry.path;
  > 244 │     requireCondition(!seen.has(key), "Candidate tree path is not unique: " + entry.path + ".");
        │                                      ^^^^^^^^^^^^^^^^^^^^^^^^^^^^^^^^^^^^^^^^^^^^^^^^^^^^^^^^
    245 │     seen.add(key);
    246 │   }
  
  i Unsafe fix: Use a template literal.
  
    242 242 │     for (const entry of entries) {
    243 243 │       const key = process.platform === "win32" ? entry.path.toLowerCase() : entry.path;
    244     │ - ····requireCondition(!seen.has(key),·"Candidate·tree·path·is·not·unique:·"·+·entry.path·+·".");
        244 │ + ····requireCondition(!seen.has(key),·`Candidate·tree·path·is·not·unique:·${entry.path}.`);
    245 245 │       seen.add(key);
    246 246 │     }
  

scripts\run-v12-release-gate.mjs:253:41 lint/style/useTemplate  FIXABLE  ━━━━━━━━━━━━━━━━━━━━━━━━━━━

  i Template literals are preferred over string concatenation.
  
    251 │ function readGitBlob(objectId) {
    252 │   const result = runGit(["cat-file", "blob", objectId]);
  > 253 │   requireCondition(result.status === 0, "Unable to read candidate blob " + objectId + ".");
        │                                         ^^^^^^^^^^^^^^^^^^^^^^^^^^^^^^^^^^^^^^^^^^^^^^^^^
    254 │   return Buffer.from(result.stdout);
    255 │ }
  
  i Unsafe fix: Use a template literal.
  
    251 251 │   function readGitBlob(objectId) {
    252 252 │     const result = runGit(["cat-file", "blob", objectId]);
    253     │ - ··requireCondition(result.status·===·0,·"Unable·to·read·candidate·blob·"·+·objectId·+·".");
        253 │ + ··requireCondition(result.status·===·0,·`Unable·to·read·candidate·blob·${objectId}.`);
    254 254 │     return Buffer.from(result.stdout);
    255 255 │   }
  

scripts\run-v12-release-gate.mjs:278:10 lint/style/useTemplate  FIXABLE  ━━━━━━━━━━━━━━━━━━━━━━━━━━━

  i Template literals are preferred over string concatenation.
  
    277 │ function finishMaterializationDigest(hash) {
  > 278 │   return "sha256:" + hash.digest("hex");
        │          ^^^^^^^^^^^^^^^^^^^^^^^^^^^^^^
    279 │ }
    280 │ 
  
  i Unsafe fix: Use a template literal.
  
    276 276 │   
    277 277 │   function finishMaterializationDigest(hash) {
    278     │ - ··return·"sha256:"·+·hash.digest("hex");
        278 │ + ··return·`sha256:${hash.digest("hex")}`;
    279 279 │   }
    280 280 │   
  

scripts\run-v12-release-gate.mjs:285:5 lint/style/useTemplate  FIXABLE  ━━━━━━━━━━━━━━━━━━━━━━━━━━━━

  i Template literals are preferred over string concatenation.
  
    283 │   requireCondition(
    284 │     path.startsWith(resolve(root) + sep),
  > 285 │     "Candidate tree path escapes materialization: " + entry.path + ".",
        │     ^^^^^^^^^^^^^^^^^^^^^^^^^^^^^^^^^^^^^^^^^^^^^^^^^^^^^^^^^^^^^^^^^^
    286 │   );
    287 │   return path;
  
  i Unsafe fix: Use a template literal.
  
    283 283 │     requireCondition(
    284 284 │       path.startsWith(resolve(root) + sep),
    285     │ - ····"Candidate·tree·path·escapes·materialization:·"·+·entry.path·+·".",
        285 │ + ····`Candidate·tree·path·escapes·materialization:·${entry.path}.`,
    286 286 │     );
    287 287 │     return path;
  

scripts\run-v12-release-gate.mjs:319:11 lint/style/useTemplate  FIXABLE  ━━━━━━━━━━━━━━━━━━━━━━━━━━━

  i Template literals are preferred over string concatenation.
  
    317 │     for (const child of children) {
    318 │       const repositoryPath = repositoryDirectory
  > 319 │         ? repositoryDirectory + "/" + child.name
        │           ^^^^^^^^^^^^^^^^^^^^^^^^^^^^^^^^^^^^^^
    320 │         : child.name;
    321 │       const path = join(directory, child.name);
  
  i Unsafe fix: Use a template literal.
  
    317 317 │       for (const child of children) {
    318 318 │         const repositoryPath = repositoryDirectory
    319     │ - ········?·repositoryDirectory·+·"/"·+·child.name
        319 │ + ········?·`${repositoryDirectory}/${child.name}`
    320 320 │           : child.name;
    321 321 │         const path = join(directory, child.name);
  

scripts\run-v12-release-gate.mjs:325:11 lint/style/useTemplate  FIXABLE  ━━━━━━━━━━━━━━━━━━━━━━━━━━━

  i Template literals are preferred over string concatenation.
  
    323 │         requireCondition(
    324 │           expectedDirectories.has(repositoryPath),
  > 325 │           "Candidate materialization contains an unexpected directory: " + repositoryPath + ".",
        │           ^^^^^^^^^^^^^^^^^^^^^^^^^^^^^^^^^^^^^^^^^^^^^^^^^^^^^^^^^^^^^^^^^^^^^^^^^^^^^^^^^^^^^
    326 │         );
    327 │         await visit(path, repositoryPath);
  
  i Unsafe fix: Use a template literal.
  
    323 323 │           requireCondition(
    324 324 │             expectedDirectories.has(repositoryPath),
    325     │ - ··········"Candidate·materialization·contains·an·unexpected·directory:·"·+·repositoryPath·+·".",
        325 │ + ··········`Candidate·materialization·contains·an·unexpected·directory:·${repositoryPath}.`,
    326 326 │           );
    327 327 │           await visit(path, repositoryPath);
  

scripts\run-v12-release-gate.mjs:331:11 lint/style/useTemplate  FIXABLE  ━━━━━━━━━━━━━━━━━━━━━━━━━━━

  i Template literals are preferred over string concatenation.
  
    329 │         requireCondition(
    330 │           child.isFile(),
  > 331 │           "Candidate materialization contains a non-regular entry: " + repositoryPath + ".",
        │           ^^^^^^^^^^^^^^^^^^^^^^^^^^^^^^^^^^^^^^^^^^^^^^^^^^^^^^^^^^^^^^^^^^^^^^^^^^^^^^^^^
    332 │         );
    333 │         actualFiles.push(repositoryPath);
  
  i Unsafe fix: Use a template literal.
  
    329 329 │           requireCondition(
    330 330 │             child.isFile(),
    331     │ - ··········"Candidate·materialization·contains·a·non-regular·entry:·"·+·repositoryPath·+·".",
        331 │ + ··········`Candidate·materialization·contains·a·non-regular·entry:·${repositoryPath}.`,
    332 332 │           );
    333 333 │           actualFiles.push(repositoryPath);
  

scripts\run-v12-release-gate.mjs:418:23 lint/style/useTemplate  FIXABLE  ━━━━━━━━━━━━━━━━━━━━━━━━━━━

  i Template literals are preferred over string concatenation.
  
    416 │   requireCondition(
    417 │     dirname(root) === MATERIALIZATION_PARENT &&
  > 418 │       root.startsWith(MATERIALIZATION_PARENT + sep + "candidate-"),
        │                       ^^^^^^^^^^^^^^^^^^^^^^^^^^^^^^^^^^^^^^^^^^^
    419 │     "Refusing to remove an unexpected materialization path.",
    420 │   );
  
  i Unsafe fix: Use a template literal.
  
    416 416 │     requireCondition(
    417 417 │       dirname(root) === MATERIALIZATION_PARENT &&
    418     │ - ······root.startsWith(MATERIALIZATION_PARENT·+·sep·+·"candidate-"),
        418 │ + ······root.startsWith(`${MATERIALIZATION_PARENT·+·sep}candidate-`),
    419 419 │       "Refusing to remove an unexpected materialization path.",
    420 420 │     );
  

src\specialist-handoff-schema-data.ts:438:49 lint/complexity/noUselessStringRaw ━━━━━━━━━━━━━━━━━━━━

  i String.raw is useless when the raw string doesn't contain any escape sequence.
  
    436 │ `;
    437 │ 
  > 438 │ export const SPECIALIST_HANDOFF_SCHEMA_SOURCE = String.raw`{
        │                                                 ^^^^^^^^^^^^
  > 439 │   "$schema": "https://json-schema.org/draft/2020-12/schema",
         ...
  > 624 │   }
  > 625 │ }
  > 626 │ `;
        │ ^
    627 │ 
  
  i Remove the String.raw call because it's useless here, String.raw can deal with string which contains escape sequence like \n, \t, \r, \\, \", \'.
  

src\specialist-run-schema-data.ts:1:45 lint/complexity/noUselessStringRaw ━━━━━━━━━━━━━━━━━━━━━━━━━━

  i String.raw is useless when the raw string doesn't contain any escape sequence.
  
    > 1 │ export const SPECIALIST_RUN_SCHEMA_SOURCE = String.raw`{
        │                                             ^^^^^^^^^^^^
    > 2 │   "$schema": "https://json-schema.org/draft/2020-12/schema",
    > 3 │   "$id": "https://github.com/GarrettAudet/SWECircuit/schemas/v1alpha1/specialist-run.schema.json",
    > 4 │   "title": "SWECircuit Specialist Run v1alpha1",
         ...
  > 721 │   }
  > 722 │ }
  > 723 │ `;
        │ ^
    724 │ 
  
  i Remove the String.raw call because it's useless here, String.raw can deal with string which contains escape sequence like \n, \t, \r, \\, \", \'.
  

src\specialist-schema-data.ts:438:50 lint/complexity/noUselessStringRaw ━━━━━━━━━━━━━━━━━━━━━━━━━━━━

  i String.raw is useless when the raw string doesn't contain any escape sequence.
  
     436 │ `;
     437 │ 
   > 438 │ export const SPECIALIST_COMPILER_SCHEMA_SOURCE = String.raw`{
         │                                                  ^^^^^^^^^^^^
   > 439 │   "$schema": "https://json-schema.org/draft/2020-12/schema",
          ...
  > 1074 │   }
  > 1075 │ }
  > 1076 │ `;
         │ ^
    1077 │ 
  
  i Remove the String.raw call because it's useless here, String.raw can deal with string which contains escape sequence like \n, \t, \r, \\, \", \'.
  

test\specialist-run-foundation.test.mjs:150:35 lint/complexity/noUselessStringRaw ━━━━━━━━━━━━━━━━━━

  i String.raw is useless when the raw string doesn't contain any escape sequence.
  
    148 │ }
    149 │ 
  > 150 │ const NO_FILESYSTEM_READ_SCRIPT = String.raw`
        │                                   ^^^^^^^^^^^
  > 151 │ import assert from "node:assert/strict";
         ...
  > 221 │ process.stdout.write(JSON.stringify({ operation: payload.operation, filesystemReads }));
  > 222 │ `;
        │ ^
    223 │ 
    224 │ test("bundled specialist schemas have exact source parity", async () => {
  
  i Remove the String.raw call because it's useless here, String.raw can deal with string which contains escape sequence like \n, \t, \r, \\, \", \'.
  

