scripts\run-v12-dogfood.mjs:34:11 lint/style/useTemplate  FIXABLE  ━━━━━━━━━━━━━━━━━━━━━━━━━━━━━━━━━

  i Template literals are preferred over string concatenation.
  
    32 │   {
    33 │     revision: 1,
  > 34 │     root: RELEASE_CORRECTION_BASE + "/release-correction",
       │           ^^^^^^^^^^^^^^^^^^^^^^^^^^^^^^^^^^^^^^^^^^^^^^^
    35 │     expectation: {
    36 │       compilationDigest: "sha256:45fa97ffb1fdb7f95ae33203e9f727c0f66c27a1b2fa344f06a9569b165ae4c2",
  
  i Unsafe fix: Use a template literal.
  
      32   32 │     {
      33   33 │       revision: 1,
      34      │ - ····root:·RELEASE_CORRECTION_BASE·+·"/release-correction",
           34 │ + ····root:·`${RELEASE_CORRECTION_BASE}/release-correction`,
      35   35 │       expectation: {
      36   36 │         compilationDigest: "sha256:45fa97ffb1fdb7f95ae33203e9f727c0f66c27a1b2fa344f06a9569b165ae4c2",
  

scripts\run-v12-dogfood.mjs:75:11 lint/style/useTemplate  FIXABLE  ━━━━━━━━━━━━━━━━━━━━━━━━━━━━━━━━━

  i Template literals are preferred over string concatenation.
  
    73 │   {
    74 │     revision: 2,
  > 75 │     root: RELEASE_CORRECTION_BASE + "/release-correction-r2",
       │           ^^^^^^^^^^^^^^^^^^^^^^^^^^^^^^^^^^^^^^^^^^^^^^^^^^
    76 │     expectation: {
    77 │       compilationDigest: "sha256:ce22dcd5bc7b96d7399fa792ab9ab35c0b10af9a0a4c437fd3d184dfe3eec672",
  
  i Unsafe fix: Use a template literal.
  
      73   73 │     {
      74   74 │       revision: 2,
      75      │ - ····root:·RELEASE_CORRECTION_BASE·+·"/release-correction-r2",
           75 │ + ····root:·`${RELEASE_CORRECTION_BASE}/release-correction-r2`,
      76   76 │       expectation: {
      77   77 │         compilationDigest: "sha256:ce22dcd5bc7b96d7399fa792ab9ab35c0b10af9a0a4c437fd3d184dfe3eec672",
  

scripts\run-v12-release-gate.mjs:151:21 lint/style/useTemplate  FIXABLE  ━━━━━━━━━━━━━━━━━━━━━━━━━━━

  i Template literals are preferred over string concatenation.
  
    149 │     return new TextDecoder("utf-8", { fatal: true }).decode(bytes);
    150 │   } catch {
  > 151 │     throw new Error(label + " is not strict UTF-8.");
        │                     ^^^^^^^^^^^^^^^^^^^^^^^^^^^^^^^
    152 │   }
    153 │ }
  
  i Unsafe fix: Use a template literal.
  
    149 149 │       return new TextDecoder("utf-8", { fatal: true }).decode(bytes);
    150 150 │     } catch {
    151     │ - ····throw·new·Error(label·+·"·is·not·strict·UTF-8.");
        151 │ + ····throw·new·Error(`${label}·is·not·strict·UTF-8.`);
    152 152 │     }
    153 153 │   }
  

scripts\run-v12-release-gate.mjs:157:66 lint/style/useTemplate  FIXABLE  ━━━━━━━━━━━━━━━━━━━━━━━━━━━

  i Template literals are preferred over string concatenation.
  
    155 │ function nulRecords(bytes, label) {
    156 │   const input = Buffer.from(bytes);
  > 157 │   requireCondition(input.byteLength === 0 || input.at(-1) === 0, label + " is not NUL terminated.");
        │                                                                  ^^^^^^^^^^^^^^^^^^^^^^^^^^^^^^^^^
    158 │   const records = [];
    159 │   let start = 0;
  
  i Unsafe fix: Use a template literal.
  
    155 155 │   function nulRecords(bytes, label) {
    156 156 │     const input = Buffer.from(bytes);
    157     │ - ··requireCondition(input.byteLength·===·0·||·input.at(-1)·===·0,·label·+·"·is·not·NUL·terminated.");
        157 │ + ··requireCondition(input.byteLength·===·0·||·input.at(-1)·===·0,·`${label}·is·not·NUL·terminated.`);
    158 158 │     const records = [];
    159 159 │     let start = 0;
  

scripts\run-v12-release-gate.mjs:177:5 lint/style/useTemplate  FIXABLE  ━━━━━━━━━━━━━━━━━━━━━━━━━━━━

  i Template literals are preferred over string concatenation.
  
    175 │       !/[\u0000-\u001f\u007f]/u.test(path) &&
    176 │       !path.includes("\\"),
  > 177 │     "Candidate tree contains an unsafe path: " + JSON.stringify(path) + ".",
        │     ^^^^^^^^^^^^^^^^^^^^^^^^^^^^^^^^^^^^^^^^^^^^^^^^^^^^^^^^^^^^^^^^^^^^^^^
    178 │   );
    179 │   const segments = path.split("/");
  
  i Unsafe fix: Use a template literal.
  
    175 175 │         !/[\u0000-\u001f\u007f]/u.test(path) &&
    176 176 │         !path.includes("\\"),
    177     │ - ····"Candidate·tree·contains·an·unsafe·path:·"·+·JSON.stringify(path)·+·".",
        177 │ + ····`Candidate·tree·contains·an·unsafe·path:·${JSON.stringify(path)}.`,
    178 178 │     );
    179 179 │     const segments = path.split("/");
  

scripts\run-v12-release-gate.mjs:188:5 lint/style/useTemplate  FIXABLE  ━━━━━━━━━━━━━━━━━━━━━━━━━━━━

  i Template literals are preferred over string concatenation.
  
    186 │         segment.toLowerCase() !== ".git",
    187 │     ),
  > 188 │     "Candidate tree contains an unsafe path: " + JSON.stringify(path) + ".",
        │     ^^^^^^^^^^^^^^^^^^^^^^^^^^^^^^^^^^^^^^^^^^^^^^^^^^^^^^^^^^^^^^^^^^^^^^^
    189 │   );
    190 │   return { path, segments };
  
  i Unsafe fix: Use a template literal.
  
    186 186 │           segment.toLowerCase() !== ".git",
    187 187 │       ),
    188     │ - ····"Candidate·tree·contains·an·unsafe·path:·"·+·JSON.stringify(path)·+·".",
        188 │ + ····`Candidate·tree·contains·an·unsafe·path:·${JSON.stringify(path)}.`,
    189 189 │     );
    190 190 │     return { path, segments };
  

scripts\run-v12-release-gate.mjs:194:57 lint/style/useTemplate  FIXABLE  ━━━━━━━━━━━━━━━━━━━━━━━━━━━

  i Template literals are preferred over string concatenation.
  
    193 │ function candidateTree(candidateCommit) {
  > 194 │   const commitResult = runGit(["rev-parse", "--verify", candidateCommit + "^{commit}"]);
        │                                                         ^^^^^^^^^^^^^^^^^^^^^^^^^^^^^
    195 │   requireCondition(commitResult.status === 0, "Unable to resolve candidate commit.");
    196 │   requireCondition(
  
  i Unsafe fix: Use a template literal.
  
    192 192 │   
    193 193 │   function candidateTree(candidateCommit) {
    194     │ - ··const·commitResult·=·runGit(["rev-parse",·"--verify",·candidateCommit·+·"^{commit}"]);
        194 │ + ··const·commitResult·=·runGit(["rev-parse",·"--verify",·`${candidateCommit}^{commit}`]);
    195 195 │     requireCondition(commitResult.status === 0, "Unable to resolve candidate commit.");
    196 196 │     requireCondition(
  

scripts\run-v12-release-gate.mjs:201:55 lint/style/useTemplate  FIXABLE  ━━━━━━━━━━━━━━━━━━━━━━━━━━━

  i Template literals are preferred over string concatenation.
  
    199 │   );
    200 │ 
  > 201 │   const treeResult = runGit(["rev-parse", "--verify", candidateCommit + "^{tree}"]);
        │                                                       ^^^^^^^^^^^^^^^^^^^^^^^^^^^
    202 │   requireCondition(treeResult.status === 0, "Unable to resolve candidate tree.");
    203 │   const tree = Buffer.from(treeResult.stdout).toString("ascii").trim();
  
  i Unsafe fix: Use a template literal.
  
    199 199 │     );
    200 200 │   
    201     │ - ··const·treeResult·=·runGit(["rev-parse",·"--verify",·candidateCommit·+·"^{tree}"]);
        201 │ + ··const·treeResult·=·runGit(["rev-parse",·"--verify",·`${candidateCommit}^{tree}`]);
    202 202 │     requireCondition(treeResult.status === 0, "Unable to resolve candidate tree.");
    203 203 │     const tree = Buffer.from(treeResult.stdout).toString("ascii").trim();
  

scripts\run-v12-release-gate.mjs:221:38 lint/style/useTemplate  FIXABLE  ━━━━━━━━━━━━━━━━━━━━━━━━━━━

  i Template literals are preferred over string concatenation.
  
    219 │   for (const entry of entries) {
    220 │     const key = process.platform === "win32" ? entry.path.toLowerCase() : entry.path;
  > 221 │     requireCondition(!seen.has(key), "Candidate tree path is not unique: " + entry.path + ".");
        │                                      ^^^^^^^^^^^^^^^^^^^^^^^^^^^^^^^^^^^^^^^^^^^^^^^^^^^^^^^^
    222 │     seen.add(key);
    223 │   }
  
  i Unsafe fix: Use a template literal.
  
    219 219 │     for (const entry of entries) {
    220 220 │       const key = process.platform === "win32" ? entry.path.toLowerCase() : entry.path;
    221     │ - ····requireCondition(!seen.has(key),·"Candidate·tree·path·is·not·unique:·"·+·entry.path·+·".");
        221 │ + ····requireCondition(!seen.has(key),·`Candidate·tree·path·is·not·unique:·${entry.path}.`);
    222 222 │       seen.add(key);
    223 223 │     }
  

scripts\run-v12-release-gate.mjs:230:41 lint/style/useTemplate  FIXABLE  ━━━━━━━━━━━━━━━━━━━━━━━━━━━

  i Template literals are preferred over string concatenation.
  
    228 │ function readGitBlob(objectId) {
    229 │   const result = runGit(["cat-file", "blob", objectId]);
  > 230 │   requireCondition(result.status === 0, "Unable to read candidate blob " + objectId + ".");
        │                                         ^^^^^^^^^^^^^^^^^^^^^^^^^^^^^^^^^^^^^^^^^^^^^^^^^
    231 │   return Buffer.from(result.stdout);
    232 │ }
  
  i Unsafe fix: Use a template literal.
  
    228 228 │   function readGitBlob(objectId) {
    229 229 │     const result = runGit(["cat-file", "blob", objectId]);
    230     │ - ··requireCondition(result.status·===·0,·"Unable·to·read·candidate·blob·"·+·objectId·+·".");
        230 │ + ··requireCondition(result.status·===·0,·`Unable·to·read·candidate·blob·${objectId}.`);
    231 231 │     return Buffer.from(result.stdout);
    232 232 │   }
  

scripts\run-v12-release-gate.mjs:255:10 lint/style/useTemplate  FIXABLE  ━━━━━━━━━━━━━━━━━━━━━━━━━━━

  i Template literals are preferred over string concatenation.
  
    254 │ function finishMaterializationDigest(hash) {
  > 255 │   return "sha256:" + hash.digest("hex");
        │          ^^^^^^^^^^^^^^^^^^^^^^^^^^^^^^
    256 │ }
    257 │ 
  
  i Unsafe fix: Use a template literal.
  
    253 253 │   
    254 254 │   function finishMaterializationDigest(hash) {
    255     │ - ··return·"sha256:"·+·hash.digest("hex");
        255 │ + ··return·`sha256:${hash.digest("hex")}`;
    256 256 │   }
    257 257 │   
  

scripts\run-v12-release-gate.mjs:262:5 lint/style/useTemplate  FIXABLE  ━━━━━━━━━━━━━━━━━━━━━━━━━━━━

  i Template literals are preferred over string concatenation.
  
    260 │   requireCondition(
    261 │     path.startsWith(resolve(root) + sep),
  > 262 │     "Candidate tree path escapes materialization: " + entry.path + ".",
        │     ^^^^^^^^^^^^^^^^^^^^^^^^^^^^^^^^^^^^^^^^^^^^^^^^^^^^^^^^^^^^^^^^^^
    263 │   );
    264 │   return path;
  
  i Unsafe fix: Use a template literal.
  
    260 260 │     requireCondition(
    261 261 │       path.startsWith(resolve(root) + sep),
    262     │ - ····"Candidate·tree·path·escapes·materialization:·"·+·entry.path·+·".",
        262 │ + ····`Candidate·tree·path·escapes·materialization:·${entry.path}.`,
    263 263 │     );
    264 264 │     return path;
  

scripts\run-v12-release-gate.mjs:296:11 lint/style/useTemplate  FIXABLE  ━━━━━━━━━━━━━━━━━━━━━━━━━━━

  i Template literals are preferred over string concatenation.
  
    294 │     for (const child of children) {
    295 │       const repositoryPath = repositoryDirectory
  > 296 │         ? repositoryDirectory + "/" + child.name
        │           ^^^^^^^^^^^^^^^^^^^^^^^^^^^^^^^^^^^^^^
    297 │         : child.name;
    298 │       const path = join(directory, child.name);
  
  i Unsafe fix: Use a template literal.
  
    294 294 │       for (const child of children) {
    295 295 │         const repositoryPath = repositoryDirectory
    296     │ - ········?·repositoryDirectory·+·"/"·+·child.name
        296 │ + ········?·`${repositoryDirectory}/${child.name}`
    297 297 │           : child.name;
    298 298 │         const path = join(directory, child.name);
  

scripts\run-v12-release-gate.mjs:302:11 lint/style/useTemplate  FIXABLE  ━━━━━━━━━━━━━━━━━━━━━━━━━━━

  i Template literals are preferred over string concatenation.
  
    300 │         requireCondition(
    301 │           expectedDirectories.has(repositoryPath),
  > 302 │           "Candidate materialization contains an unexpected directory: " + repositoryPath + ".",
        │           ^^^^^^^^^^^^^^^^^^^^^^^^^^^^^^^^^^^^^^^^^^^^^^^^^^^^^^^^^^^^^^^^^^^^^^^^^^^^^^^^^^^^^
    303 │         );
    304 │         await visit(path, repositoryPath);
  
  i Unsafe fix: Use a template literal.
  
    300 300 │           requireCondition(
    301 301 │             expectedDirectories.has(repositoryPath),
    302     │ - ··········"Candidate·materialization·contains·an·unexpected·directory:·"·+·repositoryPath·+·".",
        302 │ + ··········`Candidate·materialization·contains·an·unexpected·directory:·${repositoryPath}.`,
    303 303 │           );
    304 304 │           await visit(path, repositoryPath);
  

scripts\run-v12-release-gate.mjs:308:11 lint/style/useTemplate  FIXABLE  ━━━━━━━━━━━━━━━━━━━━━━━━━━━

  i Template literals are preferred over string concatenation.
  
    306 │         requireCondition(
    307 │           child.isFile(),
  > 308 │           "Candidate materialization contains a non-regular entry: " + repositoryPath + ".",
        │           ^^^^^^^^^^^^^^^^^^^^^^^^^^^^^^^^^^^^^^^^^^^^^^^^^^^^^^^^^^^^^^^^^^^^^^^^^^^^^^^^^
    309 │         );
    310 │         actualFiles.push(repositoryPath);
  
  i Unsafe fix: Use a template literal.
  
    306 306 │           requireCondition(
    307 307 │             child.isFile(),
    308     │ - ··········"Candidate·materialization·contains·a·non-regular·entry:·"·+·repositoryPath·+·".",
        308 │ + ··········`Candidate·materialization·contains·a·non-regular·entry:·${repositoryPath}.`,
    309 309 │           );
    310 310 │           actualFiles.push(repositoryPath);
  

scripts\run-v12-release-gate.mjs:395:23 lint/style/useTemplate  FIXABLE  ━━━━━━━━━━━━━━━━━━━━━━━━━━━

  i Template literals are preferred over string concatenation.
  
    393 │   requireCondition(
    394 │     dirname(root) === MATERIALIZATION_PARENT &&
  > 395 │       root.startsWith(MATERIALIZATION_PARENT + sep + "candidate-"),
        │                       ^^^^^^^^^^^^^^^^^^^^^^^^^^^^^^^^^^^^^^^^^^^
    396 │     "Refusing to remove an unexpected materialization path.",
    397 │   );
  
  i Unsafe fix: Use a template literal.
  
    393 393 │     requireCondition(
    394 394 │       dirname(root) === MATERIALIZATION_PARENT &&
    395     │ - ······root.startsWith(MATERIALIZATION_PARENT·+·sep·+·"candidate-"),
        395 │ + ······root.startsWith(`${MATERIALIZATION_PARENT·+·sep}candidate-`),
    396 396 │       "Refusing to remove an unexpected materialization path.",
    397 397 │     );
  

src\specialist-handoff-schema-data.ts:438:49 lint/complexity/noUselessStringRaw ━━━━━━━━━━━━━━━━━━━━

  i String.raw is useless when the raw string doesn't contain any escape sequence.
  
    436 │ `;
    437 │ 
  > 438 │ export const SPECIALIST_HANDOFF_SCHEMA_SOURCE = String.raw`{
        │                                                 ^^^^^^^^^^^^
  > 439 │   "$schema": "https://json-schema.org/draft/2020-12/schema",
         ...
  > 624 │   }
  > 625 │ }
  > 626 │ `;
        │ ^
    627 │ 
  
  i Remove the String.raw call because it's useless here, String.raw can deal with string which contains escape sequence like \n, \t, \r, \\, \", \'.
  

src\specialist-run-schema-data.ts:1:45 lint/complexity/noUselessStringRaw ━━━━━━━━━━━━━━━━━━━━━━━━━━

  i String.raw is useless when the raw string doesn't contain any escape sequence.
  
    > 1 │ export const SPECIALIST_RUN_SCHEMA_SOURCE = String.raw`{
        │                                             ^^^^^^^^^^^^
    > 2 │   "$schema": "https://json-schema.org/draft/2020-12/schema",
    > 3 │   "$id": "https://github.com/GarrettAudet/SWECircuit/schemas/v1alpha1/specialist-run.schema.json",
    > 4 │   "title": "SWECircuit Specialist Run v1alpha1",
         ...
  > 721 │   }
  > 722 │ }
  > 723 │ `;
        │ ^
    724 │ 
  
  i Remove the String.raw call because it's useless here, String.raw can deal with string which contains escape sequence like \n, \t, \r, \\, \", \'.
  

src\specialist-schema-data.ts:438:50 lint/complexity/noUselessStringRaw ━━━━━━━━━━━━━━━━━━━━━━━━━━━━

  i String.raw is useless when the raw string doesn't contain any escape sequence.
  
     436 │ `;
     437 │ 
   > 438 │ export const SPECIALIST_COMPILER_SCHEMA_SOURCE = String.raw`{
         │                                                  ^^^^^^^^^^^^
   > 439 │   "$schema": "https://json-schema.org/draft/2020-12/schema",
          ...
  > 1074 │   }
  > 1075 │ }
  > 1076 │ `;
         │ ^
    1077 │ 
  
  i Remove the String.raw call because it's useless here, String.raw can deal with string which contains escape sequence like \n, \t, \r, \\, \", \'.
  

test\specialist-run-foundation.test.mjs:150:35 lint/complexity/noUselessStringRaw ━━━━━━━━━━━━━━━━━━

  i String.raw is useless when the raw string doesn't contain any escape sequence.
  
    148 │ }
    149 │ 
  > 150 │ const NO_FILESYSTEM_READ_SCRIPT = String.raw`
        │                                   ^^^^^^^^^^^
  > 151 │ import assert from "node:assert/strict";
         ...
  > 221 │ process.stdout.write(JSON.stringify({ operation: payload.operation, filesystemReads }));
  > 222 │ `;
        │ ^
    223 │ 
    224 │ test("bundled specialist schemas have exact source parity", async () => {
  
  i Remove the String.raw call because it's useless here, String.raw can deal with string which contains escape sequence like \n, \t, \r, \\, \", \'.
  

