
> swecircuit@0.0.0 verify
> npm run format:check && npm run lint && npm run typecheck && npm test && npm run example:specialist && npm run dogfood:v10 && npm run dogfood:v11 && npm run dogfood:v12 && npm run pack:check && npm run consumer:check


> swecircuit@0.0.0 format:check
> biome format src test schemas examples/specialist-compiler scripts/run-v9-dogfood.mjs scripts/run-v10-dogfood.mjs scripts/run-v11-dogfood.mjs scripts/run-v12-dogfood.mjs scripts/run-v12-release-gate.mjs scripts/run-v12-release-review.mjs scripts/run-typescript.mjs docs/specs/v12-ide-run-loop/evidence/release-review-r2/run-release-review.mjs docs/specs/v12-ide-run-loop/evidence/release-review-r2/verify-release-review-handoffs.mjs scripts/check-packed-consumer.mjs scripts/fixtures/packed-consumer-host.ts package.json tsconfig.json biome.json

Checked 110 files in 171ms. No fixes applied.

> swecircuit@0.0.0 lint
> biome lint src test examples/specialist-compiler scripts/run-v9-dogfood.mjs scripts/run-v10-dogfood.mjs scripts/run-v11-dogfood.mjs scripts/run-v12-dogfood.mjs scripts/run-v12-release-gate.mjs scripts/run-v12-release-review.mjs scripts/run-typescript.mjs docs/specs/v12-ide-run-loop/evidence/release-review-r2/run-release-review.mjs docs/specs/v12-ide-run-loop/evidence/release-review-r2/verify-release-review-handoffs.mjs scripts/check-packed-consumer.mjs scripts/fixtures/packed-consumer-host.ts

The number of diagnostics exceeds the limit allowed. Use --max-diagnostics to increase it.
Diagnostics not shown: 60.
Checked 96 files in 134ms. No fixes applied.
Found 9 warnings.
Found 71 infos.

> swecircuit@0.0.0 typecheck
> node scripts/run-typescript.mjs -p tsconfig.json --noEmit

SWECIRCUIT_TYPESCRIPT_BINDING {"path":"C:\\Users\\garre\\AppData\\Local\\Temp\\swg\\w\\candidate-swDOxb\\node_modules\\typescript\\bin\\tsc","bytes":44,"digest":"sha256:2219f428a7e55aaf1f7ad85b9b0f0cf5078aeb76ccc9a7c6036c92d48f492ffd","nlink":1,"supplied":false,"version":"Version 7.0.2"}

> swecircuit@0.0.0 test
> npm run build --silent && npm run test:core && npm run test:lifecycle

SWECIRCUIT_TYPESCRIPT_BINDING {"path":"C:\\Users\\garre\\AppData\\Local\\Temp\\swg\\w\\candidate-swDOxb\\node_modules\\typescript\\bin\\tsc","bytes":44,"digest":"sha256:2219f428a7e55aaf1f7ad85b9b0f0cf5078aeb76ccc9a7c6036c92d48f492ffd","nlink":1,"supplied":false,"version":"Version 7.0.2"}

> swecircuit@0.0.0 test:core
> node --test test/*.test.mjs

✔ the internal CLI exposes one fixed help surface (375.5905ms)
✔ init, validate, and inspect human output comes from library summaries (2607.8455ms)
✔ JSON mode writes exactly one operation result to stdout for success and failure (1237.3552ms)
✔ human failures use stderr and never print a success summary (321.7414ms)
✔ human warning results keep success on stdout and warnings on stderr (536.3688ms)
▶ invalid commands and option shapes deterministically emit cli.usage
  ✔ missing command (273.9808ms)
  ✔ unknown command (297.1767ms)
  ✔ unknown option (259.0591ms)
  ✔ duplicate option (275.1681ms)
  ✔ extra positional (276.8035ms)
  ✔ inspect missing trace (252.6466ms)
  ✔ trace on validate (230.6323ms)
  ✔ project id on validate (237.7732ms)
  ✔ command help (243.1507ms)
✔ invalid commands and option shapes deterministically emit cli.usage (2612.3093ms)
✔ unexpected operation throws become one sanitized internal failure (2.1333ms)
✔ the CLI remains a renderer-only internal surface (0.7607ms)
✔ the V9 dogfood circuit is measured, bounded, and semantically repeatable (9483.1522ms)
✔ the V9 dogfood harness removes its owned workspace after an injected failure (1977.3146ms)
✔ the V9 dogfood harness cleans up when setup fails after ownership capture (4.8131ms)
✔ the committed observation digest and caller-owned retry trace stay linked (438.1168ms)
✔ one valid packet executes once and returns an immutable V9-compatible journal (376.3366ms)
✔ normal class executors can implement the public port (3.898ms)
✔ operation success stays separate from declared work failure (3.5609ms)
▶ every preflight rejection prevents executor invocation
  ✔ null packet (1.7953ms)
  ✔ null manifest (1.2925ms)
  ✔ wrong packet kind (5.2241ms)
  ✔ incompatible manifest kind (1.5322ms)
  ✔ manifest declares kernel-owned output (1.5429ms)
  ✔ executor identity mismatch (1.2118ms)
  ✔ malformed grant (1.1529ms)
  ✔ invalid timeout policy (2.9806ms)
✔ every preflight rejection prevents executor invocation (18.7886ms)
▶ permission grants fail closed in every direction
  ✔ grant misses a manifest request (1.4092ms)
  ✔ grant adds unrequested authority (1.2622ms)
  ✔ grant exceeds packet ceiling (1.1294ms)
  ✔ broad request is not covered by narrow grant (1.0953ms)
  ✔ broad grant is not covered by narrow request (3.199ms)
✔ permission grants fail closed in every direction (9.3302ms)
▶ throws and malformed settlements become fixed failures without raw values
  ✔ throw (2.5207ms)
  ✔ malformed extra field (2.4083ms)
  ✔ secret evidence (2.6621ms)
✔ throws and malformed settlements become fixed failures without raw values (8.4194ms)
✔ fulfillment observation detaches settlement before later mutation (2.8551ms)
▶ return-bound input canaries fail preflight without leaking
  ✔ run ID (1.1689ms)
  ✔ attempt ID (0.9715ms)
  ✔ correlation ID (0.9039ms)
  ✔ packet ID (0.8303ms)
  ✔ grant ID (1.1095ms)
  ✔ issuer (0.9572ms)
  ✔ executor ID (1.095ms)
✔ return-bound input canaries fail preflight without leaking (8.3748ms)
▶ already-aborted and already-expired work never invokes the executor
  ✔ caller abort (2.5946ms)
  ✔ packet deadline (5.2783ms)
✔ already-aborted and already-expired work never invokes the executor (8.4285ms)
▶ acknowledged caller cancellation and timeout produce exact terminal journals
  ✔ caller cancellation (2.8746ms)
  ✔ deadline (2.4096ms)
✔ acknowledged caller cancellation and timeout produce exact terminal journals (5.897ms)
✔ an unacknowledged abort remains non-terminal and late rejection is observed (2.2613ms)
✔ completion observed at or after the absolute deadline cannot become success (3.4808ms)
✔ an early deadline wake-up re-arms instead of cancelling work (2.0333ms)
✔ settlement outside the abort acknowledgement window stays unconfirmed (2.071ms)
▶ hostile proxies and forged signals fail closed without escaping the API
  ✔ revoked work packet (1.0436ms)
  ✔ revoked options (0.4786ms)
  ✔ live proxy traps are not invoked (0.8979ms)
  ✔ revoked AbortSignal proxy (1.0214ms)
  ✔ forged AbortSignal (1.1166ms)
  ✔ revoked settlement (1.9999ms)
✔ hostile proxies and forged signals fail closed without escaping the API (7.6699ms)
▶ snapshot depth and node ceilings reject work before executor invocation
  ✔ huge sparse array (1.8033ms)
  ✔ small sparse array (1.1312ms)
  ✔ dense oversized object (265.5821ms)
  ✔ excessive depth (2.0054ms)
✔ snapshot depth and node ceilings reject work before executor invocation (271.5545ms)
▶ the final invocation gate catches cancellation and deadline changes
  ✔ caller abort while the deadline timer is armed (6.0755ms)
  ✔ deadline reached after the final gate read (2.3986ms)
  ✔ deadline reached while the deadline timer is armed (2.2081ms)
✔ the final invocation gate catches cancellation and deadline changes (11.4844ms)
▶ abort cause uses the first observed monotonic event
  ✔ caller observed before deadline remains caller (2.5285ms)
  ✔ caller first observed after deadline is deadline (2.172ms)
✔ abort cause uses the first observed monotonic event (5.228ms)
▶ direct inputs are detached, bounded, and accessor-free
  ✔ cycle (1.2926ms)
  ✔ accessor (1.2229ms)
  ✔ source mutation cannot change executor input (3.546ms)
✔ direct inputs are detached, bounded, and accessor-free (6.7192ms)
✔ initialization creates the smallest valid project with frozen bytes (315.82ms)
✔ an explicit project ID wins and initialization never discovers an ancestor (30.829ms)
✔ default project ID transformation is exact across edge cases (181.0352ms)
✔ invalid explicit IDs fail before creating owned paths (3.4994ms)
✔ repeated initialization reports every owned collision without changing output (33.033ms)
✔ manifest collisions preserve exact bytes and do not create a catalog (4.981ms)
✔ catalog collisions preserve existing content and do not create a manifest (5.6586ms)
✔ a linked catalog is a collision and its target is never changed (6.6576ms)
✔ invalid and missing target roots fail without creating paths (2.5253ms)
▶ every initialization checkpoint fails closed and rolls back owned entries
  ✔ beforeCatalogCreate (14.0728ms)
  ✔ afterCatalogCreate (7.0243ms)
  ✔ beforeModulesCreate (7.8983ms)
  ✔ afterModulesCreate (8.5426ms)
  ✔ beforeCircuitsCreate (24.9481ms)
  ✔ afterCircuitsCreate (13.396ms)
  ✔ beforeManifestOpen (13.2845ms)
  ✔ afterManifestOpen (22.8525ms)
  ✔ afterManifestWrite (16.8728ms)
  ✔ afterManifestFsync (21.4219ms)
  ✔ beforeValidation (24.3883ms)
  ✔ afterValidation (26.9073ms)
  ✔ beforeManifestClose (32.1607ms)
✔ every initialization checkpoint fails closed and rolls back owned entries (236.633ms)
▶ successful creations that fail before identity capture are preserved and reported
  ✔ afterCatalogCreateBeforeCapture (4.3218ms)
  ✔ afterModulesCreateBeforeCapture (6.2604ms)
  ✔ afterCircuitsCreateBeforeCapture (10.5828ms)
  ✔ afterManifestOpenBeforeCapture (13.8493ms)
✔ successful creations that fail before identity capture are preserved and reported (35.9549ms)
✔ non-empty rollback targets survive with an explicit cleanup diagnostic (9.1538ms)
✔ identity-changed rollback targets and displaced entries are preserved (12.9343ms)
✔ two coordinated processes produce exactly one initialized project (1108.3755ms)
✔ initialization and generated-project validation stay offline and process-free (41.509ms)
✔ initializer source has no network, process, or adapter execution surface (0.7185ms)
✔ runtime diagnostic definitions exactly match the normative catalog (4.0624ms)
✔ strict JSON parsing rejects invalid UTF-8, syntax extensions, duplicate keys, and unsafe numbers (5.0065ms)
✔ strict JSON parsing enforces artifact byte and depth ceilings before validation (146.4296ms)
✔ dispatch fails closed with stable version and kind diagnostics (1.1223ms)
✔ schema failures normalize permission, privacy, and stop-condition policy (287.5822ms)
✔ diagnostics are sanitized, deduplicated, and sorted deterministically (2.4895ms)
✔ an explicit minimal project validates without discovery or optional adapters (312.6496ms)
✔ a complete parallel project validates module routing, ownership, joins, and ceilings (85.8273ms)
▶ project loading rejects lexical escapes and every portable forbidden path form
  ✔ parent (8.8881ms)
  ✔ posix absolute (15.8499ms)
  ✔ windows absolute (4.0484ms)
  ✔ unc (4.0604ms)
  ✔ device (4.3897ms)
  ✔ alternate stream (4.8866ms)
  ✔ URI (4.5909ms)
  ✔ backslash (4.4349ms)
  ✔ lone high surrogate (22.6068ms)
  ✔ lone low surrogate (9.9466ms)
✔ project loading rejects lexical escapes and every portable forbidden path form (86.1269ms)
✔ project loading distinguishes missing references, non-files, and safe I/O failures (19.9165ms)
✔ contained missing-file diagnostics suppress secret-bearing artifact names (4.8632ms)
▶ explicit project roots reject remote, device, stream, and control forms before I/O
  ✔ file URI (0.3358ms)
  ✔ network URI (0.1783ms)
  ✔ slash UNC (0.1454ms)
  ✔ backslash UNC (0.113ms)
  ✔ device path (0.1428ms)
  ✔ alternate stream (0.1242ms)
  ✔ control character (0.118ms)
  ✔ lone high surrogate (0.1202ms)
  ✔ lone low surrogate (0.1192ms)
✔ explicit project roots reject remote, device, stream, and control forms before I/O (2.6359ms)
✔ project loading rejects links below the trust root (8.9794ms)
✔ project loading rejects external links without dereferencing their target (7.4633ms)
✔ project validation accepts a root reached through an aliased ancestor (6.8324ms)
✔ canonical containment distinguishes internal aliases from resolved escape (1.182ms)
✔ project references fail closed for wrong kinds and duplicate identities (96.0418ms)
✔ reference and graph diagnostics identify undeclared outcomes, ports, and fan-in (312.8804ms)
✔ every project and graph reference class emits reference.not-found (289.8946ms)
✔ cycles, fan-out ownership, and permission ceilings are enforced semantically (207.3019ms)
✔ multi-node cycles require a bound on every cyclic route (86.0578ms)
✔ fan-out declarations and entry reachability stay structurally consistent (157.4402ms)
✔ permission grammar covers every kind and filesystem prefix boundaries (368.359ms)
✔ project and circuit collection ceilings emit dedicated limit diagnostics (1499.9418ms)
✔ the documented source-checkout example is repeatable and read-only (3318.9755ms)
✔ the documented initialization grammar works in a temporary project (2416.7606ms)
✔ the quick start remains a private source-checkout interface (1.1602ms)
✔ all v1alpha1 schemas compile together in strict Ajv 2020 mode (299.0324ms)
✔ one canonical fixture for every supported kind passes its schema (388.4698ms)
✔ schema and fixture paths are repository-owned local files (0.458ms)
✔ the diagnostic catalog and adversarial matrix are closed and internally consistent (15.7545ms)
✔ every concrete object boundary in all six valid fixtures rejects unknown fields (462.814ms)
✔ the parallel circuit fixture declares fan-out, bounded work ownership, and one fan-in policy (139.073ms)
✔ schema boundaries reject permission, privacy, compatibility, and terminal-state ambiguity (184.4035ms)
✔ minimal projects and timestamp-free events remain valid (92.4187ms)
✔ package schemas use only local package-owned references and strict known keywords (51.5969ms)
✔ strict parser fixtures expose syntax and duplicate-key failures (51.5126ms)
✔ golden specialist selection: one-agent-optimal (211.6259ms)
✔ golden specialist selection: genuinely-parallel (8.1353ms)
✔ golden specialist selection: under-split (7.6083ms)
✔ golden specialist selection: over-split (9.8602ms)
✔ golden specialist selection: conflict-heavy (5.2485ms)
✔ golden specialist selection: generic-role (11.2615ms)
✔ candidate analysis exposes deterministic rejection evidence when no team is eligible (12.2935ms)
✔ candidate analysis and compilation select the same exact team (10.8956ms)
✔ generated team and agent identifiers retain the full SHA-256 suffix (7.1694ms)
✔ selected blueprints close exact ownership, authority, context, evidence, handoff, and digests (44.6723ms)
✔ exact search evaluates every allowed canonical partition through the declared limit (2865.2596ms)
✔ fixed scheduler prioritizes the longer remaining critical path (7.2348ms)
✔ fixed scheduler breaks equal critical paths by longer duration (9.8537ms)
✔ fixed scheduler breaks remaining ties by agent ID (4.2094ms)
✔ fixed scheduler enforces maximum concurrency (6.5547ms)
✔ fixed scheduler serializes declared conflict zones (4.3571ms)
✔ fixed scheduler releases dependencies after the handoff cost (6.1326ms)
✔ above-limit goals use deterministic bounded structural candidates without an optimum claim (26.0535ms)
✔ every supplied proposal remains inspectable beyond the retained-alternative window (17.9474ms)
✔ logical array and object-key permutations produce byte-identical compiled semantics (44.1626ms)
✔ compiled values are deeply frozen and detached from mutable caller input (5.8591ms)
✔ reviewed assumptions and nonblocking decisions are digest-bound and rendered (21.384ms)
✔ blocking unresolved decisions reject before team construction (1.6692ms)
✔ selection reason reports the first decisive baseline comparison (12.9063ms)
✔ repository locators reject leading and nested dot or parent segments (5.1995ms)
✔ repository locator paths cannot exceed their declared read scope (7.1101ms)
✔ authority, context, and evidence violations reject before a launchable roster exists (19.6285ms)
✔ goal dependency cycles and partition-induced agent cycles are rejected (7.5242ms)
✔ generic role and provider/runtime extensions fail closed while exact ownership stays supply-free (10.0261ms)
✔ C1 controls fail closed before diagnostics or rendering (21.0506ms)
✔ Unicode bidi controls fail closed before diagnostics or rendering (54.5724ms)
✔ bounded UTF-8 measurement matches raw and JSON encoding boundaries (0.4798ms)
✔ secret-bearing unknown property keys stop at the parent before schema validation (6.4593ms)
✔ oversized compiler input rejects before serialization or UTF-8 buffer allocation (14.0562ms)
✔ secret-bearing input is rejected without echoing the secret (1.4527ms)
✔ digest tampering fails verification and renderer reconstruction (20.7918ms)
✔ renderer output is deterministic and binds paths, blueprints, bytes, and compilation (172.5888ms)
✔ package verification rejects oversized content before UTF-8 buffer allocation (72.1316ms)
✔ trusted package verification succeeds and coordinated recomputation cannot reuse approval (48.7274ms)
✔ rendered manifest binds every emitted contract and integration file digest (10.9982ms)
✔ first-run specialist example is deterministic, approval-bound, and read-only (1606.2126ms)
✔ first-run specialist example rejects a stale source approval before compilation (517.9359ms)
✔ first-run approval parsing is bounded, strict UTF-8, and duplicate-aware (1587.4402ms)
✔ first-run approval objects reject unknown fields at every boundary (1074.426ms)
✔ first-run source paths reject unsafe, non-scalar, and secret-bearing forms before I/O (3750.3379ms)
✔ first-run source reads reject directories and external junction targets (558.5974ms)
✔ first-run rejects secret-bearing approval paths without echoing them (255.1634ms)
✔ raw specialist handoffs verify exact package, blueprint, evidence, and artifact bindings (344.369ms)
✔ handoff verification fails closed on stale identity, incomplete evidence, malformed JSON, and secrets (149.6612ms)
✔ handoff verification binds artifact media types and permits only normalized LF controls (83.88ms)
✔ fan-in is ready only for one PASS handoff from every exact transitive dependency (58.1146ms)
✔ fan-in rejects valid handoffs from agents outside the target dependency closure (30.8266ms)
✔ handoff byte boundaries reject proxies and accessors without invoking caller code (32.9946ms)
✔ raw handoff and run input boundaries reject one-unit excess without truncation (1454.0553ms)
✔ decoded handoff overflow is SC4402 while malformed base64 remains SC4401 (541.5313ms)
✔ bundled specialist schemas have exact source parity (4.9533ms)
✔ create, restore, inspect, and record perform no first-use filesystem reads (3626.239ms)
✔ inspection derives manifest contracts, DAG statuses, evidence, and complete-roster readiness (6431.4496ms)
✔ inspection closes every non-pass route and marks all unsettled work session-routed (3518.1204ms)
✔ the 16-agent maximum-handoff aggregate converges below conservative run safeguards (54194.5711ms)
✔ public run constants, operations, schema export, and V11 compatibility are exact (5.1958ms)
✔ the strict schema accepts both canonical roots and closes every nested object (13.5422ms)
✔ schema boundaries and every workflow route remain exact (88.7639ms)
✔ recording is monotonic, dependency-gated, replay-safe, and source-preserving (712.0374ms)
✔ every verified non-pass outcome records once and terminally routes later work (1331.6938ms)
✔ recording applies validation and handoff diagnostic precedence without caller mutation (122.3048ms)
✔ root, chain, diamond, fan-out, fan-in, disconnected, and complete DAGs agree with V11 (8909.5756ms)
✔ all valid independent arrival permutations converge to one session and inspection (6856.5755ms)
✔ fresh-process restore and inspection preserve canonical semantics without host state (526.0188ms)
✔ restore, expectation, caller-code, and coordinated-substitution attacks fail closed (75.3696ms)
✔ handoff attacks, transition precedence, replay, and every non-pass route are closed (772.5688ms)
✔ the specialist schemas and every definition compile in strict Ajv 2020 mode (357.0931ms)
✔ the specialist schema accepts its two canonical closed input kinds (192.8248ms)
✔ the handoff schema accepts every canonical outcome and remains closed (48.9868ms)
✔ every concrete specialist input object boundary rejects provider-shaped fields (151.4482ms)
✔ role and runtime supply cannot enter goal, request, work, or proposal contracts (90.3521ms)
✔ repository context requires readScope and external context forbids it (79.5956ms)
✔ permission kinds are the exact provider-neutral schema set (81.9903ms)
✔ specialist references stay inside package-owned v1alpha1 schemas (34.6126ms)
✔ TypeScript ESM output loads with the approved production dependencies (100.4721ms)
✔ inspection reconstructs interleaved runs, parallel attempts, retries, outcomes, and evidence (297.1185ms)
▶ [T12] zero-event terminators are accepted once and rejected when repeated
  ✔ empty-file (4.1944ms)
  ✔ single-final-lf (3.7763ms)
  ✔ single-final-crlf (6.9067ms)
  ✔ repeated-final-lf (4.5964ms)
  ✔ repeated-final-crlf (4.3639ms)
✔ [T12] zero-event terminators are accepted once and rejected when repeated (30.3345ms)
✔ logical order accepts valid same-run backward causation and ignores timestamps (6.2582ms)
▶ sequence, event identity, and causation diagnostics are deterministic
  ✔ duplicate sequence (5.9294ms)
  ✔ regressing sequence (5.5598ms)
  ✔ duplicate event id (5.0207ms)
  ✔ missing cause (6.8621ms)
  ✔ forward cause (4.9378ms)
  ✔ cross-run cause (5.104ms)
✔ sequence, event identity, and causation diagnostics are deterministic (35.0445ms)
▶ [T14] every legal attempt transition is accepted
  ✔ queued-to-running (5.2023ms)
  ✔ queued-to-cancelled (5.162ms)
  ✔ running-to-input_required (4.6742ms)
  ✔ running-to-completed (13.2344ms)
  ✔ running-to-failed (13.036ms)
  ✔ running-to-cancelled (13.5032ms)
  ✔ running-to-timed_out (4.9429ms)
  ✔ input_required-to-running (5.2761ms)
  ✔ input_required-to-cancelled (6.5012ms)
  ✔ input_required-to-timed_out (5.04ms)
✔ [T14] every legal attempt transition is accepted (78.5427ms)
▶ [T04] every disallowed non-terminal transition is rejected
  ✔ queued-to-queued (11.7708ms)
  ✔ queued-to-input_required (4.8439ms)
  ✔ queued-to-completed (5.151ms)
  ✔ queued-to-failed (4.6734ms)
  ✔ queued-to-timed_out (5.1342ms)
  ✔ running-to-queued (6.1429ms)
  ✔ running-to-running (7.3004ms)
  ✔ input_required-to-queued (7.6897ms)
  ✔ input_required-to-input_required (4.6445ms)
  ✔ input_required-to-completed (5.512ms)
  ✔ input_required-to-failed (5.5925ms)
✔ [T04] every disallowed non-terminal transition is rejected (71.2481ms)
▶ [T05] every terminal attempt state is immutable
  ✔ completed (4.7023ms)
  ✔ failed (4.5709ms)
  ✔ cancelled (7.6387ms)
  ✔ timed_out (5.5086ms)
✔ [T05] every terminal attempt state is immutable (23.3436ms)
✔ heartbeat, cancellation request, and explicit timeout events are accepted in valid states (7.2799ms)
▶ attempt transition and terminal-state violations use their dedicated diagnostics
  ✔ new non-retry must start queued (4.5272ms)
  ✔ queued cannot complete directly (5.8286ms)
  ✔ terminal state is immutable (5.579ms)
  ✔ heartbeat is state-gated (5.8267ms)
✔ attempt transition and terminal-state violations use their dedicated diagnostics (22.75ms)
▶ [T07] heartbeat and cancellation requests are state-gated
  ✔ heartbeat (11.1251ms)
  ✔ cancellation-request (4.94ms)
✔ [T07] heartbeat and cancellation requests are state-gated (16.8053ms)
▶ [T10] every attempt-bearing non-state event requires an earlier attempt
  ✔ heartbeat (4.4359ms)
  ✔ outcome (4.7598ms)
  ✔ evidence (6.4886ms)
✔ [T10] every attempt-bearing non-state event requires an earlier attempt (16.5379ms)
▶ [T09] retry lineage rejects wrong, completed, and forked predecessors
  ✔ wrong-predecessor (5.5016ms)
  ✔ completed-parent (4.9469ms)
  ✔ forked-successor (5.4257ms)
✔ [T09] retry lineage rejects wrong, completed, and forked predecessors (16.7512ms)
▶ [T06/T08/T11] retry declarations and attempt identity use dedicated diagnostics
  ✔ T06:missing-link (4.902ms)
  ✔ T06:not-queued (5.4347ms)
  ✔ T08:metadata-change (5.3499ms)
  ✔ T08:duplicate-work-packet-number (4.7947ms)
  ✔ T11:non-retry (7.8764ms)
✔ [T06/T08/T11] retry declarations and attempt identity use dedicated diagnostics (29.6725ms)
▶ attempt identity and retry lineage failures are distinguishable
  ✔ retry link is required (5.7938ms)
  ✔ retry must start queued (5.511ms)
  ✔ retry lineage must use an eligible predecessor (6.9704ms)
  ✔ attempt declaration is immutable (4.4868ms)
  ✔ non-state attempt reference must already exist (5.8398ms)
✔ attempt identity and retry lineage failures are distinguishable (29.7678ms)
✔ outcome and evidence records may reference a terminal attempt (5.2959ms)
✔ [T15] a failed handoff remains explicit in state and evidence summaries (5.1014ms)
▶ strict JSONL framing rejects BOMs, blanks, lone CR, truncation, duplicate keys, and invalid UTF-8
  ✔ BOM (6.7313ms)
  ✔ blank record (5.2899ms)
  ✔ lone CR (4.1177ms)
  ✔ internal CR before CRLF (5.0097ms)
  ✔ truncated (5.3718ms)
  ✔ duplicate key (6.2284ms)
  ✔ invalid UTF-8 (3.5218ms)
✔ strict JSONL framing rejects BOMs, blanks, lone CR, truncation, duplicate keys, and invalid UTF-8 (37.7204ms)
▶ RunEvent dispatch and exact payload ownership fail closed
  ✔ missing event version (8.1503ms)
  ✔ non-string event version (4.2046ms)
  ✔ unsupported event version (6.8831ms)
  ✔ wrong artifact kind (4.9391ms)
  ✔ payload smuggling (6.513ms)
  ✔ event metadata description (4.6446ms)
✔ RunEvent dispatch and exact payload ownership fail closed (36.5611ms)
✔ evidence references are grammar-checked but never dereferenced (9.7262ms)
▶ [T13] command and test evidence identifiers enforce the 128-character boundary
  ✔ command-at-limit (5.2462ms)
  ✔ command-over-limit (5.2215ms)
  ✔ test-at-limit (7.5566ms)
  ✔ test-over-limit (6.5174ms)
✔ [T13] command and test evidence identifiers enforce the 128-character boundary (25.5213ms)
✔ [L02] bounded reads allocate from the verified descriptor size (0.5548ms)
✔ trace paths reject unsafe forms, links, non-files, and detectable mutation (11.997ms)
✔ line, trace, event-count, and depth ceilings emit dedicated diagnostics (480.5104ms)
✔ evidence summaries cap deterministically and report exact omissions (188.3221ms)
✔ the normative secret detector has positive and near-miss coverage (0.5784ms)
✔ [PR03] every rendered summary string slot suppresses secrets with one warning (8.6097ms)
✔ secret-bearing trace names are suppressed on invalid-input diagnostics too (27.7171ms)
✔ trace inspection remains offline, process-free, and adapter-free (5.3884ms)
✔ declared TypeScript file defeats ambient and candidate-local command substitution (374.6288ms)
✔ repository-local fallback executes the exact resolved file (350.5314ms)
✔ repository fallback canonicalizes a linked dependency ancestor (284.9671ms)
✔ execution stops when version inspection mutates the bound file (174.1203ms)
✔ execution detects persistent mutation during compilation (343.365ms)
✔ TypeScript binding rejects ambiguous, contained, and linked files (29.6252ms)
✔ package, release gate, and packed consumer bind explicit TypeScript authority (4.1998ms)
✔ the V10 executor dogfood trace is bounded, inspectable, and repeatable (320.7751ms)
✔ the V10 dogfood harness removes its owned workspace after an injected failure (10.7967ms)
✔ dogfood context reads accept regular files inside the repository root (7.7282ms)
✔ dogfood context verification rejects bytes changed by an LF clean filter (0.9492ms)
✔ dogfood context verification accepts LF bytes unchanged by the clean filter (0.4037ms)
✔ dogfood context verification rejects an explicit CRLF checkout before hashing bytes (0.4152ms)
✔ dogfood context verification rejects an active custom Git filter (0.5534ms)
✔ dogfood context verification rejects an active working-tree encoding (0.5203ms)
✔ dogfood context verification rejects a source without an explicit eol policy (0.4845ms)
✔ dogfood context verification rejects an active filter before hashing bytes (0.3223ms)
✔ dogfood context verification rejects ident expansion before hashing bytes (0.3926ms)
✔ dogfood context verification rejects the legacy crlf attribute before hashing bytes (0.4598ms)
✔ dogfood context verification rejects a bare CR under an explicit LF checkout (0.3789ms)
✔ dogfood context verification rejects ambiguous filter names before hashing bytes (0.4039ms)
✔ Git attribute parsing accepts variable unique records and rejects malformed output (1.8857ms)
✔ dogfood context reads reject an in-root junction targeting an external directory (15.1607ms)
✔ dogfood goal and approval controls reject duplicate JSON keys (10.6535ms)
✔ dogfood approval controls reject a parent junction instead of following it (6.6522ms)
✔ dogfood evidence writes reject package-parent redirection before mutation (11.0497ms)
✔ dogfood context verification rejects unsupported source kinds (1.3126ms)
✔ dogfood context verification requires one exact attribute-policy binding (1.039ms)
✔ every active V11 source is LF clean-filter stable with the attribute policy bound (8997.9785ms)
✔ prelaunch audit authenticates the complete candidate without self-reference (0.8046ms)
✔ prelaunch audit forces an independent binder and compilation reviewer (119.682ms)
✔ launch authorization binds both packages, the verification receipt, and the exact PASS handoff (23.0389ms)
✔ launch authorization rejects malformed, non-PASS, stale, and incomplete audit handoffs (914.1488ms)
✔ launch authorization accepts paired supplementary Unicode in free-text handoff fields (14.319ms)
▶ launch authorization rejects secret-bearing and non-scalar handoff paths
  ✔ lone high surrogate (9.0514ms)
  ✔ lone low surrogate (8.4374ms)
  ✔ secret (8.2448ms)
✔ launch authorization rejects secret-bearing and non-scalar handoff paths (26.4796ms)
✔ launch authorization rejects unbound or semantically invalid verification receipts (174.0769ms)
✔ launch authorization rejects stale package bindings and unowned handoff paths (11.9124ms)
✔ hosted CI supplies complete Git history and a repository-local npm cache (4.8639ms)
✔ public support is Windows-only without weakening IDE and provider neutrality (1.5357ms)
✔ hosted CI contract rejects unprotected checkout and write authority (10.3217ms)
✔ candidate lock applicability distinguishes glibc and musl (0.8723ms)
✔ candidate dependency and canonical commands use one authenticated npm CLI (10.0614ms)
✔ canonical evidence slot is atomically owned, published, and retry-safe (155.0327ms)
✔ aggregate preparation failures retain every nested cause (1.4632ms)
✔ failed preparation removes every owned resource (13.1688ms)
✔ packed consumer retains and executes the complete TypeScript binding (0.5671ms)
✔ canonical gate materialization uses a constant-process Git blob batch (1387.6951ms)
✔ candidate materialization excludes and detects uncommitted verification inputs (1113.7433ms)
✔ candidate lock and private dependency closure reject substitution (24.2314ms)
✔ runtime ancestor package supply is detected before candidate execution (14.2788ms)
✔ release gate scratch namespace preserves nested Windows install headroom (1.0258ms)
✔ candidate Git context is disposable, exact, and usable from the materialization (2212.3045ms)
✔ copied lifecycle preserves enclosing candidate Git authority (2693.1898ms)
✔ canonical gate closes hostile host environment and binds effective authority (1291.4651ms)
✔ candidate scratch cleanup supports reverse owner order (4.0804ms)
✔ empty-directory pruning preserves unrelated state (4.6004ms)
✔ canonical command is pinned to the authenticated materialization (0.9339ms)
✔ R2 closes the stronger receipt and all six causal security sources (1.0575ms)
✔ R2 correction review context remains bounded with primary evidence (997.0145ms)
✔ paths mode remains closed and rejects malformed candidate identities (582.1361ms)
✔ release-review parent rejects unsafe paths and non-exact lock supply (5.9301ms)
✔ release-review parent detects closure mutation and promotes immutable bytes (25.7758ms)
✔ release-review promotion preflights the full set and commits the receipt last (33.8968ms)
✔ release-review parent closes environment, outputs, cleanup, and promotion order (26.333ms)
✔ operation-root cleanup canonicalizes aliases and rejects unowned roots (7.2295ms)
✔ installed npm 10 or newer uses exact production private configs and rejects the old alias (921.4917ms)
✔ private npm substitution routes stop before process spawn and clean up (147.4662ms)
✔ candidate blob batch parsing preserves binary bytes and fails closed (14.6213ms)
✔ parent and verifier harness loaders use constant-process Git blob batches (1760.0255ms)
✔ Git blob fixtures retain only explicit closed Git configuration (0.4241ms)
✔ Git blob fixtures execute in a fresh process under the closed Git environment (843.7254ms)
✔ Git changed-path diagnostics are canonical and fail closed (0.699ms)
✔ scoped parent timeout owns residue, kills descendants, and reports timeout first (1180.1214ms)
✔ release-review parent and workers preserve the candidate-runtime import boundary (224.8036ms)
✔ runtime binding is deterministic and fails closed after identity mutation (0.9536ms)
✔ stable runtime policy excludes invocation-specific temporary paths (1.5011ms)
✔ worker effective environment binds every key and rejects ambient authority (4.7161ms)
✔ fresh worker processes reject every undeclared environment authority (1301.2531ms)
✔ verifier validates complete environment before candidate reads or imports (1.1704ms)
✔ closed phase grammar reconstructs prefixes from exact external inputs (1.5197ms)
✔ handoff paths reject non-scalars, controls, non-NFC text, and aliases before use (2.9269ms)
✔ stable reconstruction and phase authority reject substitution independently (1.5017ms)
✔ copied production lifecycle excludes correction evidence after its sealed history (0.1859ms)
✔ copied production lifecycle consumes the fresh-process release-gate cache supply (653.9958ms)
✔ nested fixture repository processes discard an enclosing candidate Git context (710.9602ms)
✔ materialized lifecycle executes and receipts one external TypeScript adapter (707.4982ms)
✔ lifecycle TypeScript evidence parser fails closed (2.3379ms)
✔ release runtime and npm compatibility policies are portable and closed (0.5216ms)
✔ candidate TypeScript log uses canonical compact JSON and private binding (0.8367ms)
✔ lifecycle adapter compiles the bounded input with host TypeScript (688.6503ms)
✔ materialized lifecycle detects persistent compiler mutation after child return (319.1868ms)
✔ R61 rehearsal stdout remains exact under the authenticated LF and hosted-log policies (44.1519ms)
✔ R62 dogfood failure envelopes preserve the exact raw streams (2.0616ms)
✔ R63 hosted evidence binds the exact failed policy step (1.0929ms)
✔ R64 evidence binds the hosted pass and exact-candidate timeout diagnosis (2.1496ms)
✔ R65 evidence binds the exact four-level path-budget failure (1.7135ms)
✔ R66 hosted evidence binds the exact matrix and shared Ubuntu failure (5.379ms)
✔ R68 hosted evidence binds the exact matrix and shared macOS failure (189.9842ms)
✔ R69 verifier evidence preserves the exact trust-binding failure (97.8911ms)
✔ the positive copied gate alone receives the extended lifecycle timeout (0.5049ms)
✔ lifecycle production identities match current source bytes (3.7821ms)
✔ canonical npm test schedules the exact lifecycle after the core suite (1.1973ms)
✔ materialized package closure rejects linked and hard-linked entries (11.6865ms)
✔ closed private state rejects source mutation and undeclared post-build files (40.0533ms)
✔ explicit cache and ancestor resolver boundaries fail closed (23.645ms)
✔ stable reconstruction is package-defining while phase authority stays separate (2.885ms)
✔ active release status avoids volatile candidate-state drift and preserves outcomes (5.1896ms)
✔ live release routing delegates volatile state to candidate-addressed evidence (5.9459ms)
✔ live release policy requires only the supported Windows hosted matrix (8.197ms)
✔ candidate-addressed run roots are closed, disjoint, and preserve Candidate 3 evidence (706.0404ms)
✔ correction lineage requires revisions 1 through 10 and has no terminal count (1.4984ms)
✔ working-tree-only inputs and unsafe handoff paths fail closed (0.5604ms)
✔ review package covers every transitive release-security source exactly once (1457.2451ms)
✔ release-review receipt consumer requires bound v1alpha4 execution authority (1.493ms)
✔ post-commit gate evidence is captured outside the candidate without self-reference (0.4546ms)
✔ reviewer snapshots and tooling identity use exact candidate Git blobs (1.2587ms)
✔ R70 path regression binds the exact preserved reviewed-source roster (1279.6196ms)
✔ reviewer snapshot paths reject explicit overflow and collisions before writes (0.6606ms)
✔ reviewer snapshot aliases remain byte-readable through ordinary Windows PowerShell paths (2436.8428ms)
✔ reviewer snapshot PowerShell probe fails closed on hash errors (592.2101ms)
✔ R71 hosted evidence binds the exact module failure and unconsumed gate (10.3556ms)
✔ revision 9 package and handoff verification rejects substituted bytes (316.6315ms)
ℹ tests 482
ℹ suites 0
ℹ pass 482
ℹ fail 0
ℹ cancelled 0
ℹ skipped 0
ℹ todo 0
ℹ duration_ms 55674.7236

> swecircuit@0.0.0 test:lifecycle
> node --test test/lifecycle/*.test.mjs

✔ lifecycle test hooks are bound before isolated execution (0.7508ms)
