
> swecircuit@0.0.0 verify
> npm run format:check && npm run lint && npm run typecheck && npm test && npm run example:specialist && npm run dogfood:v10 && npm run dogfood:v11 && npm run dogfood:v12 && npm run pack:check && npm run consumer:check


> swecircuit@0.0.0 format:check
> biome format src test schemas examples/specialist-compiler scripts/run-v9-dogfood.mjs scripts/run-v10-dogfood.mjs scripts/run-v11-dogfood.mjs scripts/run-v12-dogfood.mjs scripts/run-v12-release-gate.mjs scripts/check-packed-consumer.mjs scripts/fixtures/packed-consumer-host.ts package.json tsconfig.json biome.json

Checked 95 files in 167ms. No fixes applied.

> swecircuit@0.0.0 lint
> biome lint src test examples/specialist-compiler scripts/run-v9-dogfood.mjs scripts/run-v10-dogfood.mjs scripts/run-v11-dogfood.mjs scripts/run-v12-dogfood.mjs scripts/run-v12-release-gate.mjs scripts/check-packed-consumer.mjs scripts/fixtures/packed-consumer-host.ts

The number of diagnostics exceeds the limit allowed. Use --max-diagnostics to increase it.
Diagnostics not shown: 51.
Checked 81 files in 99ms. No fixes applied.
Found 71 infos.

> swecircuit@0.0.0 typecheck
> tsc -p tsconfig.json --noEmit


> swecircuit@0.0.0 test
> npm run build --silent && node --test test/*.test.mjs

✔ the internal CLI exposes one fixed help surface (569.7935ms)
✔ init, validate, and inspect human output comes from library summaries (2506.8986ms)
✔ JSON mode writes exactly one operation result to stdout for success and failure (1049.1517ms)
✔ human failures use stderr and never print a success summary (307.956ms)
✔ human warning results keep success on stdout and warnings on stderr (554.853ms)
▶ invalid commands and option shapes deterministically emit cli.usage
  ✔ missing command (289.7059ms)
  ✔ unknown command (327.4028ms)
  ✔ unknown option (273.8696ms)
  ✔ duplicate option (266.3165ms)
  ✔ extra positional (259.4421ms)
  ✔ inspect missing trace (265.4457ms)
  ✔ trace on validate (288.436ms)
  ✔ project id on validate (271.4559ms)
  ✔ command help (281.3009ms)
✔ invalid commands and option shapes deterministically emit cli.usage (2775.5459ms)
✔ unexpected operation throws become one sanitized internal failure (1.728ms)
✔ the CLI remains a renderer-only internal surface (0.724ms)
✔ the V9 dogfood circuit is measured, bounded, and semantically repeatable (9316.976ms)
✔ the V9 dogfood harness removes its owned workspace after an injected failure (1846.6319ms)
✔ the V9 dogfood harness cleans up when setup fails after ownership capture (4.9519ms)
✔ the committed observation digest and caller-owned retry trace stay linked (404.2843ms)
✔ one valid packet executes once and returns an immutable V9-compatible journal (351.7226ms)
✔ normal class executors can implement the public port (4.2306ms)
✔ operation success stays separate from declared work failure (4.2691ms)
▶ every preflight rejection prevents executor invocation
  ✔ null packet (1.8739ms)
  ✔ null manifest (1.3732ms)
  ✔ wrong packet kind (5.4416ms)
  ✔ incompatible manifest kind (1.5944ms)
  ✔ manifest declares kernel-owned output (2.5745ms)
  ✔ executor identity mismatch (1.2936ms)
  ✔ malformed grant (1.1073ms)
  ✔ invalid timeout policy (1.0179ms)
✔ every preflight rejection prevents executor invocation (18.2013ms)
▶ permission grants fail closed in every direction
  ✔ grant misses a manifest request (1.4458ms)
  ✔ grant adds unrequested authority (1.2194ms)
  ✔ grant exceeds packet ceiling (1.119ms)
  ✔ broad request is not covered by narrow grant (1.1172ms)
  ✔ broad grant is not covered by narrow request (1.1838ms)
✔ permission grants fail closed in every direction (7.1884ms)
▶ throws and malformed settlements become fixed failures without raw values
  ✔ throw (2.4946ms)
  ✔ malformed extra field (2.3374ms)
  ✔ secret evidence (2.5125ms)
✔ throws and malformed settlements become fixed failures without raw values (8.446ms)
✔ fulfillment observation detaches settlement before later mutation (3.1064ms)
▶ return-bound input canaries fail preflight without leaking
  ✔ run ID (1.1655ms)
  ✔ attempt ID (0.9855ms)
  ✔ correlation ID (0.9247ms)
  ✔ packet ID (0.9227ms)
  ✔ grant ID (1.1608ms)
  ✔ issuer (1.1991ms)
  ✔ executor ID (1.5356ms)
✔ return-bound input canaries fail preflight without leaking (9.2022ms)
▶ already-aborted and already-expired work never invokes the executor
  ✔ caller abort (2.5917ms)
  ✔ packet deadline (6.476ms)
✔ already-aborted and already-expired work never invokes the executor (9.7072ms)
▶ acknowledged caller cancellation and timeout produce exact terminal journals
  ✔ caller cancellation (3.0127ms)
  ✔ deadline (4.0472ms)
✔ acknowledged caller cancellation and timeout produce exact terminal journals (7.7593ms)
✔ an unacknowledged abort remains non-terminal and late rejection is observed (2.5002ms)
✔ completion observed at or after the absolute deadline cannot become success (2.1622ms)
✔ an early deadline wake-up re-arms instead of cancelling work (2.0931ms)
✔ settlement outside the abort acknowledgement window stays unconfirmed (2.0737ms)
▶ hostile proxies and forged signals fail closed without escaping the API
  ✔ revoked work packet (1.1592ms)
  ✔ revoked options (0.5229ms)
  ✔ live proxy traps are not invoked (1.3807ms)
  ✔ revoked AbortSignal proxy (1.0083ms)
  ✔ forged AbortSignal (1.0667ms)
  ✔ revoked settlement (4.9108ms)
✔ hostile proxies and forged signals fail closed without escaping the API (11.334ms)
▶ snapshot depth and node ceilings reject work before executor invocation
  ✔ huge sparse array (1.848ms)
  ✔ small sparse array (1.0932ms)
  ✔ dense oversized object (231.3785ms)
  ✔ excessive depth (1.6803ms)
✔ snapshot depth and node ceilings reject work before executor invocation (236.8323ms)
▶ the final invocation gate catches cancellation and deadline changes
  ✔ caller abort while the deadline timer is armed (2.6897ms)
  ✔ deadline reached after the final gate read (2.2453ms)
  ✔ deadline reached while the deadline timer is armed (2.1547ms)
✔ the final invocation gate catches cancellation and deadline changes (7.819ms)
▶ abort cause uses the first observed monotonic event
  ✔ caller observed before deadline remains caller (2.7921ms)
  ✔ caller first observed after deadline is deadline (2.3142ms)
✔ abort cause uses the first observed monotonic event (5.6893ms)
▶ direct inputs are detached, bounded, and accessor-free
  ✔ cycle (2.6247ms)
  ✔ accessor (2.6607ms)
  ✔ source mutation cannot change executor input (3.8236ms)
✔ direct inputs are detached, bounded, and accessor-free (9.79ms)
✔ initialization creates the smallest valid project with frozen bytes (399.8141ms)
✔ an explicit project ID wins and initialization never discovers an ancestor (47.4115ms)
✔ default project ID transformation is exact across edge cases (163.111ms)
✔ invalid explicit IDs fail before creating owned paths (2.9699ms)
✔ repeated initialization reports every owned collision without changing output (29.8348ms)
✔ manifest collisions preserve exact bytes and do not create a catalog (4.8739ms)
✔ catalog collisions preserve existing content and do not create a manifest (4.9813ms)
✔ a linked catalog is a collision and its target is never changed (6.6901ms)
✔ invalid and missing target roots fail without creating paths (2.558ms)
▶ every initialization checkpoint fails closed and rolls back owned entries
  ✔ beforeCatalogCreate (6.309ms)
  ✔ afterCatalogCreate (6.3046ms)
  ✔ beforeModulesCreate (6.2602ms)
  ✔ afterModulesCreate (13.2898ms)
  ✔ beforeCircuitsCreate (16.669ms)
  ✔ afterCircuitsCreate (15.6489ms)
  ✔ beforeManifestOpen (12.8308ms)
  ✔ afterManifestOpen (20.7913ms)
  ✔ afterManifestWrite (17.379ms)
  ✔ afterManifestFsync (33.0674ms)
  ✔ beforeValidation (24.6248ms)
  ✔ afterValidation (23.5379ms)
  ✔ beforeManifestClose (26.3729ms)
✔ every initialization checkpoint fails closed and rolls back owned entries (225.9082ms)
▶ successful creations that fail before identity capture are preserved and reported
  ✔ afterCatalogCreateBeforeCapture (4.074ms)
  ✔ afterModulesCreateBeforeCapture (6.4227ms)
  ✔ afterCircuitsCreateBeforeCapture (9.1188ms)
  ✔ afterManifestOpenBeforeCapture (24.2741ms)
✔ successful creations that fail before identity capture are preserved and reported (44.7579ms)
✔ non-empty rollback targets survive with an explicit cleanup diagnostic (9.4505ms)
✔ identity-changed rollback targets and displaced entries are preserved (10.7733ms)
✔ two coordinated processes produce exactly one initialized project (934.7688ms)
✔ initialization and generated-project validation stay offline and process-free (44.2421ms)
✔ initializer source has no network, process, or adapter execution surface (0.669ms)
✔ runtime diagnostic definitions exactly match the normative catalog (4.71ms)
✔ strict JSON parsing rejects invalid UTF-8, syntax extensions, duplicate keys, and unsafe numbers (6.4293ms)
✔ strict JSON parsing enforces artifact byte and depth ceilings before validation (128.7692ms)
✔ dispatch fails closed with stable version and kind diagnostics (1.1787ms)
✔ schema failures normalize permission, privacy, and stop-condition policy (319.485ms)
✔ diagnostics are sanitized, deduplicated, and sorted deterministically (1.5295ms)
✔ an explicit minimal project validates without discovery or optional adapters (330.8129ms)
✔ a complete parallel project validates module routing, ownership, joins, and ceilings (76.2746ms)
▶ project loading rejects lexical escapes and every portable forbidden path form
  ✔ parent (11.2704ms)
  ✔ posix absolute (4.5186ms)
  ✔ windows absolute (7.1423ms)
  ✔ unc (4.739ms)
  ✔ device (11.0758ms)
  ✔ alternate stream (4.5624ms)
  ✔ URI (4.5191ms)
  ✔ backslash (7.458ms)
  ✔ lone high surrogate (7.6092ms)
  ✔ lone low surrogate (4.6025ms)
✔ project loading rejects lexical escapes and every portable forbidden path form (70.3014ms)
✔ project loading distinguishes missing references, non-files, and safe I/O failures (12.3427ms)
✔ contained missing-file diagnostics suppress secret-bearing artifact names (7.6787ms)
▶ explicit project roots reject remote, device, stream, and control forms before I/O
  ✔ file URI (0.3278ms)
  ✔ network URI (0.1649ms)
  ✔ slash UNC (0.1421ms)
  ✔ backslash UNC (0.1075ms)
  ✔ device path (0.1055ms)
  ✔ alternate stream (0.1333ms)
  ✔ control character (0.107ms)
  ✔ lone high surrogate (0.1162ms)
  ✔ lone low surrogate (0.1119ms)
✔ explicit project roots reject remote, device, stream, and control forms before I/O (2.5132ms)
✔ project loading rejects links below the trust root (8.0121ms)
✔ project loading rejects external links without dereferencing their target (7.7485ms)
✔ project validation accepts a root reached through an aliased ancestor (12.3322ms)
✔ canonical containment distinguishes internal aliases from resolved escape (1.2086ms)
✔ project references fail closed for wrong kinds and duplicate identities (81.3088ms)
✔ reference and graph diagnostics identify undeclared outcomes, ports, and fan-in (241.6024ms)
✔ every project and graph reference class emits reference.not-found (242.0772ms)
✔ cycles, fan-out ownership, and permission ceilings are enforced semantically (227.1044ms)
✔ multi-node cycles require a bound on every cyclic route (72.6259ms)
✔ fan-out declarations and entry reachability stay structurally consistent (138.8175ms)
✔ permission grammar covers every kind and filesystem prefix boundaries (318.768ms)
✔ project and circuit collection ceilings emit dedicated limit diagnostics (1476.7039ms)
✔ the documented source-checkout example is repeatable and read-only (3205.3012ms)
✔ the documented initialization grammar works in a temporary project (2393.7008ms)
✔ the quick start remains a private source-checkout interface (1.2551ms)
✔ all v1alpha1 schemas compile together in strict Ajv 2020 mode (325.8888ms)
✔ one canonical fixture for every supported kind passes its schema (266.0211ms)
✔ schema and fixture paths are repository-owned local files (0.7353ms)
✔ the diagnostic catalog and adversarial matrix are closed and internally consistent (13.9954ms)
✔ every concrete object boundary in all six valid fixtures rejects unknown fields (405.8243ms)
✔ the parallel circuit fixture declares fan-out, bounded work ownership, and one fan-in policy (101.2921ms)
✔ schema boundaries reject permission, privacy, compatibility, and terminal-state ambiguity (278.5849ms)
✔ minimal projects and timestamp-free events remain valid (89.9357ms)
✔ package schemas use only local package-owned references and strict known keywords (54.7873ms)
✔ strict parser fixtures expose syntax and duplicate-key failures (8.7594ms)
✔ golden specialist selection: one-agent-optimal (218.0569ms)
✔ golden specialist selection: genuinely-parallel (8.3535ms)
✔ golden specialist selection: under-split (7.8857ms)
✔ golden specialist selection: over-split (8.3792ms)
✔ golden specialist selection: conflict-heavy (8.2791ms)
✔ golden specialist selection: generic-role (6.3747ms)
✔ candidate analysis exposes deterministic rejection evidence when no team is eligible (12.0925ms)
✔ candidate analysis and compilation select the same exact team (8.4606ms)
✔ generated team and agent identifiers retain the full SHA-256 suffix (12.5404ms)
✔ selected blueprints close exact ownership, authority, context, evidence, handoff, and digests (52.2296ms)
✔ exact search evaluates every allowed canonical partition through the declared limit (2852.8155ms)
✔ fixed scheduler prioritizes the longer remaining critical path (6.7443ms)
✔ fixed scheduler breaks equal critical paths by longer duration (17.0436ms)
✔ fixed scheduler breaks remaining ties by agent ID (6.5566ms)
✔ fixed scheduler enforces maximum concurrency (8.26ms)
✔ fixed scheduler serializes declared conflict zones (5.2403ms)
✔ fixed scheduler releases dependencies after the handoff cost (4.5105ms)
✔ above-limit goals use deterministic bounded structural candidates without an optimum claim (35.3299ms)
✔ every supplied proposal remains inspectable beyond the retained-alternative window (23.5399ms)
✔ logical array and object-key permutations produce byte-identical compiled semantics (47.5757ms)
✔ compiled values are deeply frozen and detached from mutable caller input (4.6786ms)
✔ reviewed assumptions and nonblocking decisions are digest-bound and rendered (15.4333ms)
✔ blocking unresolved decisions reject before team construction (1.7436ms)
✔ selection reason reports the first decisive baseline comparison (14.0415ms)
✔ repository locators reject leading and nested dot or parent segments (5.0672ms)
✔ repository locator paths cannot exceed their declared read scope (7.1262ms)
✔ authority, context, and evidence violations reject before a launchable roster exists (20.5502ms)
✔ goal dependency cycles and partition-induced agent cycles are rejected (7.7696ms)
✔ generic role and provider/runtime extensions fail closed while exact ownership stays supply-free (9.58ms)
✔ C1 controls fail closed before diagnostics or rendering (24.5122ms)
✔ Unicode bidi controls fail closed before diagnostics or rendering (49.3187ms)
✔ bounded UTF-8 measurement matches raw and JSON encoding boundaries (0.3558ms)
✔ secret-bearing unknown property keys stop at the parent before schema validation (1.91ms)
✔ oversized compiler input rejects before serialization or UTF-8 buffer allocation (12.7055ms)
✔ secret-bearing input is rejected without echoing the secret (1.3629ms)
✔ digest tampering fails verification and renderer reconstruction (17.3398ms)
✔ renderer output is deterministic and binds paths, blueprints, bytes, and compilation (149.6068ms)
✔ package verification rejects oversized content before UTF-8 buffer allocation (79.8484ms)
✔ trusted package verification succeeds and coordinated recomputation cannot reuse approval (58.3994ms)
✔ rendered manifest binds every emitted contract and integration file digest (14.7199ms)
✔ first-run specialist example is deterministic, approval-bound, and read-only (1524.8443ms)
✔ first-run specialist example rejects a stale source approval before compilation (600.8583ms)
✔ first-run approval parsing is bounded, strict UTF-8, and duplicate-aware (1441.4745ms)
✔ first-run approval objects reject unknown fields at every boundary (1073.1343ms)
✔ first-run source paths reject unsafe, non-scalar, and secret-bearing forms before I/O (3939.9815ms)
✔ first-run source reads reject directories and external junction targets (521.4741ms)
✔ first-run rejects secret-bearing approval paths without echoing them (246.4827ms)
✔ raw specialist handoffs verify exact package, blueprint, evidence, and artifact bindings (345.6332ms)
✔ handoff verification fails closed on stale identity, incomplete evidence, malformed JSON, and secrets (116.7311ms)
✔ handoff verification binds artifact media types and permits only normalized LF controls (88.2849ms)
✔ fan-in is ready only for one PASS handoff from every exact transitive dependency (67.4438ms)
✔ fan-in rejects valid handoffs from agents outside the target dependency closure (23.8322ms)
✔ handoff byte boundaries reject proxies and accessors without invoking caller code (32.0698ms)
✔ decoded handoff overflow is SC4402 while malformed base64 remains SC4401 (554.7706ms)
✔ bundled specialist schemas have exact source parity (8.4841ms)
✔ create, restore, inspect, and record perform no first-use filesystem reads (3347.0958ms)
✔ inspection derives manifest contracts, DAG statuses, evidence, and complete-roster readiness (6525.7795ms)
✔ inspection closes every non-pass route and marks all unsettled work session-routed (3410.529ms)
✔ public run constants, operations, schema export, and V11 compatibility are exact (4.9345ms)
✔ the strict schema accepts both canonical roots and closes every nested object (12.2778ms)
✔ schema boundaries and every workflow route remain exact (127.578ms)
✔ recording is monotonic, dependency-gated, replay-safe, and source-preserving (751.9531ms)
✔ every verified non-pass outcome records once and terminally routes later work (1287.3577ms)
✔ recording applies validation and handoff diagnostic precedence without caller mutation (127.2962ms)
✔ root, chain, diamond, fan-out, fan-in, disconnected, and complete DAGs agree with V11 (8664.1875ms)
✔ all valid independent arrival permutations converge to one session and inspection (6348.152ms)
✔ fresh-process restore and inspection preserve canonical semantics without host state (521.9433ms)
✔ restore, expectation, caller-code, and coordinated-substitution attacks fail closed (90.6903ms)
✔ handoff attacks, transition precedence, replay, and every non-pass route are closed (785.2197ms)
✔ the 16-agent maximum-handoff aggregate converges below conservative run safeguards (89146.7999ms)
✔ raw handoff and run input boundaries reject one-unit excess without truncation (6469.1261ms)
✔ the specialist schemas and every definition compile in strict Ajv 2020 mode (332.4588ms)
✔ the specialist schema accepts its two canonical closed input kinds (156.764ms)
✔ the handoff schema accepts every canonical outcome and remains closed (100.1669ms)
✔ every concrete specialist input object boundary rejects provider-shaped fields (164.1905ms)
✔ role and runtime supply cannot enter goal, request, work, or proposal contracts (117.3781ms)
✔ repository context requires readScope and external context forbids it (90.4612ms)
✔ permission kinds are the exact provider-neutral schema set (75.7718ms)
✔ specialist references stay inside package-owned v1alpha1 schemas (32.0098ms)
✔ TypeScript ESM output loads with the approved production dependencies (137.4438ms)
✔ inspection reconstructs interleaved runs, parallel attempts, retries, outcomes, and evidence (338.5915ms)
▶ [T12] zero-event terminators are accepted once and rejected when repeated
  ✔ empty-file (17.4194ms)
  ✔ single-final-lf (4.9909ms)
  ✔ single-final-crlf (4.6573ms)
  ✔ repeated-final-lf (4.1828ms)
  ✔ repeated-final-crlf (3.4473ms)
✔ [T12] zero-event terminators are accepted once and rejected when repeated (36.382ms)
✔ logical order accepts valid same-run backward causation and ignores timestamps (7.9358ms)
▶ sequence, event identity, and causation diagnostics are deterministic
  ✔ duplicate sequence (5.2874ms)
  ✔ regressing sequence (7.4246ms)
  ✔ duplicate event id (5.6048ms)
  ✔ missing cause (4.4267ms)
  ✔ forward cause (5.2466ms)
  ✔ cross-run cause (5.0219ms)
✔ sequence, event identity, and causation diagnostics are deterministic (34.6467ms)
▶ [T14] every legal attempt transition is accepted
  ✔ queued-to-running (5.161ms)
  ✔ queued-to-cancelled (5.1151ms)
  ✔ running-to-input_required (5.781ms)
  ✔ running-to-completed (6.2318ms)
  ✔ running-to-failed (5.1992ms)
  ✔ running-to-cancelled (4.8195ms)
  ✔ running-to-timed_out (7.9297ms)
  ✔ input_required-to-running (5.2724ms)
  ✔ input_required-to-cancelled (4.4384ms)
  ✔ input_required-to-timed_out (4.8796ms)
✔ [T14] every legal attempt transition is accepted (56.8465ms)
▶ [T04] every disallowed non-terminal transition is rejected
  ✔ queued-to-queued (5.4414ms)
  ✔ queued-to-input_required (5.0734ms)
  ✔ queued-to-completed (8.3634ms)
  ✔ queued-to-failed (4.4747ms)
  ✔ queued-to-timed_out (5.2544ms)
  ✔ running-to-queued (4.817ms)
  ✔ running-to-running (4.9287ms)
  ✔ input_required-to-queued (23.6723ms)
  ✔ input_required-to-input_required (5.8277ms)
  ✔ input_required-to-completed (5.2971ms)
  ✔ input_required-to-failed (4.4868ms)
✔ [T04] every disallowed non-terminal transition is rejected (80.0988ms)
▶ [T05] every terminal attempt state is immutable
  ✔ completed (4.5648ms)
  ✔ failed (4.6537ms)
  ✔ cancelled (4.6787ms)
  ✔ timed_out (5.4584ms)
✔ [T05] every terminal attempt state is immutable (20.2517ms)
✔ heartbeat, cancellation request, and explicit timeout events are accepted in valid states (5.9533ms)
▶ attempt transition and terminal-state violations use their dedicated diagnostics
  ✔ new non-retry must start queued (4.512ms)
  ✔ queued cannot complete directly (4.2946ms)
  ✔ terminal state is immutable (9.3595ms)
  ✔ heartbeat is state-gated (4.7935ms)
✔ attempt transition and terminal-state violations use their dedicated diagnostics (23.8972ms)
▶ [T07] heartbeat and cancellation requests are state-gated
  ✔ heartbeat (9.0718ms)
  ✔ cancellation-request (4.9062ms)
✔ [T07] heartbeat and cancellation requests are state-gated (14.6666ms)
▶ [T10] every attempt-bearing non-state event requires an earlier attempt
  ✔ heartbeat (6.6317ms)
  ✔ outcome (4.3586ms)
  ✔ evidence (4.4376ms)
✔ [T10] every attempt-bearing non-state event requires an earlier attempt (16.2793ms)
▶ [T09] retry lineage rejects wrong, completed, and forked predecessors
  ✔ wrong-predecessor (4.8061ms)
  ✔ completed-parent (6.4288ms)
  ✔ forked-successor (11.437ms)
✔ [T09] retry lineage rejects wrong, completed, and forked predecessors (23.6695ms)
▶ [T06/T08/T11] retry declarations and attempt identity use dedicated diagnostics
  ✔ T06:missing-link (11.2718ms)
  ✔ T06:not-queued (10.1209ms)
  ✔ T08:metadata-change (4.6926ms)
  ✔ T08:duplicate-work-packet-number (5.7674ms)
  ✔ T11:non-retry (5.1681ms)
✔ [T06/T08/T11] retry declarations and attempt identity use dedicated diagnostics (39.2643ms)
▶ attempt identity and retry lineage failures are distinguishable
  ✔ retry link is required (4.9886ms)
  ✔ retry must start queued (29.0147ms)
  ✔ retry lineage must use an eligible predecessor (10.2326ms)
  ✔ attempt declaration is immutable (4.9396ms)
  ✔ non-state attempt reference must already exist (4.5969ms)
✔ attempt identity and retry lineage failures are distinguishable (55.022ms)
✔ outcome and evidence records may reference a terminal attempt (5.9449ms)
✔ [T15] a failed handoff remains explicit in state and evidence summaries (5.0855ms)
▶ strict JSONL framing rejects BOMs, blanks, lone CR, truncation, duplicate keys, and invalid UTF-8
  ✔ BOM (5.1213ms)
  ✔ blank record (4.9987ms)
  ✔ lone CR (11.15ms)
  ✔ internal CR before CRLF (6.8714ms)
  ✔ truncated (9.1234ms)
  ✔ duplicate key (4.9522ms)
  ✔ invalid UTF-8 (6.0016ms)
✔ strict JSONL framing rejects BOMs, blanks, lone CR, truncation, duplicate keys, and invalid UTF-8 (50.3002ms)
▶ RunEvent dispatch and exact payload ownership fail closed
  ✔ missing event version (5.051ms)
  ✔ non-string event version (4.8987ms)
  ✔ unsupported event version (10.0541ms)
  ✔ wrong artifact kind (22.8985ms)
  ✔ payload smuggling (13.078ms)
  ✔ event metadata description (7.5806ms)
✔ RunEvent dispatch and exact payload ownership fail closed (64.9118ms)
✔ evidence references are grammar-checked but never dereferenced (13.6387ms)
▶ [T13] command and test evidence identifiers enforce the 128-character boundary
  ✔ command-at-limit (4.6462ms)
  ✔ command-over-limit (7.425ms)
  ✔ test-at-limit (5.3797ms)
  ✔ test-over-limit (5.2951ms)
✔ [T13] command and test evidence identifiers enforce the 128-character boundary (23.6992ms)
✔ [L02] bounded reads allocate from the verified descriptor size (0.6144ms)
✔ trace paths reject unsafe forms, links, non-files, and detectable mutation (12.0265ms)
✔ line, trace, event-count, and depth ceilings emit dedicated diagnostics (462.7104ms)
✔ evidence summaries cap deterministically and report exact omissions (184.3741ms)
✔ the normative secret detector has positive and near-miss coverage (0.3574ms)
✔ [PR03] every rendered summary string slot suppresses secrets with one warning (16.2209ms)
✔ secret-bearing trace names are suppressed on invalid-input diagnostics too (4.3972ms)
✔ trace inspection remains offline, process-free, and adapter-free (5.0811ms)
✔ the V10 executor dogfood trace is bounded, inspectable, and repeatable (361.0983ms)
✔ the V10 dogfood harness removes its owned workspace after an injected failure (10.6426ms)
✔ dogfood context reads accept regular files inside the repository root (31.1575ms)
✔ dogfood context verification rejects bytes changed by an LF clean filter (1.0973ms)
✔ dogfood context verification accepts LF bytes unchanged by the clean filter (0.4553ms)
✔ dogfood context verification rejects an explicit CRLF checkout before hashing bytes (0.4228ms)
✔ dogfood context verification rejects an active custom Git filter (0.3748ms)
✔ dogfood context verification rejects an active working-tree encoding (0.3411ms)
✔ dogfood context verification rejects a source without an explicit eol policy (0.4223ms)
✔ dogfood context verification rejects an active filter before hashing bytes (0.3031ms)
✔ dogfood context verification rejects ident expansion before hashing bytes (0.3601ms)
✔ dogfood context verification rejects the legacy crlf attribute before hashing bytes (0.4889ms)
✔ dogfood context verification rejects a bare CR under an explicit LF checkout (0.3784ms)
✔ dogfood context verification rejects ambiguous filter names before hashing bytes (0.5507ms)
✔ Git attribute parsing accepts variable unique records and rejects malformed output (1.8605ms)
✔ dogfood context reads reject an in-root junction targeting an external directory (8.8023ms)
✔ dogfood goal and approval controls reject duplicate JSON keys (23.6431ms)
✔ dogfood approval controls reject a parent junction instead of following it (7.4767ms)
✔ dogfood evidence writes reject package-parent redirection before mutation (7.4336ms)
✔ dogfood context verification rejects unsupported source kinds (1.3582ms)
✔ dogfood context verification requires one exact attribute-policy binding (1.1456ms)
✔ every active V11 source is LF clean-filter stable with the attribute policy bound (10819.0834ms)
✔ prelaunch audit authenticates the complete candidate without self-reference (0.835ms)
✔ prelaunch audit forces an independent binder and compilation reviewer (106.6179ms)
✔ launch authorization binds both packages, the verification receipt, and the exact PASS handoff (23.9832ms)
✔ launch authorization rejects malformed, non-PASS, stale, and incomplete audit handoffs (843.426ms)
✔ launch authorization accepts paired supplementary Unicode in free-text handoff fields (13.1714ms)
▶ launch authorization rejects secret-bearing and non-scalar handoff paths
  ✔ lone high surrogate (8.568ms)
  ✔ lone low surrogate (8.4491ms)
  ✔ secret (8.2697ms)
✔ launch authorization rejects secret-bearing and non-scalar handoff paths (26.0623ms)
✔ launch authorization rejects unbound or semantically invalid verification receipts (166.0535ms)
✔ launch authorization rejects stale package bindings and unowned handoff paths (9.9125ms)
✖ host TypeScript entrypoint supply is singular, plain, absolute, and external (23.3489ms)
✔ packed consumer validates and uses the TypeScript entrypoint supply (3.4177ms)
✔ candidate materialization excludes and detects uncommitted verification inputs (102515.1183ms)
✔ candidate Git context is disposable, exact, and usable from the materialization (93134.1427ms)
✔ candidate scratch cleanup supports reverse owner order (3.8029ms)
✔ empty-directory pruning preserves unrelated state (3.7538ms)
✔ canonical command is pinned to the authenticated materialization (0.4407ms)
✔ R2 closes the stronger receipt and all six causal security sources (0.5039ms)
✔ paths mode remains closed and rejects malformed candidate identities (384.9685ms)
✔ candidate-addressed run roots are closed, disjoint, and preserve Candidate 3 evidence (72905.8678ms)
✔ correction lineage requires revisions 1 through 10 and has no terminal count (2.1333ms)
✔ working-tree-only inputs and unsafe handoff paths fail closed (0.6018ms)
✔ post-commit gate evidence is captured outside the candidate without self-reference (0.6113ms)
✔ reviewer snapshots and tooling identity use exact candidate Git blobs (1.6507ms)
✔ revision 9 package and handoff verification rejects substituted bytes (193.1177ms)
ℹ tests 405
ℹ suites 0
ℹ pass 404
ℹ fail 1
ℹ cancelled 0
ℹ skipped 0
ℹ todo 0
ℹ duration_ms 198464.3876

✖ failing tests:

test at test\v12-release-gate.test.mjs:66:1
✖ host TypeScript entrypoint supply is singular, plain, absolute, and external (23.3489ms)
  Error: ENOENT: no such file or directory, lstat 'C:\tmp\swecircuit-identity-main\.local\v12-release-gate\candidate-FG9I6p\node_modules\typescript\bin\tsc'
      at lstatSync (node:fs:1701:25)
      at plainRegularFileRealPath (file:///C:/tmp/swecircuit-identity-main/.local/v12-release-gate/candidate-FG9I6p/scripts/run-v12-release-gate.mjs:65:17)
      at Object.resolveHostTypeScriptEntrypoint (file:///C:/tmp/swecircuit-identity-main/.local/v12-release-gate/candidate-FG9I6p/scripts/run-v12-release-gate.mjs:87:22)
      at resolveSupply (file:///C:/tmp/swecircuit-identity-main/.local/v12-release-gate/candidate-FG9I6p/test/v12-release-gate.test.mjs:75:29)
      at TestContext.<anonymous> (file:///C:/tmp/swecircuit-identity-main/.local/v12-release-gate/candidate-FG9I6p/test/v12-release-gate.test.mjs:88:31)
      at async Test.run (node:internal/test_runner/test:1125:7)
      at async startSubtestAfterBootstrap (node:internal/test_runner/harness:358:3) {
    errno: -4058,
    code: 'ENOENT',
    syscall: 'lstat',
    path: 'C:\\tmp\\swecircuit-identity-main\\.local\\v12-release-gate\\candidate-FG9I6p\\node_modules\\typescript\\bin\\tsc'
  }
