scripts\run-v12-dogfood.mjs:34:11 lint/style/useTemplate  FIXABLE  ━━━━━━━━━━━━━━━━━━━━━━━━━━━━━━━━━

  i Template literals are preferred over string concatenation.
  
    32 │   {
    33 │     revision: 1,
  > 34 │     root: RELEASE_CORRECTION_BASE + "/release-correction",
       │           ^^^^^^^^^^^^^^^^^^^^^^^^^^^^^^^^^^^^^^^^^^^^^^^
    35 │     expectation: {
    36 │       compilationDigest: "sha256:45fa97ffb1fdb7f95ae33203e9f727c0f66c27a1b2fa344f06a9569b165ae4c2",
  
  i Unsafe fix: Use a template literal.
  
      32   32 │     {
      33   33 │       revision: 1,
      34      │ - ····root:·RELEASE_CORRECTION_BASE·+·"/release-correction",
           34 │ + ····root:·`${RELEASE_CORRECTION_BASE}/release-correction`,
      35   35 │       expectation: {
      36   36 │         compilationDigest: "sha256:45fa97ffb1fdb7f95ae33203e9f727c0f66c27a1b2fa344f06a9569b165ae4c2",
  

scripts\run-v12-dogfood.mjs:75:11 lint/style/useTemplate  FIXABLE  ━━━━━━━━━━━━━━━━━━━━━━━━━━━━━━━━━

  i Template literals are preferred over string concatenation.
  
    73 │   {
    74 │     revision: 2,
  > 75 │     root: RELEASE_CORRECTION_BASE + "/release-correction-r2",
       │           ^^^^^^^^^^^^^^^^^^^^^^^^^^^^^^^^^^^^^^^^^^^^^^^^^^
    76 │     expectation: {
    77 │       compilationDigest: "sha256:ce22dcd5bc7b96d7399fa792ab9ab35c0b10af9a0a4c437fd3d184dfe3eec672",
  
  i Unsafe fix: Use a template literal.
  
      73   73 │     {
      74   74 │       revision: 2,
      75      │ - ····root:·RELEASE_CORRECTION_BASE·+·"/release-correction-r2",
           75 │ + ····root:·`${RELEASE_CORRECTION_BASE}/release-correction-r2`,
      76   76 │       expectation: {
      77   77 │         compilationDigest: "sha256:ce22dcd5bc7b96d7399fa792ab9ab35c0b10af9a0a4c437fd3d184dfe3eec672",
  

scripts\run-v12-release-gate.mjs:110:21 lint/style/useTemplate  FIXABLE  ━━━━━━━━━━━━━━━━━━━━━━━━━━━

  i Template literals are preferred over string concatenation.
  
    108 │     return new TextDecoder("utf-8", { fatal: true }).decode(bytes);
    109 │   } catch {
  > 110 │     throw new Error(label + " is not strict UTF-8.");
        │                     ^^^^^^^^^^^^^^^^^^^^^^^^^^^^^^^
    111 │   }
    112 │ }
  
  i Unsafe fix: Use a template literal.
  
    108 108 │       return new TextDecoder("utf-8", { fatal: true }).decode(bytes);
    109 109 │     } catch {
    110     │ - ····throw·new·Error(label·+·"·is·not·strict·UTF-8.");
        110 │ + ····throw·new·Error(`${label}·is·not·strict·UTF-8.`);
    111 111 │     }
    112 112 │   }
  

scripts\run-v12-release-gate.mjs:116:66 lint/style/useTemplate  FIXABLE  ━━━━━━━━━━━━━━━━━━━━━━━━━━━

  i Template literals are preferred over string concatenation.
  
    114 │ function nulRecords(bytes, label) {
    115 │   const input = Buffer.from(bytes);
  > 116 │   requireCondition(input.byteLength === 0 || input.at(-1) === 0, label + " is not NUL terminated.");
        │                                                                  ^^^^^^^^^^^^^^^^^^^^^^^^^^^^^^^^^
    117 │   const records = [];
    118 │   let start = 0;
  
  i Unsafe fix: Use a template literal.
  
    114 114 │   function nulRecords(bytes, label) {
    115 115 │     const input = Buffer.from(bytes);
    116     │ - ··requireCondition(input.byteLength·===·0·||·input.at(-1)·===·0,·label·+·"·is·not·NUL·terminated.");
        116 │ + ··requireCondition(input.byteLength·===·0·||·input.at(-1)·===·0,·`${label}·is·not·NUL·terminated.`);
    117 117 │     const records = [];
    118 118 │     let start = 0;
  

scripts\run-v12-release-gate.mjs:136:5 lint/style/useTemplate  FIXABLE  ━━━━━━━━━━━━━━━━━━━━━━━━━━━━

  i Template literals are preferred over string concatenation.
  
    134 │       !/[\u0000-\u001f\u007f]/u.test(path) &&
    135 │       !path.includes("\\"),
  > 136 │     "Candidate tree contains an unsafe path: " + JSON.stringify(path) + ".",
        │     ^^^^^^^^^^^^^^^^^^^^^^^^^^^^^^^^^^^^^^^^^^^^^^^^^^^^^^^^^^^^^^^^^^^^^^^
    137 │   );
    138 │   const segments = path.split("/");
  
  i Unsafe fix: Use a template literal.
  
    134 134 │         !/[\u0000-\u001f\u007f]/u.test(path) &&
    135 135 │         !path.includes("\\"),
    136     │ - ····"Candidate·tree·contains·an·unsafe·path:·"·+·JSON.stringify(path)·+·".",
        136 │ + ····`Candidate·tree·contains·an·unsafe·path:·${JSON.stringify(path)}.`,
    137 137 │     );
    138 138 │     const segments = path.split("/");
  

scripts\run-v12-release-gate.mjs:147:5 lint/style/useTemplate  FIXABLE  ━━━━━━━━━━━━━━━━━━━━━━━━━━━━

  i Template literals are preferred over string concatenation.
  
    145 │         segment.toLowerCase() !== ".git",
    146 │     ),
  > 147 │     "Candidate tree contains an unsafe path: " + JSON.stringify(path) + ".",
        │     ^^^^^^^^^^^^^^^^^^^^^^^^^^^^^^^^^^^^^^^^^^^^^^^^^^^^^^^^^^^^^^^^^^^^^^^
    148 │   );
    149 │   return { path, segments };
  
  i Unsafe fix: Use a template literal.
  
    145 145 │           segment.toLowerCase() !== ".git",
    146 146 │       ),
    147     │ - ····"Candidate·tree·contains·an·unsafe·path:·"·+·JSON.stringify(path)·+·".",
        147 │ + ····`Candidate·tree·contains·an·unsafe·path:·${JSON.stringify(path)}.`,
    148 148 │     );
    149 149 │     return { path, segments };
  

scripts\run-v12-release-gate.mjs:153:57 lint/style/useTemplate  FIXABLE  ━━━━━━━━━━━━━━━━━━━━━━━━━━━

  i Template literals are preferred over string concatenation.
  
    152 │ function candidateTree(candidateCommit) {
  > 153 │   const commitResult = runGit(["rev-parse", "--verify", candidateCommit + "^{commit}"]);
        │                                                         ^^^^^^^^^^^^^^^^^^^^^^^^^^^^^
    154 │   requireCondition(commitResult.status === 0, "Unable to resolve candidate commit.");
    155 │   requireCondition(
  
  i Unsafe fix: Use a template literal.
  
    151 151 │   
    152 152 │   function candidateTree(candidateCommit) {
    153     │ - ··const·commitResult·=·runGit(["rev-parse",·"--verify",·candidateCommit·+·"^{commit}"]);
        153 │ + ··const·commitResult·=·runGit(["rev-parse",·"--verify",·`${candidateCommit}^{commit}`]);
    154 154 │     requireCondition(commitResult.status === 0, "Unable to resolve candidate commit.");
    155 155 │     requireCondition(
  

scripts\run-v12-release-gate.mjs:160:55 lint/style/useTemplate  FIXABLE  ━━━━━━━━━━━━━━━━━━━━━━━━━━━

  i Template literals are preferred over string concatenation.
  
    158 │   );
    159 │ 
  > 160 │   const treeResult = runGit(["rev-parse", "--verify", candidateCommit + "^{tree}"]);
        │                                                       ^^^^^^^^^^^^^^^^^^^^^^^^^^^
    161 │   requireCondition(treeResult.status === 0, "Unable to resolve candidate tree.");
    162 │   const tree = Buffer.from(treeResult.stdout).toString("ascii").trim();
  
  i Unsafe fix: Use a template literal.
  
    158 158 │     );
    159 159 │   
    160     │ - ··const·treeResult·=·runGit(["rev-parse",·"--verify",·candidateCommit·+·"^{tree}"]);
        160 │ + ··const·treeResult·=·runGit(["rev-parse",·"--verify",·`${candidateCommit}^{tree}`]);
    161 161 │     requireCondition(treeResult.status === 0, "Unable to resolve candidate tree.");
    162 162 │     const tree = Buffer.from(treeResult.stdout).toString("ascii").trim();
  

scripts\run-v12-release-gate.mjs:180:38 lint/style/useTemplate  FIXABLE  ━━━━━━━━━━━━━━━━━━━━━━━━━━━

  i Template literals are preferred over string concatenation.
  
    178 │   for (const entry of entries) {
    179 │     const key = process.platform === "win32" ? entry.path.toLowerCase() : entry.path;
  > 180 │     requireCondition(!seen.has(key), "Candidate tree path is not unique: " + entry.path + ".");
        │                                      ^^^^^^^^^^^^^^^^^^^^^^^^^^^^^^^^^^^^^^^^^^^^^^^^^^^^^^^^
    181 │     seen.add(key);
    182 │   }
  
  i Unsafe fix: Use a template literal.
  
    178 178 │     for (const entry of entries) {
    179 179 │       const key = process.platform === "win32" ? entry.path.toLowerCase() : entry.path;
    180     │ - ····requireCondition(!seen.has(key),·"Candidate·tree·path·is·not·unique:·"·+·entry.path·+·".");
        180 │ + ····requireCondition(!seen.has(key),·`Candidate·tree·path·is·not·unique:·${entry.path}.`);
    181 181 │       seen.add(key);
    182 182 │     }
  

scripts\run-v12-release-gate.mjs:189:41 lint/style/useTemplate  FIXABLE  ━━━━━━━━━━━━━━━━━━━━━━━━━━━

  i Template literals are preferred over string concatenation.
  
    187 │ function readGitBlob(objectId) {
    188 │   const result = runGit(["cat-file", "blob", objectId]);
  > 189 │   requireCondition(result.status === 0, "Unable to read candidate blob " + objectId + ".");
        │                                         ^^^^^^^^^^^^^^^^^^^^^^^^^^^^^^^^^^^^^^^^^^^^^^^^^
    190 │   return Buffer.from(result.stdout);
    191 │ }
  
  i Unsafe fix: Use a template literal.
  
    187 187 │   function readGitBlob(objectId) {
    188 188 │     const result = runGit(["cat-file", "blob", objectId]);
    189     │ - ··requireCondition(result.status·===·0,·"Unable·to·read·candidate·blob·"·+·objectId·+·".");
        189 │ + ··requireCondition(result.status·===·0,·`Unable·to·read·candidate·blob·${objectId}.`);
    190 190 │     return Buffer.from(result.stdout);
    191 191 │   }
  

scripts\run-v12-release-gate.mjs:214:10 lint/style/useTemplate  FIXABLE  ━━━━━━━━━━━━━━━━━━━━━━━━━━━

  i Template literals are preferred over string concatenation.
  
    213 │ function finishMaterializationDigest(hash) {
  > 214 │   return "sha256:" + hash.digest("hex");
        │          ^^^^^^^^^^^^^^^^^^^^^^^^^^^^^^
    215 │ }
    216 │ 
  
  i Unsafe fix: Use a template literal.
  
    212 212 │   
    213 213 │   function finishMaterializationDigest(hash) {
    214     │ - ··return·"sha256:"·+·hash.digest("hex");
        214 │ + ··return·`sha256:${hash.digest("hex")}`;
    215 215 │   }
    216 216 │   
  

scripts\run-v12-release-gate.mjs:221:5 lint/style/useTemplate  FIXABLE  ━━━━━━━━━━━━━━━━━━━━━━━━━━━━

  i Template literals are preferred over string concatenation.
  
    219 │   requireCondition(
    220 │     path.startsWith(resolve(root) + sep),
  > 221 │     "Candidate tree path escapes materialization: " + entry.path + ".",
        │     ^^^^^^^^^^^^^^^^^^^^^^^^^^^^^^^^^^^^^^^^^^^^^^^^^^^^^^^^^^^^^^^^^^
    222 │   );
    223 │   return path;
  
  i Unsafe fix: Use a template literal.
  
    219 219 │     requireCondition(
    220 220 │       path.startsWith(resolve(root) + sep),
    221     │ - ····"Candidate·tree·path·escapes·materialization:·"·+·entry.path·+·".",
        221 │ + ····`Candidate·tree·path·escapes·materialization:·${entry.path}.`,
    222 222 │     );
    223 223 │     return path;
  

scripts\run-v12-release-gate.mjs:255:11 lint/style/useTemplate  FIXABLE  ━━━━━━━━━━━━━━━━━━━━━━━━━━━

  i Template literals are preferred over string concatenation.
  
    253 │     for (const child of children) {
    254 │       const repositoryPath = repositoryDirectory
  > 255 │         ? repositoryDirectory + "/" + child.name
        │           ^^^^^^^^^^^^^^^^^^^^^^^^^^^^^^^^^^^^^^
    256 │         : child.name;
    257 │       const path = join(directory, child.name);
  
  i Unsafe fix: Use a template literal.
  
    253 253 │       for (const child of children) {
    254 254 │         const repositoryPath = repositoryDirectory
    255     │ - ········?·repositoryDirectory·+·"/"·+·child.name
        255 │ + ········?·`${repositoryDirectory}/${child.name}`
    256 256 │           : child.name;
    257 257 │         const path = join(directory, child.name);
  

scripts\run-v12-release-gate.mjs:261:11 lint/style/useTemplate  FIXABLE  ━━━━━━━━━━━━━━━━━━━━━━━━━━━

  i Template literals are preferred over string concatenation.
  
    259 │         requireCondition(
    260 │           expectedDirectories.has(repositoryPath),
  > 261 │           "Candidate materialization contains an unexpected directory: " + repositoryPath + ".",
        │           ^^^^^^^^^^^^^^^^^^^^^^^^^^^^^^^^^^^^^^^^^^^^^^^^^^^^^^^^^^^^^^^^^^^^^^^^^^^^^^^^^^^^^
    262 │         );
    263 │         await visit(path, repositoryPath);
  
  i Unsafe fix: Use a template literal.
  
    259 259 │           requireCondition(
    260 260 │             expectedDirectories.has(repositoryPath),
    261     │ - ··········"Candidate·materialization·contains·an·unexpected·directory:·"·+·repositoryPath·+·".",
        261 │ + ··········`Candidate·materialization·contains·an·unexpected·directory:·${repositoryPath}.`,
    262 262 │           );
    263 263 │           await visit(path, repositoryPath);
  

scripts\run-v12-release-gate.mjs:267:11 lint/style/useTemplate  FIXABLE  ━━━━━━━━━━━━━━━━━━━━━━━━━━━

  i Template literals are preferred over string concatenation.
  
    265 │         requireCondition(
    266 │           child.isFile(),
  > 267 │           "Candidate materialization contains a non-regular entry: " + repositoryPath + ".",
        │           ^^^^^^^^^^^^^^^^^^^^^^^^^^^^^^^^^^^^^^^^^^^^^^^^^^^^^^^^^^^^^^^^^^^^^^^^^^^^^^^^^
    268 │         );
    269 │         actualFiles.push(repositoryPath);
  
  i Unsafe fix: Use a template literal.
  
    265 265 │           requireCondition(
    266 266 │             child.isFile(),
    267     │ - ··········"Candidate·materialization·contains·a·non-regular·entry:·"·+·repositoryPath·+·".",
        267 │ + ··········`Candidate·materialization·contains·a·non-regular·entry:·${repositoryPath}.`,
    268 268 │           );
    269 269 │           actualFiles.push(repositoryPath);
  

scripts\run-v12-release-gate.mjs:286:23 lint/style/useTemplate  FIXABLE  ━━━━━━━━━━━━━━━━━━━━━━━━━━━

  i Template literals are preferred over string concatenation.
  
    284 │   requireCondition(
    285 │     dirname(root) === MATERIALIZATION_PARENT &&
  > 286 │       root.startsWith(MATERIALIZATION_PARENT + sep + "candidate-"),
        │                       ^^^^^^^^^^^^^^^^^^^^^^^^^^^^^^^^^^^^^^^^^^^
    287 │     "Refusing to remove an unexpected materialization path.",
    288 │   );
  
  i Unsafe fix: Use a template literal.
  
    284 284 │     requireCondition(
    285 285 │       dirname(root) === MATERIALIZATION_PARENT &&
    286     │ - ······root.startsWith(MATERIALIZATION_PARENT·+·sep·+·"candidate-"),
        286 │ + ······root.startsWith(`${MATERIALIZATION_PARENT·+·sep}candidate-`),
    287 287 │       "Refusing to remove an unexpected materialization path.",
    288 288 │     );
  

src\specialist-handoff-schema-data.ts:438:49 lint/complexity/noUselessStringRaw ━━━━━━━━━━━━━━━━━━━━

  i String.raw is useless when the raw string doesn't contain any escape sequence.
  
    436 │ `;
    437 │ 
  > 438 │ export const SPECIALIST_HANDOFF_SCHEMA_SOURCE = String.raw`{
        │                                                 ^^^^^^^^^^^^
  > 439 │   "$schema": "https://json-schema.org/draft/2020-12/schema",
         ...
  > 624 │   }
  > 625 │ }
  > 626 │ `;
        │ ^
    627 │ 
  
  i Remove the String.raw call because it's useless here, String.raw can deal with string which contains escape sequence like \n, \t, \r, \\, \", \'.
  

src\specialist-run-schema-data.ts:1:45 lint/complexity/noUselessStringRaw ━━━━━━━━━━━━━━━━━━━━━━━━━━

  i String.raw is useless when the raw string doesn't contain any escape sequence.
  
    > 1 │ export const SPECIALIST_RUN_SCHEMA_SOURCE = String.raw`{
        │                                             ^^^^^^^^^^^^
    > 2 │   "$schema": "https://json-schema.org/draft/2020-12/schema",
    > 3 │   "$id": "https://github.com/GarrettAudet/SWECircuit/schemas/v1alpha1/specialist-run.schema.json",
    > 4 │   "title": "SWECircuit Specialist Run v1alpha1",
         ...
  > 721 │   }
  > 722 │ }
  > 723 │ `;
        │ ^
    724 │ 
  
  i Remove the String.raw call because it's useless here, String.raw can deal with string which contains escape sequence like \n, \t, \r, \\, \", \'.
  

src\specialist-schema-data.ts:438:50 lint/complexity/noUselessStringRaw ━━━━━━━━━━━━━━━━━━━━━━━━━━━━

  i String.raw is useless when the raw string doesn't contain any escape sequence.
  
     436 │ `;
     437 │ 
   > 438 │ export const SPECIALIST_COMPILER_SCHEMA_SOURCE = String.raw`{
         │                                                  ^^^^^^^^^^^^
   > 439 │   "$schema": "https://json-schema.org/draft/2020-12/schema",
          ...
  > 1074 │   }
  > 1075 │ }
  > 1076 │ `;
         │ ^
    1077 │ 
  
  i Remove the String.raw call because it's useless here, String.raw can deal with string which contains escape sequence like \n, \t, \r, \\, \", \'.
  

test\specialist-run-foundation.test.mjs:150:35 lint/complexity/noUselessStringRaw ━━━━━━━━━━━━━━━━━━

  i String.raw is useless when the raw string doesn't contain any escape sequence.
  
    148 │ }
    149 │ 
  > 150 │ const NO_FILESYSTEM_READ_SCRIPT = String.raw`
        │                                   ^^^^^^^^^^^
  > 151 │ import assert from "node:assert/strict";
         ...
  > 221 │ process.stdout.write(JSON.stringify({ operation: payload.operation, filesystemReads }));
  > 222 │ `;
        │ ^
    223 │ 
    224 │ test("bundled specialist schemas have exact source parity", async () => {
  
  i Remove the String.raw call because it's useless here, String.raw can deal with string which contains escape sequence like \n, \t, \r, \\, \", \'.
  

file:///C:/tmp/swecircuit-identity-main/.local/v12-release-gate/candidate-yYdtZX/scripts/run-v11-dogfood.mjs:67
  throw new Error(`V11 dogfood: ${message}`);
        ^

Error: V11 dogfood: context mismatch for context.template-checker (scripts/check-template.ps1): expected 80766/sha256:f0d14d1cf7d61f338c588d57b28415cbd045b05ac7b81fa80432373fa1bbf81e, received 78529/sha256:5c6fb77dc0a817be6c137805088b408c32b01bc7fc81ccc3f2cd4874014cf424
    at fail (file:///C:/tmp/swecircuit-identity-main/.local/v12-release-gate/candidate-yYdtZX/scripts/run-v11-dogfood.mjs:67:9)
    at verifyDogfoodContext (file:///C:/tmp/swecircuit-identity-main/.local/v12-release-gate/candidate-yYdtZX/scripts/run-v11-dogfood.mjs:290:7)
    at compileCandidate (file:///C:/tmp/swecircuit-identity-main/.local/v12-release-gate/candidate-yYdtZX/scripts/run-v11-dogfood.mjs:524:19)
    at buildCandidate (file:///C:/tmp/swecircuit-identity-main/.local/v12-release-gate/candidate-yYdtZX/scripts/run-v11-dogfood.mjs:548:10)
    at runV11Dogfood (file:///C:/tmp/swecircuit-identity-main/.local/v12-release-gate/candidate-yYdtZX/scripts/run-v11-dogfood.mjs:1545:21)
    at file:///C:/tmp/swecircuit-identity-main/.local/v12-release-gate/candidate-yYdtZX/scripts/run-v11-dogfood.mjs:1634:3
    at ModuleJob.run (node:internal/modules/esm/module_job:430:25)
    at async onImport.tracePromise.__proto__ (node:internal/modules/esm/loader:661:26)
    at async asyncRunEntryPointWithESMLoader (node:internal/modules/run_main:101:5)

Node.js v24.14.1
npm notice
npm notice New minor version of npm available! 11.11.0 -> 11.18.0
npm notice Changelog: https://github.com/npm/cli/releases/tag/v11.18.0
npm notice To update run: npm install -g npm@11.18.0
npm notice
