
> swecircuit@0.0.0 verify
> npm run format:check && npm run lint && npm run typecheck && npm test && npm run example:specialist && npm run dogfood:v10 && npm run dogfood:v11 && npm run dogfood:v12 && npm run pack:check && npm run consumer:check


> swecircuit@0.0.0 format:check
> biome format src test schemas examples/specialist-compiler scripts/run-v9-dogfood.mjs scripts/run-v10-dogfood.mjs scripts/run-v11-dogfood.mjs scripts/run-v12-dogfood.mjs scripts/run-v12-release-gate.mjs scripts/check-packed-consumer.mjs scripts/fixtures/packed-consumer-host.ts package.json tsconfig.json biome.json

Checked 95 files in 163ms. No fixes applied.

> swecircuit@0.0.0 lint
> biome lint src test examples/specialist-compiler scripts/run-v9-dogfood.mjs scripts/run-v10-dogfood.mjs scripts/run-v11-dogfood.mjs scripts/run-v12-dogfood.mjs scripts/run-v12-release-gate.mjs scripts/check-packed-consumer.mjs scripts/fixtures/packed-consumer-host.ts

The number of diagnostics exceeds the limit allowed. Use --max-diagnostics to increase it.
Diagnostics not shown: 51.
Checked 81 files in 97ms. No fixes applied.
Found 71 infos.

> swecircuit@0.0.0 typecheck
> tsc -p tsconfig.json --noEmit


> swecircuit@0.0.0 test
> npm run build --silent && node --test test/*.test.mjs

✔ the internal CLI exposes one fixed help surface (371.4998ms)
✔ init, validate, and inspect human output comes from library summaries (2289.1339ms)
✔ JSON mode writes exactly one operation result to stdout for success and failure (1227.6775ms)
✔ human failures use stderr and never print a success summary (339.4206ms)
✔ human warning results keep success on stdout and warnings on stderr (458.1455ms)
▶ invalid commands and option shapes deterministically emit cli.usage
  ✔ missing command (239.9771ms)
  ✔ unknown command (236.0127ms)
  ✔ unknown option (229.0144ms)
  ✔ duplicate option (209.6453ms)
  ✔ extra positional (220.0942ms)
  ✔ inspect missing trace (217.4402ms)
  ✔ trace on validate (203.4958ms)
  ✔ project id on validate (220.0377ms)
  ✔ command help (219.9174ms)
✔ invalid commands and option shapes deterministically emit cli.usage (2220.612ms)
✔ unexpected operation throws become one sanitized internal failure (2.1304ms)
✔ the CLI remains a renderer-only internal surface (0.7344ms)
✔ the V9 dogfood circuit is measured, bounded, and semantically repeatable (8411.703ms)
✔ the V9 dogfood harness removes its owned workspace after an injected failure (1686.1183ms)
✔ the V9 dogfood harness cleans up when setup fails after ownership capture (5.2123ms)
✔ the committed observation digest and caller-owned retry trace stay linked (371.0757ms)
✔ one valid packet executes once and returns an immutable V9-compatible journal (398.6296ms)
✔ normal class executors can implement the public port (8.4882ms)
✔ operation success stays separate from declared work failure (7.7592ms)
▶ every preflight rejection prevents executor invocation
  ✔ null packet (7.0726ms)
  ✔ null manifest (1.7172ms)
  ✔ wrong packet kind (6.4974ms)
  ✔ incompatible manifest kind (1.6764ms)
  ✔ manifest declares kernel-owned output (1.4685ms)
  ✔ executor identity mismatch (1.3911ms)
  ✔ malformed grant (1.1144ms)
  ✔ invalid timeout policy (1.0851ms)
✔ every preflight rejection prevents executor invocation (24.3299ms)
▶ permission grants fail closed in every direction
  ✔ grant misses a manifest request (1.3822ms)
  ✔ grant adds unrequested authority (1.3037ms)
  ✔ grant exceeds packet ceiling (1.1608ms)
  ✔ broad request is not covered by narrow grant (1.0683ms)
  ✔ broad grant is not covered by narrow request (1.1507ms)
✔ permission grants fail closed in every direction (7.1941ms)
▶ throws and malformed settlements become fixed failures without raw values
  ✔ throw (3.1173ms)
  ✔ malformed extra field (2.3968ms)
  ✔ secret evidence (2.3392ms)
✔ throws and malformed settlements become fixed failures without raw values (8.659ms)
✔ fulfillment observation detaches settlement before later mutation (2.8133ms)
▶ return-bound input canaries fail preflight without leaking
  ✔ run ID (1.1466ms)
  ✔ attempt ID (0.9556ms)
  ✔ correlation ID (1.0658ms)
  ✔ packet ID (0.9974ms)
  ✔ grant ID (1.2064ms)
  ✔ issuer (0.9984ms)
  ✔ executor ID (0.9483ms)
✔ return-bound input canaries fail preflight without leaking (8.6368ms)
▶ already-aborted and already-expired work never invokes the executor
  ✔ caller abort (5.9951ms)
  ✔ packet deadline (2.6821ms)
✔ already-aborted and already-expired work never invokes the executor (9.251ms)
▶ acknowledged caller cancellation and timeout produce exact terminal journals
  ✔ caller cancellation (3.4277ms)
  ✔ deadline (3.7175ms)
✔ acknowledged caller cancellation and timeout produce exact terminal journals (7.7776ms)
✔ an unacknowledged abort remains non-terminal and late rejection is observed (3.0468ms)
✔ completion observed at or after the absolute deadline cannot become success (4.0987ms)
✔ an early deadline wake-up re-arms instead of cancelling work (2.0458ms)
✔ settlement outside the abort acknowledgement window stays unconfirmed (2.2198ms)
▶ hostile proxies and forged signals fail closed without escaping the API
  ✔ revoked work packet (1.389ms)
  ✔ revoked options (0.5771ms)
  ✔ live proxy traps are not invoked (0.9282ms)
  ✔ revoked AbortSignal proxy (0.9245ms)
  ✔ forged AbortSignal (1.0155ms)
  ✔ revoked settlement (1.6418ms)
✔ hostile proxies and forged signals fail closed without escaping the API (7.6699ms)
▶ snapshot depth and node ceilings reject work before executor invocation
  ✔ huge sparse array (1.6593ms)
  ✔ small sparse array (1.1332ms)
  ✔ dense oversized object (268.7908ms)
  ✔ excessive depth (2.2231ms)
✔ snapshot depth and node ceilings reject work before executor invocation (275.2679ms)
▶ the final invocation gate catches cancellation and deadline changes
  ✔ caller abort while the deadline timer is armed (9.8629ms)
  ✔ deadline reached after the final gate read (2.3011ms)
  ✔ deadline reached while the deadline timer is armed (2.3615ms)
✔ the final invocation gate catches cancellation and deadline changes (15.727ms)
▶ abort cause uses the first observed monotonic event
  ✔ caller observed before deadline remains caller (3.721ms)
  ✔ caller first observed after deadline is deadline (2.8562ms)
✔ abort cause uses the first observed monotonic event (7.1854ms)
▶ direct inputs are detached, bounded, and accessor-free
  ✔ cycle (1.1245ms)
  ✔ accessor (1.6365ms)
  ✔ source mutation cannot change executor input (3.6878ms)
✔ direct inputs are detached, bounded, and accessor-free (7.2352ms)
✔ initialization creates the smallest valid project with frozen bytes (354.2024ms)
✔ an explicit project ID wins and initialization never discovers an ancestor (37.1404ms)
✔ default project ID transformation is exact across edge cases (169.0009ms)
✔ invalid explicit IDs fail before creating owned paths (3.5252ms)
✔ repeated initialization reports every owned collision without changing output (36.1253ms)
✔ manifest collisions preserve exact bytes and do not create a catalog (4.6998ms)
✔ catalog collisions preserve existing content and do not create a manifest (4.7688ms)
✔ a linked catalog is a collision and its target is never changed (7.5005ms)
✔ invalid and missing target roots fail without creating paths (2.7256ms)
▶ every initialization checkpoint fails closed and rolls back owned entries
  ✔ beforeCatalogCreate (5.6987ms)
  ✔ afterCatalogCreate (7.6829ms)
  ✔ beforeModulesCreate (7.3895ms)
  ✔ afterModulesCreate (9.095ms)
  ✔ beforeCircuitsCreate (14.4726ms)
  ✔ afterCircuitsCreate (13.6921ms)
  ✔ beforeManifestOpen (10.8611ms)
  ✔ afterManifestOpen (20.7795ms)
  ✔ afterManifestWrite (15.6148ms)
  ✔ afterManifestFsync (18.6899ms)
  ✔ beforeValidation (20.7169ms)
  ✔ afterValidation (24.6943ms)
  ✔ beforeManifestClose (27.5765ms)
✔ every initialization checkpoint fails closed and rolls back owned entries (200.2207ms)
▶ successful creations that fail before identity capture are preserved and reported
  ✔ afterCatalogCreateBeforeCapture (4.2667ms)
  ✔ afterModulesCreateBeforeCapture (5.9581ms)
  ✔ afterCircuitsCreateBeforeCapture (9.5475ms)
  ✔ afterManifestOpenBeforeCapture (12.5764ms)
✔ successful creations that fail before identity capture are preserved and reported (33.2562ms)
✔ non-empty rollback targets survive with an explicit cleanup diagnostic (8.2273ms)
✔ identity-changed rollback targets and displaced entries are preserved (12.1611ms)
✔ two coordinated processes produce exactly one initialized project (916.7939ms)
✔ initialization and generated-project validation stay offline and process-free (58.0988ms)
✔ initializer source has no network, process, or adapter execution surface (0.6945ms)
✔ runtime diagnostic definitions exactly match the normative catalog (4.0568ms)
✔ strict JSON parsing rejects invalid UTF-8, syntax extensions, duplicate keys, and unsafe numbers (11.7832ms)
✔ strict JSON parsing enforces artifact byte and depth ceilings before validation (140.9224ms)
✔ dispatch fails closed with stable version and kind diagnostics (1.1533ms)
✔ schema failures normalize permission, privacy, and stop-condition policy (362.7466ms)
✔ diagnostics are sanitized, deduplicated, and sorted deterministically (2.7554ms)
✔ an explicit minimal project validates without discovery or optional adapters (290.6675ms)
✔ a complete parallel project validates module routing, ownership, joins, and ceilings (68.75ms)
▶ project loading rejects lexical escapes and every portable forbidden path form
  ✔ parent (5.4043ms)
  ✔ posix absolute (6.2686ms)
  ✔ windows absolute (4.6483ms)
  ✔ unc (9.9765ms)
  ✔ device (5.2755ms)
  ✔ alternate stream (4.8687ms)
  ✔ URI (4.2165ms)
  ✔ backslash (5.1361ms)
  ✔ lone high surrogate (4.1878ms)
  ✔ lone low surrogate (6.2267ms)
✔ project loading rejects lexical escapes and every portable forbidden path form (58.6428ms)
✔ project loading distinguishes missing references, non-files, and safe I/O failures (15.4416ms)
✔ contained missing-file diagnostics suppress secret-bearing artifact names (5.3542ms)
▶ explicit project roots reject remote, device, stream, and control forms before I/O
  ✔ file URI (0.3258ms)
  ✔ network URI (0.2135ms)
  ✔ slash UNC (0.1421ms)
  ✔ backslash UNC (0.1074ms)
  ✔ device path (0.1229ms)
  ✔ alternate stream (0.1124ms)
  ✔ control character (0.2722ms)
  ✔ lone high surrogate (0.123ms)
  ✔ lone low surrogate (0.1167ms)
✔ explicit project roots reject remote, device, stream, and control forms before I/O (2.7264ms)
✔ project loading rejects links below the trust root (7.9204ms)
✔ project loading rejects external links without dereferencing their target (7.949ms)
✔ project validation accepts a root reached through an aliased ancestor (6.4344ms)
✔ canonical containment distinguishes internal aliases from resolved escape (1.1893ms)
✔ project references fail closed for wrong kinds and duplicate identities (105.1485ms)
✔ reference and graph diagnostics identify undeclared outcomes, ports, and fan-in (289.1754ms)
✔ every project and graph reference class emits reference.not-found (218.7816ms)
✔ cycles, fan-out ownership, and permission ceilings are enforced semantically (147.1634ms)
✔ multi-node cycles require a bound on every cyclic route (106.8153ms)
✔ fan-out declarations and entry reachability stay structurally consistent (97.5059ms)
✔ permission grammar covers every kind and filesystem prefix boundaries (257.3385ms)
✔ project and circuit collection ceilings emit dedicated limit diagnostics (1571.624ms)
✔ the documented source-checkout example is repeatable and read-only (3260.6217ms)
✔ the documented initialization grammar works in a temporary project (2249.7084ms)
✔ the quick start remains a private source-checkout interface (1.21ms)
✔ all v1alpha1 schemas compile together in strict Ajv 2020 mode (299.5946ms)
✔ one canonical fixture for every supported kind passes its schema (306.5655ms)
✔ schema and fixture paths are repository-owned local files (0.4613ms)
✔ the diagnostic catalog and adversarial matrix are closed and internally consistent (13.1272ms)
✔ every concrete object boundary in all six valid fixtures rejects unknown fields (340.7173ms)
✔ the parallel circuit fixture declares fan-out, bounded work ownership, and one fan-in policy (164.7649ms)
✔ schema boundaries reject permission, privacy, compatibility, and terminal-state ambiguity (213.2305ms)
✔ minimal projects and timestamp-free events remain valid (164.9972ms)
✔ package schemas use only local package-owned references and strict known keywords (42.7119ms)
✔ strict parser fixtures expose syntax and duplicate-key failures (7.9342ms)
✔ golden specialist selection: one-agent-optimal (235.0161ms)
✔ golden specialist selection: genuinely-parallel (12.0516ms)
✔ golden specialist selection: under-split (7.2212ms)
✔ golden specialist selection: over-split (8.3124ms)
✔ golden specialist selection: conflict-heavy (18.8854ms)
✔ golden specialist selection: generic-role (5.6537ms)
✔ candidate analysis exposes deterministic rejection evidence when no team is eligible (12.0118ms)
✔ candidate analysis and compilation select the same exact team (8.5609ms)
✔ generated team and agent identifiers retain the full SHA-256 suffix (8.7126ms)
✔ selected blueprints close exact ownership, authority, context, evidence, handoff, and digests (44.0318ms)
✔ exact search evaluates every allowed canonical partition through the declared limit (2879.4263ms)
✔ fixed scheduler prioritizes the longer remaining critical path (8.9954ms)
✔ fixed scheduler breaks equal critical paths by longer duration (12.7071ms)
✔ fixed scheduler breaks remaining ties by agent ID (4.6686ms)
✔ fixed scheduler enforces maximum concurrency (7.1486ms)
✔ fixed scheduler serializes declared conflict zones (5.1583ms)
✔ fixed scheduler releases dependencies after the handoff cost (4.8766ms)
✔ above-limit goals use deterministic bounded structural candidates without an optimum claim (30.1568ms)
✔ every supplied proposal remains inspectable beyond the retained-alternative window (20.2707ms)
✔ logical array and object-key permutations produce byte-identical compiled semantics (39.2645ms)
✔ compiled values are deeply frozen and detached from mutable caller input (4.7202ms)
✔ reviewed assumptions and nonblocking decisions are digest-bound and rendered (16.6173ms)
✔ blocking unresolved decisions reject before team construction (1.9286ms)
✔ selection reason reports the first decisive baseline comparison (15.6571ms)
✔ repository locators reject leading and nested dot or parent segments (5.5547ms)
✔ repository locator paths cannot exceed their declared read scope (5.4889ms)
✔ authority, context, and evidence violations reject before a launchable roster exists (15.9368ms)
✔ goal dependency cycles and partition-induced agent cycles are rejected (10.8806ms)
✔ generic role and provider/runtime extensions fail closed while exact ownership stays supply-free (11.929ms)
✔ C1 controls fail closed before diagnostics or rendering (18.8614ms)
✔ Unicode bidi controls fail closed before diagnostics or rendering (42.9105ms)
✔ bounded UTF-8 measurement matches raw and JSON encoding boundaries (0.3377ms)
✔ secret-bearing unknown property keys stop at the parent before schema validation (2.1984ms)
✔ oversized compiler input rejects before serialization or UTF-8 buffer allocation (11.2925ms)
✔ secret-bearing input is rejected without echoing the secret (1.4342ms)
✔ digest tampering fails verification and renderer reconstruction (14.3804ms)
✔ renderer output is deterministic and binds paths, blueprints, bytes, and compilation (147.7022ms)
✔ package verification rejects oversized content before UTF-8 buffer allocation (78.4771ms)
✔ trusted package verification succeeds and coordinated recomputation cannot reuse approval (43.7415ms)
✔ rendered manifest binds every emitted contract and integration file digest (16.2742ms)
✔ first-run specialist example is deterministic, approval-bound, and read-only (1509.6905ms)
✔ first-run specialist example rejects a stale source approval before compilation (621.1219ms)
✔ first-run approval parsing is bounded, strict UTF-8, and duplicate-aware (1356.7029ms)
✔ first-run approval objects reject unknown fields at every boundary (1006.4568ms)
✔ first-run source paths reject unsafe, non-scalar, and secret-bearing forms before I/O (3235.8342ms)
✔ first-run source reads reject directories and external junction targets (462.3383ms)
✔ first-run rejects secret-bearing approval paths without echoing them (232.4998ms)
✔ raw specialist handoffs verify exact package, blueprint, evidence, and artifact bindings (373.3307ms)
✔ handoff verification fails closed on stale identity, incomplete evidence, malformed JSON, and secrets (128.1839ms)
✔ handoff verification binds artifact media types and permits only normalized LF controls (79.5308ms)
✔ fan-in is ready only for one PASS handoff from every exact transitive dependency (58.6753ms)
✔ fan-in rejects valid handoffs from agents outside the target dependency closure (26.1316ms)
✔ handoff byte boundaries reject proxies and accessors without invoking caller code (35.6352ms)
✔ decoded handoff overflow is SC4402 while malformed base64 remains SC4401 (570.7468ms)
✔ bundled specialist schemas have exact source parity (4.9602ms)
✔ create, restore, inspect, and record perform no first-use filesystem reads (3359.9649ms)
✔ inspection derives manifest contracts, DAG statuses, evidence, and complete-roster readiness (6222.7975ms)
✔ inspection closes every non-pass route and marks all unsettled work session-routed (3507.128ms)
✔ public run constants, operations, schema export, and V11 compatibility are exact (5.4724ms)
✔ the strict schema accepts both canonical roots and closes every nested object (15.7803ms)
✔ schema boundaries and every workflow route remain exact (131.0857ms)
✔ recording is monotonic, dependency-gated, replay-safe, and source-preserving (777.1687ms)
✔ every verified non-pass outcome records once and terminally routes later work (1338.2936ms)
✔ recording applies validation and handoff diagnostic precedence without caller mutation (127.4765ms)
✔ root, chain, diamond, fan-out, fan-in, disconnected, and complete DAGs agree with V11 (8728.7657ms)
✔ all valid independent arrival permutations converge to one session and inspection (7098.3288ms)
✔ fresh-process restore and inspection preserve canonical semantics without host state (538.5462ms)
✔ restore, expectation, caller-code, and coordinated-substitution attacks fail closed (90.9422ms)
✔ handoff attacks, transition precedence, replay, and every non-pass route are closed (866.7922ms)
✔ the 16-agent maximum-handoff aggregate converges below conservative run safeguards (98488.0389ms)
✔ raw handoff and run input boundaries reject one-unit excess without truncation (6592.2272ms)
✔ the specialist schemas and every definition compile in strict Ajv 2020 mode (280.0434ms)
✔ the specialist schema accepts its two canonical closed input kinds (134.4752ms)
✔ the handoff schema accepts every canonical outcome and remains closed (74.3777ms)
✔ every concrete specialist input object boundary rejects provider-shaped fields (103.9683ms)
✔ role and runtime supply cannot enter goal, request, work, or proposal contracts (106.8017ms)
✔ repository context requires readScope and external context forbids it (90.9773ms)
✔ permission kinds are the exact provider-neutral schema set (113.9332ms)
✔ specialist references stay inside package-owned v1alpha1 schemas (39.0378ms)
✔ TypeScript ESM output loads with the approved production dependencies (90.4714ms)
✔ inspection reconstructs interleaved runs, parallel attempts, retries, outcomes, and evidence (356.0045ms)
▶ [T12] zero-event terminators are accepted once and rejected when repeated
  ✔ empty-file (3.9929ms)
  ✔ single-final-lf (3.821ms)
  ✔ single-final-crlf (3.8373ms)
  ✔ repeated-final-lf (4.8736ms)
  ✔ repeated-final-crlf (4.1332ms)
✔ [T12] zero-event terminators are accepted once and rejected when repeated (22.2011ms)
✔ logical order accepts valid same-run backward causation and ignores timestamps (5.5432ms)
▶ sequence, event identity, and causation diagnostics are deterministic
  ✔ duplicate sequence (5.2105ms)
  ✔ regressing sequence (4.9759ms)
  ✔ duplicate event id (7.622ms)
  ✔ missing cause (5.752ms)
  ✔ forward cause (4.7199ms)
  ✔ cross-run cause (9.5158ms)
✔ sequence, event identity, and causation diagnostics are deterministic (39.4051ms)
▶ [T14] every legal attempt transition is accepted
  ✔ queued-to-running (5.4693ms)
  ✔ queued-to-cancelled (7.2079ms)
  ✔ running-to-input_required (5.1787ms)
  ✔ running-to-completed (5.6293ms)
  ✔ running-to-failed (4.655ms)
  ✔ running-to-cancelled (5.0702ms)
  ✔ running-to-timed_out (6.9725ms)
  ✔ input_required-to-running (5.1423ms)
  ✔ input_required-to-cancelled (4.8989ms)
  ✔ input_required-to-timed_out (6.2436ms)
✔ [T14] every legal attempt transition is accepted (58.3911ms)
▶ [T04] every disallowed non-terminal transition is rejected
  ✔ queued-to-queued (4.7354ms)
  ✔ queued-to-input_required (4.4922ms)
  ✔ queued-to-completed (4.6348ms)
  ✔ queued-to-failed (47.1137ms)
  ✔ queued-to-timed_out (5.8873ms)
  ✔ running-to-queued (4.8979ms)
  ✔ running-to-running (4.8399ms)
  ✔ input_required-to-queued (5.0611ms)
  ✔ input_required-to-input_required (4.6017ms)
  ✔ input_required-to-completed (4.9915ms)
  ✔ input_required-to-failed (4.8431ms)
✔ [T04] every disallowed non-terminal transition is rejected (100.0695ms)
▶ [T05] every terminal attempt state is immutable
  ✔ completed (5.3855ms)
  ✔ failed (8.1858ms)
  ✔ cancelled (4.8312ms)
  ✔ timed_out (6.6385ms)
✔ [T05] every terminal attempt state is immutable (25.9561ms)
✔ heartbeat, cancellation request, and explicit timeout events are accepted in valid states (7.0055ms)
▶ attempt transition and terminal-state violations use their dedicated diagnostics
  ✔ new non-retry must start queued (11.103ms)
  ✔ queued cannot complete directly (7.9041ms)
  ✔ terminal state is immutable (10.7101ms)
  ✔ heartbeat is state-gated (5.1522ms)
✔ attempt transition and terminal-state violations use their dedicated diagnostics (35.8499ms)
▶ [T07] heartbeat and cancellation requests are state-gated
  ✔ heartbeat (4.967ms)
  ✔ cancellation-request (6.5716ms)
✔ [T07] heartbeat and cancellation requests are state-gated (12.2748ms)
▶ [T10] every attempt-bearing non-state event requires an earlier attempt
  ✔ heartbeat (4.4158ms)
  ✔ outcome (8.8149ms)
  ✔ evidence (4.9276ms)
✔ [T10] every attempt-bearing non-state event requires an earlier attempt (18.9778ms)
▶ [T09] retry lineage rejects wrong, completed, and forked predecessors
  ✔ wrong-predecessor (4.823ms)
  ✔ completed-parent (4.9391ms)
  ✔ forked-successor (4.9467ms)
✔ [T09] retry lineage rejects wrong, completed, and forked predecessors (15.6194ms)
▶ [T06/T08/T11] retry declarations and attempt identity use dedicated diagnostics
  ✔ T06:missing-link (4.9315ms)
  ✔ T06:not-queued (5.9387ms)
  ✔ T08:metadata-change (6.4932ms)
  ✔ T08:duplicate-work-packet-number (5.1653ms)
  ✔ T11:non-retry (4.6212ms)
✔ [T06/T08/T11] retry declarations and attempt identity use dedicated diagnostics (28.575ms)
▶ attempt identity and retry lineage failures are distinguishable
  ✔ retry link is required (5.3653ms)
  ✔ retry must start queued (4.4696ms)
  ✔ retry lineage must use an eligible predecessor (5.272ms)
  ✔ attempt declaration is immutable (5.2145ms)
  ✔ non-state attempt reference must already exist (6.6652ms)
✔ attempt identity and retry lineage failures are distinguishable (28.2857ms)
✔ outcome and evidence records may reference a terminal attempt (6.4069ms)
✔ [T15] a failed handoff remains explicit in state and evidence summaries (6.0063ms)
▶ strict JSONL framing rejects BOMs, blanks, lone CR, truncation, duplicate keys, and invalid UTF-8
  ✔ BOM (4.5695ms)
  ✔ blank record (4.3247ms)
  ✔ lone CR (4.9674ms)
  ✔ internal CR before CRLF (9.43ms)
  ✔ truncated (4.4181ms)
  ✔ duplicate key (4.8841ms)
  ✔ invalid UTF-8 (3.6784ms)
✔ strict JSONL framing rejects BOMs, blanks, lone CR, truncation, duplicate keys, and invalid UTF-8 (37.8656ms)
▶ RunEvent dispatch and exact payload ownership fail closed
  ✔ missing event version (4.6268ms)
  ✔ non-string event version (4.3321ms)
  ✔ unsupported event version (6.0266ms)
  ✔ wrong artifact kind (9.3888ms)
  ✔ payload smuggling (12.1575ms)
  ✔ event metadata description (9.9414ms)
✔ RunEvent dispatch and exact payload ownership fail closed (47.7084ms)
✔ evidence references are grammar-checked but never dereferenced (10.39ms)
▶ [T13] command and test evidence identifiers enforce the 128-character boundary
  ✔ command-at-limit (4.3315ms)
  ✔ command-over-limit (7.509ms)
  ✔ test-at-limit (4.2979ms)
  ✔ test-over-limit (5.841ms)
✔ [T13] command and test evidence identifiers enforce the 128-character boundary (22.9279ms)
✔ [L02] bounded reads allocate from the verified descriptor size (0.5976ms)
✔ trace paths reject unsafe forms, links, non-files, and detectable mutation (15.4897ms)
✔ line, trace, event-count, and depth ceilings emit dedicated diagnostics (435.0421ms)
✔ evidence summaries cap deterministically and report exact omissions (182.2182ms)
✔ the normative secret detector has positive and near-miss coverage (0.3283ms)
✔ [PR03] every rendered summary string slot suppresses secrets with one warning (6.2431ms)
✔ secret-bearing trace names are suppressed on invalid-input diagnostics too (3.7899ms)
✔ trace inspection remains offline, process-free, and adapter-free (7.0706ms)
✔ the V10 executor dogfood trace is bounded, inspectable, and repeatable (368.695ms)
✔ the V10 dogfood harness removes its owned workspace after an injected failure (13.5776ms)
✔ dogfood context reads accept regular files inside the repository root (14.6881ms)
✔ dogfood context verification rejects bytes changed by an LF clean filter (1.0043ms)
✔ dogfood context verification accepts a deterministic CRLF checkout round trip (0.4679ms)
✔ dogfood context verification rejects LF bytes under an explicit CRLF checkout (0.3605ms)
✔ dogfood context verification rejects an active custom Git filter (0.4049ms)
✔ dogfood context verification rejects an active working-tree encoding (0.3377ms)
✔ dogfood context verification rejects a source without an explicit eol policy (0.5399ms)
✔ dogfood context verification rejects an active filter before hashing bytes (0.3213ms)
✔ dogfood context verification rejects ident expansion before hashing bytes (0.3783ms)
✔ dogfood context verification rejects the legacy crlf attribute before hashing bytes (0.4674ms)
✔ dogfood context verification rejects a bare CR under an explicit LF checkout (0.3676ms)
✔ dogfood context verification rejects ambiguous filter names before hashing bytes (0.424ms)
✔ Git attribute parsing accepts variable unique records and rejects malformed output (1.8246ms)
✔ dogfood context reads reject an in-root junction targeting an external directory (7.3052ms)
✔ dogfood goal and approval controls reject duplicate JSON keys (10.46ms)
✔ dogfood approval controls reject a parent junction instead of following it (7.9587ms)
✔ dogfood evidence writes reject package-parent redirection before mutation (7.4081ms)
✔ dogfood context verification rejects unsupported source kinds (1.2548ms)
✔ prelaunch audit authenticates the complete candidate without self-reference (2.0228ms)
✔ prelaunch audit forces an independent binder and compilation reviewer (217.4481ms)
✔ launch authorization binds both packages, the verification receipt, and the exact PASS handoff (40.8387ms)
✔ launch authorization rejects malformed, non-PASS, stale, and incomplete audit handoffs (1425.981ms)
✔ launch authorization accepts paired supplementary Unicode in free-text handoff fields (19.6487ms)
▶ launch authorization rejects secret-bearing and non-scalar handoff paths
  ✔ lone high surrogate (11.3513ms)
  ✔ lone low surrogate (17.2254ms)
  ✔ secret (34.6103ms)
✔ launch authorization rejects secret-bearing and non-scalar handoff paths (64.1009ms)
✔ launch authorization rejects unbound or semantically invalid verification receipts (278.1806ms)
✔ launch authorization rejects stale package bindings and unowned handoff paths (13.9736ms)
✔ candidate materialization excludes and detects uncommitted verification inputs (106312.9237ms)
✔ candidate Git context is disposable, exact, and usable from the materialization (91776.9376ms)
✔ canonical command is pinned to the authenticated materialization (0.9327ms)
✔ R2 closes the stronger receipt and all six causal security sources (0.4818ms)
✔ paths mode remains closed and rejects malformed candidate identities (379.5053ms)
✔ candidate-addressed run roots are closed, disjoint, and preserve Candidate 3 evidence (73158.2535ms)
✔ correction lineage requires revisions 1 through 10 and has no terminal count (2.3233ms)
✔ working-tree-only inputs and unsafe handoff paths fail closed (0.8651ms)
✔ post-commit gate evidence is captured outside the candidate without self-reference (0.8269ms)
✔ reviewer snapshots and tooling identity use exact candidate Git blobs (2.4052ms)
✔ revision 9 package and handoff verification rejects substituted bytes (278.4498ms)
ℹ tests 399
ℹ suites 0
ℹ pass 399
ℹ fail 0
ℹ cancelled 0
ℹ skipped 0
ℹ todo 0
ℹ duration_ms 200852.8351

> swecircuit@0.0.0 example:specialist
> node examples/specialist-compiler/run.mjs

SWECircuit specialist compiler
Context: 2/2 repository sources verified
Search: exact | 2 candidate teams evaluated
Baseline: 1 agent | makespan 9
Selected: 2 specialists | makespan 6
Decision: lower projectedMakespan (6 < 9)
Package: 5 files | approval-bound verification PASS
Runtime: not invoked; 0 agents executed

> swecircuit@0.0.0 dogfood:v10
> npm run build --silent && node scripts/run-v10-dogfood.mjs --check-evidence

{"assertions":{"cleanupConfirmed":true,"correctedGrantInvokedOnce":true,"journalInspectable":true,"rejectedGrantInvokedZeroTimes":true},"evidence":{"architectureReview":"docs/specs/v10-executor-adapter/architecture-review.md","featurePackage":"docs/specs/v10-executor-adapter"},"execution":{"disposition":"completed","eventCount":7,"grantId":"grant.v10-dogfood","terminalCode":"success","workflow":{"stage":"review","outcome":"pass"}},"preflightControl":{"correction":"Added the reviewed feature-package read scope to the invocation grant.","diagnosticCodes":["SC4206"],"executorCallsAfterFailure":0},"reportVersion":"1.0.0","result":"pass","runId":"v10-t006-executor-dogfood","runtimeBoundary":{"durableTraceWriterUsed":false,"mergeAuthorityUsed":false,"providerCalls":0,"schedulerUsed":false,"testExecutor":"deterministic-in-process"},"trace":{"digest":"sha256:396d48e69e3b78c5ab3f4725ff7ba7cbcfbbff337095a36643130f972d2ec896","eventCount":7,"finalAttemptState":"completed","path":"docs/specs/v10-executor-adapter/evidence/v10-t006-execution-trace.jsonl","runCompleted":true}}

> swecircuit@0.0.0 dogfood:v11
> npm run build --silent && node scripts/run-v11-dogfood.mjs --check-evidence

